07-21 21:35:34.095 I/chatty  ( 1687): uid=1000(system) Binder:1687_11 expire 18 lines
07-21 21:35:34.136 I/chatty  ( 1687): uid=1000(system) Binder:1687_F expire 15 lines
07-21 21:35:34.169 I/chatty  ( 1687): uid=1000(system) HwActivityTaskM expire 12 lines
07-21 21:35:39.142 D/RtgSched( 2814): resetRtgSchedHandle failed enable:0
07-21 21:36:41.171 I/chatty  ( 1687): uid=1000(system) Binder:1687_9 expire 17 lines
07-21 21:36:41.190 I/chatty  ( 1687): uid=1000(system) Binder:1687_1B expire 16 lines
07-21 21:37:34.753 I/chatty  ( 1687): uid=1000(system) Binder:1687_1A expire 15 lines
07-21 21:41:00.284 I/storaged(  908): storaged_t::event: storage_info refreshed.
07-21 21:41:03.203 I/chatty  ( 1687): uid=1000(system) Binder:1687_1A expire 12 lines
07-21 21:41:03.210 I/chatty  ( 1687): uid=1000(system) Binder:1687_17 expire 23 lines
07-21 21:41:03.444 I/chatty  ( 1687): uid=1000 system_server expire 13 lines
07-21 21:41:11.555 I/chatty  ( 1687): uid=1000(system) Binder:1687_9 expire 15 lines
07-21 21:41:12.635 I/chatty  ( 1687): uid=1000(system) Binder:1687_1B expire 18 lines
07-21 21:41:14.439 I/chatty  ( 1687): uid=1000(system) monitor thread expire 13 lines
07-21 21:41:15.285 I/chatty  ( 1687): uid=1000(system) PowerManagerSer expire 26 lines
07-21 21:41:22.165 W/FingerprintManager( 2814): Invalid acquired message: 6, 1002
07-21 21:41:22.165 W/FingerprintManager( 2814): Invalid acquired message: 6, 1102
07-21 21:41:22.174 I/chatty  ( 1687): uid=1000 system_server expire 36 lines
07-21 21:41:22.177 I/chatty  ( 1687): uid=1000(system) android.ui expire 33 lines
07-21 21:41:22.178 W/KeyguardViewMediator( 2814): notifyDrawn as: ScreenTurningOn 
07-21 21:41:22.178 I/chatty  ( 1687): uid=1000(system) Binder:1687_1A expire 44 lines
07-21 21:41:22.183 I/chatty  ( 1687): uid=1000(system) android.anim expire 16 lines
07-21 21:41:22.209 I/chatty  ( 1687): uid=1000(system) Binder:1687_17 expire 30 lines
07-21 21:41:22.254 I/chatty  ( 3111): uid=1000(system) OllieServiceThr expire 12 lines
07-21 21:41:22.288 I/chatty  ( 1687): uid=1000(system) ActivityManager expire 22 lines
07-21 21:41:22.384 I/chatty  ( 1687): uid=1000(system) AlarmManager expire 15 lines
07-21 21:41:22.414 I/chatty  ( 1687): uid=1000(system) Binder:1687_11 expire 11 lines
07-21 21:41:22.439 D/FingerprintManager( 2814): binder call and send onAuthenticationSucceeded msg
07-21 21:41:22.439 V/FingerprintManager( 2814): callback sendAuthenticatedSucceeded
07-21 21:41:22.447 I/chatty  ( 1687): uid=1000(system) android.fg expire 49 lines
07-21 21:41:22.465 W/KeyguardViewMediator( 2814): kgsvc callback -> .keyguardGoingAway 6 true true
07-21 21:41:22.466 I/chatty  ( 1687): uid=1000(system) Binder:1687_F expire 15 lines
07-21 21:41:22.466 D/vold    (  510): begin lockScreenPrepare
07-21 21:41:22.466 D/vold    (  510): fscrypt_lock_screen_prepare flag is: 3 user_id:0
07-21 21:41:22.470 I/chatty  ( 1687): uid=1000(system) Binder:1687_1E expire 35 lines
07-21 21:41:22.471 D/vold    (  510): begin unlockUserScreenIsec
07-21 21:41:22.471 D/vold    (  510): begin unlock_user_screen_isec auth_type: 2 uid: 0 token_present=0
07-21 21:41:22.471 D/vold    (  510): flag is 3begin to unlock from HCCM
07-21 21:41:22.471 D/vold    (  510): begin read_and_install_ece_sece_key0
07-21 21:41:22.471 D/vold    (  510): begin read_key_from_vold 0
07-21 21:41:22.471 D/vold    (  510): begin installKeyIsec
07-21 21:41:22.471 D/vold    (  510): Added key 680011558 (ext4:d2b0dfec5e25845a) to keyring 736571457 in process 510
07-21 21:41:22.471 D/vold    (  510): Added key 570030619 (f2fs:d2b0dfec5e25845a) to keyring 736571457 in process 510
07-21 21:41:22.471 D/vold    (  510): Added key 208959901 (fscrypt:d2b0dfec5e25845a) to keyring 736571457 in process 510
07-21 21:41:22.471 D/vold    (  510): begin installKeyIsec
07-21 21:41:22.471 D/vold    (  510): Added key 122640564 (ext4:a9ee13cb9a193f67) to keyring 736571457 in process 510
07-21 21:41:22.471 D/vold    (  510): Added key 801464751 (f2fs:a9ee13cb9a193f67) to keyring 736571457 in process 510
07-21 21:41:22.471 D/vold    (  510): Added key 544473362 (fscrypt:a9ee13cb9a193f67) to keyring 736571457 in process 510
07-21 21:41:22.471 D/vold    (  510): Created keys for user 0
07-21 21:41:22.471 D/vold    (  510): unlock user screen success,begin to reset flag
07-21 21:41:22.477 I/chatty  ( 1687): uid=1000(system) Binder:1687_10 expire 34 lines
07-21 21:41:22.478 D/FaceRecognizeService( 3415): resetTimeout begin!
07-21 21:41:22.480 E/FaceRecognizeService( 3415): handleMessage EVT = 1002
07-21 21:41:22.480 D/AntiBruteForceProcessor( 3415): Reset facerecognize lockout, isClearAttemptCounter=true
07-21 21:41:22.480 D/AntiBruteForceProcessor( 3415): resetTotalFailedTimes current total times = 0
07-21 21:41:22.491 W/KeyguardViewMediator( 2814): notifyDrawn as: keyguard exit
07-21 21:41:22.492 W/KeyguardViewMediator( 2814): callback -> onShowingStateChanged.
07-21 21:41:22.533 D/ActivityThread( 8183): Won't deliver top position change in state=2
07-21 21:41:22.550 I/chatty  ( 1687): uid=1000(system) Binder:1687_14 expire 12 lines
07-21 21:41:22.550 I/chatty  ( 1687): uid=1000(system) sManagerService expire 10 lines
07-21 21:41:22.553 I/chatty  ( 1687): uid=1000(system) Binder:1687_18 expire 14 lines
07-21 21:41:22.561 I/chatty  ( 1687): uid=1000(system) Binder:1687_4 expire 14 lines
07-21 21:41:22.561 I/chatty  ( 1687): uid=1000(system) Binder:1687_9 expire 33 lines
07-21 21:41:22.582 D/RtgSched( 2814): resetRtgSchedHandle failed enable:0
07-21 21:41:22.588 W/KeyguardViewMediator( 2814): KgSvc reportKeyguardShowingChanged. cost = 96
07-21 21:41:22.626 E/BoosterUtil( 3111): convertSubIdToSlotId failed, subId:0, slotId:-1
07-21 21:41:22.626 E/BoosterUtil( 3111): getDefaultDataSlotId failed, invalid slotId:-1, subId:0
07-21 21:41:22.626 I/BoosterSwitchP( 3111): handleStateChanged reason=15
07-21 21:41:22.627 E/BoosterUtil( 3111): convertSubIdToSlotId failed, subId:0, slotId:-1
07-21 21:41:22.627 E/BoosterUtil( 3111): getDefaultDataSlotId failed, invalid slotId:-1, subId:0
07-21 21:41:22.628 E/BoosterUtil( 3111): convertSubIdToSlotId failed, subId:0, slotId:-1
07-21 21:41:22.628 E/BoosterUtil( 3111): getDefaultDataSlotId failed, invalid slotId:-1, subId:0
07-21 21:41:22.628 I/DeepNoDisturbP( 3111): handleStateChanged reason=15
07-21 21:41:22.631 E/BoosterUtil( 3111): convertSubIdToSlotId failed, subId:0, slotId:-1
07-21 21:41:22.631 E/BoosterUtil( 3111): getDefaultDataSlotId failed, invalid slotId:-1, subId:0
07-21 21:41:22.631 I/chatty  ( 1687): uid=1000(system) Binder:1687_C expire 15 lines
07-21 21:41:22.634 E/BoosterUtil( 3111): convertSubIdToSlotId failed, subId:0, slotId:-1
07-21 21:41:22.634 E/BoosterUtil( 3111): getDefaultDataSlotId failed, invalid slotId:-1, subId:0
07-21 21:41:22.634 I/HidataAppQoeP( 3111): handleStateChanged reason=15
07-21 21:41:22.636 E/BoosterUtil( 3111): convertSubIdToSlotId failed, subId:0, slotId:-1
07-21 21:41:22.636 E/BoosterUtil( 3111): getDefaultDataSlotId failed, invalid slotId:-1, subId:0
07-21 21:41:22.637 I/PreDnsQuery( 3111): handleStateChanged reason=15
07-21 21:41:22.638 E/BoosterUtil( 3111): convertSubIdToSlotId failed, subId:0, slotId:-1
07-21 21:41:22.638 E/BoosterUtil( 3111): getDefaultDataSlotId failed, invalid slotId:-1, subId:0
07-21 21:41:22.639 I/PreDnsQuery( 3111): No need to handled!
07-21 21:41:22.639 I/BrowserChrP( 3111): handleStateChanged
07-21 21:41:22.687 D/vold    (  510): idle maintenance stopped
07-21 21:41:22.794 W/ContextImpl( 8656): Calling a method in the system process without a qualified user: android.app.ContextImpl.bindService:1753 android.content.ContextWrapper.bindService:705 com.huawei.profile.client.connect.RemoteServiceConnection.open:119 com.huawei.profile.client.profile.ProfileClient.connect:177 com.huawei.dis.nearfield.k.c:222 
07-21 21:41:22.794 I/BoosterGameP( 3111): handleStateChanged reason=2
07-21 21:41:22.796 E/BoosterUtil( 3111): convertSubIdToSlotId failed, subId:0, slotId:-1
07-21 21:41:22.796 E/BoosterUtil( 3111): getDefaultDataSlotId failed, invalid slotId:-1, subId:0
07-21 21:41:22.798 E/BoosterUtil( 3111): convertSubIdToSlotId failed, subId:0, slotId:-1
07-21 21:41:22.798 E/BoosterUtil( 3111): getDefaultDataSlotId failed, invalid slotId:-1, subId:0
07-21 21:41:22.798 E/BoosterGameP( 3111): inValidCQI:-1
07-21 21:41:22.798 I/BoosterVideoP( 3111): handleStateChanged reason=2
07-21 21:41:22.800 E/BoosterUtil( 3111): convertSubIdToSlotId failed, subId:0, slotId:-1
07-21 21:41:22.800 E/BoosterUtil( 3111): getDefaultDataSlotId failed, invalid slotId:-1, subId:0
07-21 21:41:22.801 E/BoosterUtil( 3111): convertSubIdToSlotId failed, subId:0, slotId:-1
07-21 21:41:22.801 E/BoosterUtil( 3111): getDefaultDataSlotId failed, invalid slotId:-1, subId:0
07-21 21:41:22.801 E/BoosterPlugin( 3111): getPSNetworkType failed, invalid slotId=-1
07-21 21:41:22.804 E/BoosterUtil( 3111): convertSubIdToSlotId failed, subId:0, slotId:-1
07-21 21:41:22.804 E/BoosterUtil( 3111): getDefaultDataSlotId failed, invalid slotId:-1, subId:0
07-21 21:41:22.804 E/BoosterPlugin( 3111): getPSNetworkType failed, invalid slotId=-1
07-21 21:41:22.805 E/BoosterUtil( 3111): convertSubIdToSlotId failed, subId:0, slotId:-1
07-21 21:41:22.805 E/BoosterUtil( 3111): getDefaultDataSlotId failed, invalid slotId:-1, subId:0
07-21 21:41:22.805 E/BoosterPlugin( 3111): getPSNetworkType failed, invalid slotId=-1
07-21 21:41:22.805 I/BoosterSwitchP( 3111): handleStateChanged reason=2
07-21 21:41:22.806 E/BoosterUtil( 3111): convertSubIdToSlotId failed, subId:0, slotId:-1
07-21 21:41:22.806 E/BoosterUtil( 3111): getDefaultDataSlotId failed, invalid slotId:-1, subId:0
07-21 21:41:22.807 E/BoosterUtil( 3111): convertSubIdToSlotId failed, subId:0, slotId:-1
07-21 21:41:22.807 E/BoosterUtil( 3111): getDefaultDataSlotId failed, invalid slotId:-1, subId:0
07-21 21:41:22.811 E/BoosterUtil( 3111): convertSubIdToSlotId failed, subId:0, slotId:-1
07-21 21:41:22.811 E/BoosterUtil( 3111): getDefaultDataSlotId failed, invalid slotId:-1, subId:0
07-21 21:41:22.811 E/BoosterPlugin( 3111): getPSNetworkType failed, invalid slotId=-1
07-21 21:41:22.811 I/DeepNoDisturbP( 3111): handleStateChanged reason=2
07-21 21:41:22.811 E/BoosterUtil( 3111): convertSubIdToSlotId failed, subId:0, slotId:-1
07-21 21:41:22.811 E/BoosterUtil( 3111): getDefaultDataSlotId failed, invalid slotId:-1, subId:0
07-21 21:41:22.811 I/DeepNoDisturbSM( 3111): setScreenState isScreenOn=true
07-21 21:41:22.811 I/DeepNoDisturbSM( 3111): IdleState processMessage msg.what=EVENT_SCREEN_ON
07-21 21:41:22.813 E/BoosterUtil( 3111): convertSubIdToSlotId failed, subId:0, slotId:-1
07-21 21:41:22.813 E/BoosterUtil( 3111): getDefaultDataSlotId failed, invalid slotId:-1, subId:0
07-21 21:41:22.813 I/DeepNoDisturbSM( 3111): isWifiConnected = true
07-21 21:41:22.814 E/BoosterUtil( 3111): convertSubIdToSlotId failed, subId:0, slotId:-1
07-21 21:41:22.814 E/BoosterUtil( 3111): getDefaultDataSlotId failed, invalid slotId:-1, subId:0
07-21 21:41:22.814 I/HidataAppQoeP( 3111): handleStateChanged reason=2
07-21 21:41:22.814 I/DeepNoDisturbSM( 3111): GAMEASSIST_NODISTURB_PROP=1,isGameDndSwitchOn return true
07-21 21:41:22.817 E/DeepNoDisturbSM( 3111): isNetworkTypeSuitDeepNoDisturbMode, invalid subId:-1
07-21 21:41:22.817 I/DeepNoDisturbSM( 3111): isCorrectState=true mIsCallOn=false mGameStatus=0 defaultDataSubId=0 default4GSlotId=0 mIsDefaultDataOn=false mIsScreenOn=true deepNoDisturbModeProp=true isDeepNoDisturbSwitchOn=false isGameDndSwitchOn=true isNetworkTypeSuitDeepNoDisturbMode=false isAirplaneModeOn()=false
07-21 21:41:22.817 I/DeepNoDisturbSM( 3111): isNeedEnterDeepNoDisturbMode false
07-21 21:41:22.817 E/BoosterUtil( 3111): convertSubIdToSlotId failed, subId:0, slotId:-1
07-21 21:41:22.817 E/BoosterUtil( 3111): getDefaultDataSlotId failed, invalid slotId:-1, subId:0
07-21 21:41:22.818 E/BoosterUtil( 3111): convertSubIdToSlotId failed, subId:0, slotId:-1
07-21 21:41:22.818 E/BoosterUtil( 3111): getDefaultDataSlotId failed, invalid slotId:-1, subId:0
07-21 21:41:22.818 I/PreDnsQuery( 3111): handleStateChanged reason=2
07-21 21:41:22.818 E/BoosterUtil( 3111): convertSubIdToSlotId failed, subId:0, slotId:-1
07-21 21:41:22.818 E/BoosterUtil( 3111): getDefaultDataSlotId failed, invalid slotId:-1, subId:0
07-21 21:41:22.818 I/PreDnsQuery( 3111): No need to handled!
07-21 21:41:22.818 I/BrowserChrP( 3111): handleStateChanged
07-21 21:41:22.863 I/KernelQoeChr( 3111): KernelQoeChrhandleMessage : msg = 2130903090
07-21 21:41:22.863 I/KernelQoeChr( 3111): updateScreenState mIsScreenOn:true
07-21 21:41:22.872 I/SmartDualCardConfig( 3111): getAppType,pkgName=com.huawei.android.launcher,appType=28
07-21 21:41:22.872 E/SmartDualCardConfig( 3111): isAppInBlackList false,items==null
07-21 21:41:22.872 I/SmartDualCardConfig( 3111): isAppInWhiteList false,uid=10069
07-21 21:41:27.601 I/chatty  ( 1687): uid=1000(system) GestureNavManag expire 10 lines
07-21 21:41:41.892 I/chatty  ( 1687): uid=1000(system) Binder:1687_5 expire 14 lines
07-21 21:42:07.860 I/storaged(  908): storaged_t::event: storage_info refreshed.
07-21 21:42:10.755 I/chatty  ( 1687): uid=1000(system) Binder:1687_10 expire 23 lines
07-21 21:42:23.488 I/chatty  ( 1687): uid=1000(system) Binder:1687_1C expire 20 lines
07-21 21:42:29.717 I/chatty  ( 1687): uid=1000(system) PowerManagerSer expire 41 lines
07-21 21:42:35.752 I/chatty  ( 1687): uid=1000(system) Binder:1687_B expire 10 lines
07-21 21:42:35.767 D/vold    (  510): begin lockScreenPrepare
07-21 21:42:35.767 D/vold    (  510): fscrypt_lock_screen_prepare flag is: 1 user_id:0
07-21 21:42:35.775 I/chatty  ( 1687): uid=1000(system) biometricServci expire 15 lines
07-21 21:42:35.795 W/FingerprintManager( 2814): Invalid acquired message: 6, 1001
07-21 21:42:35.810 I/chatty  ( 1687): uid=1000(system) MobileQosDetect expire 14 lines
07-21 21:42:35.869 I/chatty  ( 1687): uid=1000(system) Binder:1687_1C expire 26 lines
07-21 21:42:35.981 I/chatty  ( 1687): uid=1000(system) android.ui expire 30 lines
07-21 21:42:35.984 I/chatty  ( 1687): uid=1000(system) Binder:1687_F expire 23 lines
07-21 21:42:35.991 I/chatty  ( 1687): uid=1000(system) Binder:1687_5 expire 11 lines
07-21 21:42:35.999 I/chatty  ( 1687): uid=1000(system) PhotonicModulat expire 4 lines
07-21 21:42:36.015 I/SmartDualCardConfig( 3111): getAppType,pkgName=com.huawei.android.launcher,appType=28
07-21 21:42:36.015 E/SmartDualCardConfig( 3111): isAppInBlackList false,items==null
07-21 21:42:36.015 I/SmartDualCardConfig( 3111): isAppInWhiteList false,uid=10069
07-21 21:42:36.036 I/chatty  ( 1687): uid=1000(system) android.anim expire 17 lines
07-21 21:42:36.049 I/chatty  ( 1687): uid=1000(system) Binder:1687_19 expire 11 lines
07-21 21:42:36.245 D/vold    (  510): begin lockScreenPrepare
07-21 21:42:36.246 D/vold    (  510): fscrypt_lock_screen_prepare flag is: 1 user_id:0
07-21 21:42:36.261 W/KeyguardViewMediator( 2814): callback -> onShowingStateChanged.
07-21 21:42:36.270 W/KeyguardViewMediator( 2814): KgSvc reportKeyguardShowingChanged. cost = 8
07-21 21:42:36.289 I/chatty  ( 1687): uid=1000 system_server expire 7 lines
07-21 21:42:36.289 D/vold    (  510): begin getKeyDesc
07-21 21:42:36.289 D/vold    (  510): begin getKeyDesc
07-21 21:42:36.290 D/vold    (  510): begin getPrepareFlag
07-21 21:42:36.290 D/vold    (  510): e4crypt_get_lock_screen_prepare_flag flag is: 1 user_id:0
07-21 21:42:36.290 D/vold    (  510): begin getPrepareFlag
07-21 21:42:36.290 D/vold    (  510): e4crypt_get_lock_screen_prepare_flag flag is: 1 user_id:0
07-21 21:42:36.291 D/vold    (  510): begin lockUserScreenIsec
07-21 21:42:36.291 D/vold    (  510): begin e4crypt_lock_user_screen_isec 0
07-21 21:42:36.291 D/vold    (  510): e4crypt_lock_user_screen 0
07-21 21:42:36.291 D/vold    (  510): evict_ece_key_from_keyring 0
07-21 21:42:36.291 D/vold    (  510): revoke key with serial 680011558 ref ext4:d2b0dfec5e25845a
07-21 21:42:36.291 D/vold    (  510): revoke key with serial 570030619 ref f2fs:d2b0dfec5e25845a
07-21 21:42:36.291 D/vold    (  510): revoke key with serial 208959901 ref fscrypt:d2b0dfec5e25845a
07-21 21:42:36.291 D/vold    (  510): evict_sece_pri_key_from_keyring 0
07-21 21:42:36.291 D/vold    (  510): begin installKeyIsec
07-21 21:42:36.291 D/vold    (  510): Added key 122640564 (ext4:a9ee13cb9a193f67) to keyring 736571457 in process 510
07-21 21:42:36.291 D/vold    (  510): Added key 801464751 (f2fs:a9ee13cb9a193f67) to keyring 736571457 in process 510
07-21 21:42:36.291 D/vold    (  510): Added key 544473362 (fscrypt:a9ee13cb9a193f67) to keyring 736571457 in process 510
07-21 21:42:36.291 D/vold    (  510): lock_user_screen_isec result:1
07-21 21:42:36.294 I/chatty  ( 1687): uid=1000 system_server expire 28 lines
07-21 21:42:36.349 D/AntiBruteForceProcessor( 3415): RemainingAuthenticateNum = 5
07-21 21:42:36.353 I/BoosterGameP( 3111): handleStateChanged reason=2
07-21 21:42:36.355 E/BoosterUtil( 3111): convertSubIdToSlotId failed, subId:0, slotId:-1
07-21 21:42:36.355 E/BoosterUtil( 3111): getDefaultDataSlotId failed, invalid slotId:-1, subId:0
07-21 21:42:36.356 E/BoosterUtil( 3111): convertSubIdToSlotId failed, subId:0, slotId:-1
07-21 21:42:36.356 E/BoosterUtil( 3111): getDefaultDataSlotId failed, invalid slotId:-1, subId:0
07-21 21:42:36.356 E/BoosterGameP( 3111): inValidCQI:-1
07-21 21:42:36.356 I/BoosterVideoP( 3111): handleStateChanged reason=2
07-21 21:42:36.357 E/BoosterUtil( 3111): convertSubIdToSlotId failed, subId:0, slotId:-1
07-21 21:42:36.357 E/BoosterUtil( 3111): getDefaultDataSlotId failed, invalid slotId:-1, subId:0
07-21 21:42:36.357 E/BoosterUtil( 3111): convertSubIdToSlotId failed, subId:0, slotId:-1
07-21 21:42:36.357 E/BoosterUtil( 3111): getDefaultDataSlotId failed, invalid slotId:-1, subId:0
07-21 21:42:36.358 E/BoosterUtil( 3111): convertSubIdToSlotId failed, subId:0, slotId:-1
07-21 21:42:36.358 E/BoosterUtil( 3111): getDefaultDataSlotId failed, invalid slotId:-1, subId:0
07-21 21:42:36.359 E/BoosterUtil( 3111): convertSubIdToSlotId failed, subId:0, slotId:-1
07-21 21:42:36.359 E/BoosterUtil( 3111): getDefaultDataSlotId failed, invalid slotId:-1, subId:0
07-21 21:42:36.359 I/BoosterSwitchP( 3111): handleStateChanged reason=2
07-21 21:42:36.360 E/BoosterUtil( 3111): convertSubIdToSlotId failed, subId:0, slotId:-1
07-21 21:42:36.360 D/RtgSched( 8183): resetRtgSchedHandle failed enable:0
07-21 21:42:36.360 E/BoosterUtil( 3111): getDefaultDataSlotId failed, invalid slotId:-1, subId:0
07-21 21:42:36.361 E/BoosterUtil( 3111): convertSubIdToSlotId failed, subId:0, slotId:-1
07-21 21:42:36.361 E/BoosterUtil( 3111): getDefaultDataSlotId failed, invalid slotId:-1, subId:0
07-21 21:42:36.362 E/BoosterUtil( 3111): convertSubIdToSlotId failed, subId:0, slotId:-1
07-21 21:42:36.362 E/BoosterUtil( 3111): getDefaultDataSlotId failed, invalid slotId:-1, subId:0
07-21 21:42:36.362 I/DeepNoDisturbP( 3111): handleStateChanged reason=2
07-21 21:42:36.363 E/BoosterUtil( 3111): convertSubIdToSlotId failed, subId:0, slotId:-1
07-21 21:42:36.363 E/BoosterUtil( 3111): getDefaultDataSlotId failed, invalid slotId:-1, subId:0
07-21 21:42:36.363 I/DeepNoDisturbSM( 3111): setScreenState isScreenOn=false
07-21 21:42:36.363 I/DeepNoDisturbSM( 3111): IdleState processMessage msg.what=EVENT_SCREEN_OFF
07-21 21:42:36.363 I/DeepNoDisturbSM( 3111): IdleState: default msg.what=11
07-21 21:42:36.364 E/BoosterUtil( 3111): convertSubIdToSlotId failed, subId:0, slotId:-1
07-21 21:42:36.364 E/BoosterUtil( 3111): getDefaultDataSlotId failed, invalid slotId:-1, subId:0
07-21 21:42:36.364 I/HidataAppQoeP( 3111): handleStateChanged reason=2
07-21 21:42:36.364 E/BoosterUtil( 3111): convertSubIdToSlotId failed, subId:0, slotId:-1
07-21 21:42:36.364 E/BoosterUtil( 3111): getDefaultDataSlotId failed, invalid slotId:-1, subId:0
07-21 21:42:36.365 E/BoosterUtil( 3111): convertSubIdToSlotId failed, subId:0, slotId:-1
07-21 21:42:36.365 E/BoosterUtil( 3111): getDefaultDataSlotId failed, invalid slotId:-1, subId:0
07-21 21:42:36.365 I/PreDnsQuery( 3111): handleStateChanged reason=2
07-21 21:42:36.366 E/BoosterUtil( 3111): convertSubIdToSlotId failed, subId:0, slotId:-1
07-21 21:42:36.367 E/BoosterUtil( 3111): getDefaultDataSlotId failed, invalid slotId:-1, subId:0
07-21 21:42:36.367 I/PreDnsQuery( 3111): No need to handled!
07-21 21:42:36.367 I/BrowserChrP( 3111): handleStateChanged
07-21 21:42:36.387 I/chatty  ( 1687): uid=1000(system) ActivityManager expire 10 lines
07-21 21:42:36.567 I/KernelQoeChr( 3111): KernelQoeChrhandleMessage : msg = 2130903100
07-21 21:42:36.567 I/KernelQoeChr( 3111): updateScreenState mIsScreenOn:false
07-21 21:42:36.790 I/chatty  ( 1687): uid=1000(system) Binder:1687_10 expire 14 lines
07-21 21:42:38.067 I/chatty  ( 1687): uid=1000(system) monitor thread expire 11 lines
07-21 21:42:45.476 W/FingerprintManager( 2814): Invalid acquired message: 6, 1002
07-21 21:42:45.476 W/FingerprintManager( 2814): Invalid acquired message: 6, 1102
07-21 21:42:45.479 I/chatty  ( 1687): uid=1000(system) HwBinder:1687_5 expire 12 lines
07-21 21:42:45.480 I/chatty  ( 1687): uid=1000(system) PowerManagerSer expire 18 lines
07-21 21:42:45.483 I/chatty  ( 1687): uid=1000(system) DisplayEngine_D expire 4 lines
07-21 21:42:45.488 W/KeyguardViewMediator( 2814): notifyDrawn as: ScreenTurningOn 
07-21 21:42:45.488 I/chatty  ( 1687): uid=1000(system) android.display expire 19 lines
07-21 21:42:45.529 I/chatty  ( 1687): uid=1000(system) Binder:1687_2 expire 21 lines
07-21 21:42:45.545 I/chatty  ( 1687): uid=1000(system) Binder:1687_D expire 10 lines
07-21 21:42:45.607 I/BoosterTelephonyCollector( 3111): handleDsdsStateChanged:dsds state= 0
07-21 21:42:45.607 I/PreDnsQuery( 3111): handleStateChanged reason=-1
07-21 21:42:45.608 E/BoosterUtil( 3111): convertSubIdToSlotId failed, subId:0, slotId:-1
07-21 21:42:45.608 E/BoosterUtil( 3111): getDefaultDataSlotId failed, invalid slotId:-1, subId:0
07-21 21:42:45.608 I/BrowserChrP( 3111): handleStateChanged
07-21 21:42:45.756 D/FingerprintManager( 2814): binder call and send onAuthenticationSucceeded msg
07-21 21:42:45.756 V/FingerprintManager( 2814): callback sendAuthenticatedSucceeded
07-21 21:42:45.759 I/chatty  ( 1687): uid=1000(system) android.fg expire 1 line
07-21 21:42:45.765 W/KeyguardViewMediator( 2814): kgsvc callback -> .keyguardGoingAway 6 true true
07-21 21:42:45.776 D/FaceRecognizeService( 3415): resetTimeout begin!
07-21 21:42:45.776 E/FaceRecognizeService( 3415): handleMessage EVT = 1002
07-21 21:42:45.776 D/AntiBruteForceProcessor( 3415): Reset facerecognize lockout, isClearAttemptCounter=true
07-21 21:42:45.776 D/AntiBruteForceProcessor( 3415): resetTotalFailedTimes current total times = 0
07-21 21:42:45.776 D/vold    (  510): begin lockScreenPrepare
07-21 21:42:45.776 D/vold    (  510): fscrypt_lock_screen_prepare flag is: 3 user_id:0
07-21 21:42:45.778 D/vold    (  510): begin unlockUserScreenIsec
07-21 21:42:45.778 D/vold    (  510): begin unlock_user_screen_isec auth_type: 2 uid: 0 token_present=0
07-21 21:42:45.778 D/vold    (  510): flag is 3begin to unlock from HCCM
07-21 21:42:45.778 D/vold    (  510): begin read_and_install_ece_sece_key0
07-21 21:42:45.778 D/vold    (  510): begin read_key_from_vold 0
07-21 21:42:45.778 D/vold    (  510): begin installKeyIsec
07-21 21:42:45.778 D/vold    (  510): Added key 403637652 (ext4:d2b0dfec5e25845a) to keyring 736571457 in process 510
07-21 21:42:45.778 D/vold    (  510): Added key 895640705 (f2fs:d2b0dfec5e25845a) to keyring 736571457 in process 510
07-21 21:42:45.778 D/vold    (  510): Added key 1107744 (fscrypt:d2b0dfec5e25845a) to keyring 736571457 in process 510
07-21 21:42:45.778 D/vold    (  510): begin installKeyIsec
07-21 21:42:45.778 D/vold    (  510): Added key 122640564 (ext4:a9ee13cb9a193f67) to keyring 736571457 in process 510
07-21 21:42:45.778 D/vold    (  510): Added key 801464751 (f2fs:a9ee13cb9a193f67) to keyring 736571457 in process 510
07-21 21:42:45.778 D/vold    (  510): Added key 544473362 (fscrypt:a9ee13cb9a193f67) to keyring 736571457 in process 510
07-21 21:42:45.778 D/vold    (  510): Created keys for user 0
07-21 21:42:45.778 D/vold    (  510): unlock user screen success,begin to reset flag
07-21 21:42:45.786 W/KeyguardViewMediator( 2814): notifyDrawn as: keyguard exit
07-21 21:42:45.787 W/KeyguardViewMediator( 2814): callback -> onShowingStateChanged.
07-21 21:42:45.795 D/ActivityThread( 8183): Won't deliver top position change in state=2
07-21 21:42:45.803 I/SmartDualCardConfig( 3111): getAppType,pkgName=com.huawei.android.launcher,appType=28
07-21 21:42:45.804 E/SmartDualCardConfig( 3111): isAppInBlackList false,items==null
07-21 21:42:45.804 I/SmartDualCardConfig( 3111): isAppInWhiteList false,uid=10069
07-21 21:42:45.815 I/chatty  ( 1687): uid=1000(system) Binder:1687_16 expire 14 lines
07-21 21:42:45.836 W/KeyguardViewMediator( 2814): KgSvc reportKeyguardShowingChanged. cost = 50
07-21 21:42:45.848 I/BoosterGameP( 3111): handleStateChanged reason=15
07-21 21:42:45.855 E/BoosterUtil( 3111): convertSubIdToSlotId failed, subId:0, slotId:-1
07-21 21:42:45.855 E/BoosterUtil( 3111): getDefaultDataSlotId failed, invalid slotId:-1, subId:0
07-21 21:42:45.855 I/BoosterVideoP( 3111): handleStateChanged reason=15
07-21 21:42:45.856 I/chatty  ( 1687): uid=1000(system) Binder:1687_9 expire 13 lines
07-21 21:42:45.858 E/BoosterUtil( 3111): convertSubIdToSlotId failed, subId:0, slotId:-1
07-21 21:42:45.858 E/BoosterUtil( 3111): getDefaultDataSlotId failed, invalid slotId:-1, subId:0
07-21 21:42:45.858 I/BoosterSwitchP( 3111): handleStateChanged reason=15
07-21 21:42:45.860 E/BoosterUtil( 3111): convertSubIdToSlotId failed, subId:0, slotId:-1
07-21 21:42:45.860 E/BoosterUtil( 3111): getDefaultDataSlotId failed, invalid slotId:-1, subId:0
07-21 21:42:45.870 E/BoosterUtil( 3111): convertSubIdToSlotId failed, subId:0, slotId:-1
07-21 21:42:45.870 E/BoosterUtil( 3111): getDefaultDataSlotId failed, invalid slotId:-1, subId:0
07-21 21:42:45.870 I/DeepNoDisturbP( 3111): handleStateChanged reason=15
07-21 21:42:45.872 E/BoosterUtil( 3111): convertSubIdToSlotId failed, subId:0, slotId:-1
07-21 21:42:45.872 E/BoosterUtil( 3111): getDefaultDataSlotId failed, invalid slotId:-1, subId:0
07-21 21:42:45.877 E/BoosterUtil( 3111): convertSubIdToSlotId failed, subId:0, slotId:-1
07-21 21:42:45.877 E/BoosterUtil( 3111): getDefaultDataSlotId failed, invalid slotId:-1, subId:0
07-21 21:42:45.877 I/HidataAppQoeP( 3111): handleStateChanged reason=15
07-21 21:42:45.878 D/RtgSched( 2814): resetRtgSchedHandle failed enable:0
07-21 21:42:45.879 E/BoosterUtil( 3111): convertSubIdToSlotId failed, subId:0, slotId:-1
07-21 21:42:45.879 E/BoosterUtil( 3111): getDefaultDataSlotId failed, invalid slotId:-1, subId:0
07-21 21:42:45.879 I/PreDnsQuery( 3111): handleStateChanged reason=15
07-21 21:42:45.880 E/BoosterUtil( 3111): convertSubIdToSlotId failed, subId:0, slotId:-1
07-21 21:42:45.880 E/BoosterUtil( 3111): getDefaultDataSlotId failed, invalid slotId:-1, subId:0
07-21 21:42:45.880 I/PreDnsQuery( 3111): No need to handled!
07-21 21:42:45.880 I/BrowserChrP( 3111): handleStateChanged
07-21 21:42:45.935 I/chatty  ( 1687): uid=1000(system) WifiP2pService expire 6 lines
07-21 21:42:45.993 D/vold    (  510): idle maintenance stopped
07-21 21:42:46.023 I/chatty  ( 1687): uid=1000(system) ConnectivityThr expire 10 lines
07-21 21:42:46.045 I/chatty  ( 1687): uid=1000(system) Binder:1687_F expire 10 lines
07-21 21:42:46.048 I/chatty  ( 1687): uid=1000(system) Binder:1687_B expire 13 lines
07-21 21:42:46.075 W/ContextImpl( 8656): Calling a method in the system process without a qualified user: android.app.ContextImpl.bindService:1753 android.content.ContextWrapper.bindService:705 com.huawei.profile.client.connect.RemoteServiceConnection.open:119 com.huawei.profile.client.profile.ProfileClient.connect:177 com.huawei.dis.nearfield.k.c:222 
07-21 21:42:46.084 I/BoosterGameP( 3111): handleStateChanged reason=2
07-21 21:42:46.085 E/BoosterUtil( 3111): convertSubIdToSlotId failed, subId:0, slotId:-1
07-21 21:42:46.085 E/BoosterUtil( 3111): getDefaultDataSlotId failed, invalid slotId:-1, subId:0
07-21 21:42:46.087 E/BoosterUtil( 3111): convertSubIdToSlotId failed, subId:0, slotId:-1
07-21 21:42:46.087 E/BoosterUtil( 3111): getDefaultDataSlotId failed, invalid slotId:-1, subId:0
07-21 21:42:46.087 E/BoosterGameP( 3111): inValidCQI:-1
07-21 21:42:46.087 I/BoosterVideoP( 3111): handleStateChanged reason=2
07-21 21:42:46.088 E/BoosterUtil( 3111): convertSubIdToSlotId failed, subId:0, slotId:-1
07-21 21:42:46.088 E/BoosterUtil( 3111): getDefaultDataSlotId failed, invalid slotId:-1, subId:0
07-21 21:42:46.088 E/BoosterUtil( 3111): convertSubIdToSlotId failed, subId:0, slotId:-1
07-21 21:42:46.088 E/BoosterUtil( 3111): getDefaultDataSlotId failed, invalid slotId:-1, subId:0
07-21 21:42:46.088 E/BoosterPlugin( 3111): getPSNetworkType failed, invalid slotId=-1
07-21 21:42:46.089 E/BoosterUtil( 3111): convertSubIdToSlotId failed, subId:0, slotId:-1
07-21 21:42:46.089 E/BoosterUtil( 3111): getDefaultDataSlotId failed, invalid slotId:-1, subId:0
07-21 21:42:46.089 E/BoosterPlugin( 3111): getPSNetworkType failed, invalid slotId=-1
07-21 21:42:46.090 E/BoosterUtil( 3111): convertSubIdToSlotId failed, subId:0, slotId:-1
07-21 21:42:46.090 E/BoosterUtil( 3111): getDefaultDataSlotId failed, invalid slotId:-1, subId:0
07-21 21:42:46.090 E/BoosterPlugin( 3111): getPSNetworkType failed, invalid slotId=-1
07-21 21:42:46.090 I/BoosterSwitchP( 3111): handleStateChanged reason=2
07-21 21:42:46.092 E/BoosterUtil( 3111): convertSubIdToSlotId failed, subId:0, slotId:-1
07-21 21:42:46.092 E/BoosterUtil( 3111): getDefaultDataSlotId failed, invalid slotId:-1, subId:0
07-21 21:42:46.093 E/BoosterUtil( 3111): convertSubIdToSlotId failed, subId:0, slotId:-1
07-21 21:42:46.093 E/BoosterUtil( 3111): getDefaultDataSlotId failed, invalid slotId:-1, subId:0
07-21 21:42:46.093 E/BoosterUtil( 3111): convertSubIdToSlotId failed, subId:0, slotId:-1
07-21 21:42:46.093 E/BoosterUtil( 3111): getDefaultDataSlotId failed, invalid slotId:-1, subId:0
07-21 21:42:46.093 E/BoosterPlugin( 3111): getPSNetworkType failed, invalid slotId=-1
07-21 21:42:46.093 I/DeepNoDisturbP( 3111): handleStateChanged reason=2
07-21 21:42:46.093 E/BoosterUtil( 3111): convertSubIdToSlotId failed, subId:0, slotId:-1
07-21 21:42:46.093 E/BoosterUtil( 3111): getDefaultDataSlotId failed, invalid slotId:-1, subId:0
07-21 21:42:46.093 I/DeepNoDisturbSM( 3111): setScreenState isScreenOn=true
07-21 21:42:46.094 I/DeepNoDisturbSM( 3111): IdleState processMessage msg.what=EVENT_SCREEN_ON
07-21 21:42:46.094 E/BoosterUtil( 3111): convertSubIdToSlotId failed, subId:0, slotId:-1
07-21 21:42:46.094 E/BoosterUtil( 3111): getDefaultDataSlotId failed, invalid slotId:-1, subId:0
07-21 21:42:46.094 I/DeepNoDisturbSM( 3111): isWifiConnected = true
07-21 21:42:46.095 E/BoosterUtil( 3111): convertSubIdToSlotId failed, subId:0, slotId:-1
07-21 21:42:46.095 E/BoosterUtil( 3111): getDefaultDataSlotId failed, invalid slotId:-1, subId:0
07-21 21:42:46.095 I/HidataAppQoeP( 3111): handleStateChanged reason=2
07-21 21:42:46.096 E/BoosterUtil( 3111): convertSubIdToSlotId failed, subId:0, slotId:-1
07-21 21:42:46.096 I/DeepNoDisturbSM( 3111): GAMEASSIST_NODISTURB_PROP=1,isGameDndSwitchOn return true
07-21 21:42:46.096 E/BoosterUtil( 3111): getDefaultDataSlotId failed, invalid slotId:-1, subId:0
07-21 21:42:46.096 E/DeepNoDisturbSM( 3111): isNetworkTypeSuitDeepNoDisturbMode, invalid subId:-1
07-21 21:42:46.096 I/DeepNoDisturbSM( 3111): isCorrectState=true mIsCallOn=false mGameStatus=0 defaultDataSubId=0 default4GSlotId=0 mIsDefaultDataOn=false mIsScreenOn=true deepNoDisturbModeProp=true isDeepNoDisturbSwitchOn=false isGameDndSwitchOn=true isNetworkTypeSuitDeepNoDisturbMode=false isAirplaneModeOn()=false
07-21 21:42:46.096 I/DeepNoDisturbSM( 3111): isNeedEnterDeepNoDisturbMode false
07-21 21:42:46.102 E/BoosterUtil( 3111): convertSubIdToSlotId failed, subId:0, slotId:-1
07-21 21:42:46.102 E/BoosterUtil( 3111): getDefaultDataSlotId failed, invalid slotId:-1, subId:0
07-21 21:42:46.102 I/PreDnsQuery( 3111): handleStateChanged reason=2
07-21 21:42:46.108 I/chatty  ( 1687): uid=1000(system) android.anim expire 21 lines
07-21 21:42:46.108 E/BoosterUtil( 3111): convertSubIdToSlotId failed, subId:0, slotId:-1
07-21 21:42:46.108 E/BoosterUtil( 3111): getDefaultDataSlotId failed, invalid slotId:-1, subId:0
07-21 21:42:46.108 I/PreDnsQuery( 3111): No need to handled!
07-21 21:42:46.108 I/BrowserChrP( 3111): handleStateChanged
07-21 21:42:46.157 I/KernelQoeChr( 3111): KernelQoeChrhandleMessage : msg = 2130903090
07-21 21:42:46.157 I/KernelQoeChr( 3111): updateScreenState mIsScreenOn:true
07-21 21:42:46.165 I/chatty  ( 1687): uid=1000(system) Binder:1687_1C expire 12 lines
07-21 21:42:46.166 I/SmartDualCardConfig( 3111): getAppType,pkgName=com.huawei.android.launcher,appType=28
07-21 21:42:46.166 E/SmartDualCardConfig( 3111): isAppInBlackList false,items==null
07-21 21:42:46.166 I/SmartDualCardConfig( 3111): isAppInWhiteList false,uid=10069
07-21 21:42:56.441 I/chatty  ( 1687): uid=1000(system) UEventObserver expire 35 lines
07-21 21:42:56.508 I/chatty  ( 1687): uid=1000(system) HwBatteryServic expire 1 line
07-21 21:42:56.509 I/chatty  ( 1687): uid=1000(system) android.io expire 1 line
07-21 21:42:56.516 W/PowerUI ( 2814): unknown intent: Intent { act=android.intent.action.ACTION_POWER_CONNECTED flg=0x4000010 (has extras) }
07-21 21:42:56.555 I/storaged(  908): uid_monitor::update_curr_io_stats_locked: last_uid_io_stats_ size is 323
07-21 21:42:56.555 I/storaged(  908): uid_monitor::update_curr_io_stats_locked: curr_io_stats_ size is 326
07-21 21:42:56.592 I/chatty  ( 1687): uid=1000(system) Binder:1687_18 expire 12 lines
07-21 21:42:56.608 I/chatty  ( 1687): uid=1000(system) Binder:1687_19 expire 30 lines
07-21 21:42:56.619 I/chatty  ( 1687): uid=1000(system) Binder:1687_D expire 14 lines
07-21 21:42:56.625 I/chatty  ( 1687): uid=1000(system) AlarmManager expire 11 lines
07-21 21:42:56.708 I/chatty  ( 1687): uid=1000(system) Binder:1687_15 expire 16 lines
07-21 21:42:56.722 I/chatty  ( 1687): uid=1000(system) android.ui expire 13 lines
07-21 21:42:56.734 D/RtgSched( 8183): resetRtgSchedHandle failed enable:0
07-21 21:42:56.765 I/chatty  ( 1687): uid=1000(system) Binder:1687_13 expire 10 lines
07-21 21:42:56.780 I/chatty  ( 1687): uid=1000(system) Binder:1687_17 expire 20 lines
07-21 21:42:56.830 W/ContextImpl(23817): Calling a method in the system process without a qualified user: android.app.ContextImpl.startService:1674 android.content.ContextWrapper.startService:669 android.content.ContextWrapper.startService:669 com.huawei.hwdetectrepair.smartnotify.eventlistener.PowerConnectionReceiver.onReceive:39 android.app.ActivityThread.handleReceiver:4462 
07-21 21:42:56.904 I/chatty  ( 1687): uid=1000(system) Binder:1687_1D expire 10 lines
07-21 21:42:56.991 I/chatty  ( 1687): uid=1000(system) SyncManager expire 10 lines
07-21 21:42:56.999 D/ActivityThread(30303): Attach thread to application
07-21 21:42:57.800 W/ContextImpl(28671): Calling a method in the system process without a qualified user: android.app.ContextImpl.startService:1674 android.content.ContextWrapper.startService:669 android.content.ContextWrapper.startService:669 com.android.settings.deviceinfo.UsbReceiver.startUsbService:344 com.android.settings.deviceinfo.UsbReceiver.onUsbStateReceive:188 
07-21 21:42:57.806 W/ContextImpl(28671): Calling a method in the system process without a qualified user: android.app.ContextImpl.startService:1674 android.content.ContextWrapper.startService:669 android.content.ContextWrapper.startService:669 com.android.settings.deviceinfo.UsbReceiver.startUsbService:344 com.android.settings.deviceinfo.UsbReceiver.onUsbStateReceive:240 
07-21 21:42:57.831 W/ContextImpl(28671): Calling a method in the system process without a qualified user: android.app.ContextImpl.startService:1674 android.content.ContextWrapper.startService:669 android.content.ContextWrapper.startService:669 com.android.settings.deviceinfo.UsbReceiver.startUsbService:344 com.android.settings.deviceinfo.UsbReceiver.onUsbStateReceive:188 
07-21 21:42:57.832 W/ContextImpl(28671): Calling a method in the system process without a qualified user: android.app.ContextImpl.startService:1674 android.content.ContextWrapper.startService:669 android.content.ContextWrapper.startService:669 com.android.settings.deviceinfo.UsbReceiver.startUsbService:344 com.android.settings.deviceinfo.UsbReceiver.onUsbStateReceive:240 
07-21 21:42:57.870 I/chatty  ( 1687): uid=1000 system_server expire 10 lines
07-21 21:42:57.889 I/chatty  ( 1687): uid=1000(system) AdbDebuggingMan expire 1 line
07-21 21:43:01.521 I/chatty  ( 1687): uid=1000(system) HwBinder:1687_5 expire 4 lines
07-21 21:43:01.541 I/chatty  ( 1687): uid=1000(system) Binder:1687_10 expire 22 lines
07-21 21:43:06.593 I/chatty  ( 1687): uid=1000(system) sManagerService expire 10 lines
07-21 21:43:06.608 D/RtgSched( 2814): resetRtgSchedHandle failed enable:0
07-21 21:43:10.978 I/chatty  ( 1687): uid=1000(system) Binder:1687_2 expire 13 lines
07-21 21:43:13.084 I/storaged(  908): storaged_t::event: storage_info refreshed.
07-21 21:43:15.978 I/chatty  ( 1687): uid=1000(system) Binder:1687_19 expire 13 lines
07-21 21:43:29.350 I/chatty  ( 1687): uid=1000(system) UEventObserver expire 21 lines
07-21 21:43:32.686 I/BoosterSwitchP( 3111): notifyUidState do nothing
07-21 21:43:32.686 I/DeepNoDisturbP( 3111): notifyUidState
07-21 21:43:32.686 I/BrowserChrP( 3111): notifyUidState
07-21 21:43:32.697 D/Telephony-AccountEntry( 3449): isEmergencyPreferredAccount: subId=-1, activeData=-1
07-21 21:43:32.697 D/Telephony-AccountEntry( 3449): isEmergencyPreferredAccount: Device does not require preference.
07-21 21:43:32.697 D/Telephony-AccountEntry( 3449): isEmergencyPreferredAccount: subId=-1, activeData=-1
07-21 21:43:32.697 D/Telephony-AccountEntry( 3449): isEmergencyPreferredAccount: Device does not require preference.
07-21 21:43:32.697 D/Telephony-AccountEntry( 3449): isEmergencyPreferredAccount: subId=-1, activeData=-1
07-21 21:43:32.697 D/Telephony-AccountEntry( 3449): isEmergencyPreferredAccount: Device does not require preference.
07-21 21:43:32.697 D/Telephony-AccountEntry( 3449): isEmergencyPreferredAccount: subId=-1, activeData=-1
07-21 21:43:32.698 D/Telephony-AccountEntry( 3449): isEmergencyPreferredAccount: Device does not require preference.
07-21 21:43:32.698 D/Telephony-AccountEntry( 3449): isEmergencyPreferredAccount: subId=-1, activeData=-1
07-21 21:43:32.698 D/Telephony-AccountEntry( 3449): isEmergencyPreferredAccount: Device does not require preference.
07-21 21:43:32.698 D/Telephony-AccountEntry( 3449): isEmergencyPreferredAccount: subId=-1, activeData=-1
07-21 21:43:32.698 D/Telephony-AccountEntry( 3449): isEmergencyPreferredAccount: Device does not require preference.
07-21 21:43:32.698 D/Telephony-AccountEntry( 3449): isEmergencyPreferredAccount: subId=-1, activeData=-1
07-21 21:43:32.698 D/Telephony-AccountEntry( 3449): isEmergencyPreferredAccount: Device does not require preference.
07-21 21:43:32.698 D/Telephony-AccountEntry( 3449): isEmergencyPreferredAccount: subId=-1, activeData=-1
07-21 21:43:32.698 D/Telephony-AccountEntry( 3449): isEmergencyPreferredAccount: Device does not require preference.
07-21 21:43:32.698 D/Telephony-AccountEntry( 3449): isEmergencyPreferredAccount: subId=-1, activeData=-1
07-21 21:43:32.698 D/Telephony-AccountEntry( 3449): isEmergencyPreferredAccount: Device does not require preference.
07-21 21:43:32.698 D/Telephony-AccountEntry( 3449): isEmergencyPreferredAccount: subId=-1, activeData=-1
07-21 21:43:32.698 D/Telephony-AccountEntry( 3449): isEmergencyPreferredAccount: Device does not require preference.
07-21 21:43:32.698 D/Telephony-AccountEntry( 3449): isEmergencyPreferredAccount: subId=-1, activeData=-1
07-21 21:43:32.698 D/Telephony-AccountEntry( 3449): isEmergencyPreferredAccount: Device does not require preference.
07-21 21:43:32.698 D/Telephony-AccountEntry( 3449): isEmergencyPreferredAccount: subId=-1, activeData=-1
07-21 21:43:32.698 D/Telephony-AccountEntry( 3449): isEmergencyPreferredAccount: Device does not require preference.
07-21 21:43:32.698 D/Telephony-AccountEntry( 3449): isEmergencyPreferredAccount: subId=-1, activeData=-1
07-21 21:43:32.698 D/Telephony-AccountEntry( 3449): isEmergencyPreferredAccount: Device does not require preference.
07-21 21:43:32.698 D/Telephony-AccountEntry( 3449): isEmergencyPreferredAccount: subId=-1, activeData=-1
07-21 21:43:32.698 D/Telephony-AccountEntry( 3449): isEmergencyPreferredAccount: Device does not require preference.
07-21 21:43:32.698 D/Telephony-AccountEntry( 3449): isEmergencyPreferredAccount: subId=-1, activeData=-1
07-21 21:43:32.698 D/Telephony-AccountEntry( 3449): isEmergencyPreferredAccount: Device does not require preference.
07-21 21:43:32.698 D/Telephony-AccountEntry( 3449): isEmergencyPreferredAccount: subId=-1, activeData=-1
07-21 21:43:32.698 D/Telephony-AccountEntry( 3449): isEmergencyPreferredAccount: Device does not require preference.
07-21 21:43:33.468 I/chatty  ( 1687): uid=1000(system) Binder:1687_19 expire 10 lines
07-21 21:43:34.848 I/chatty  ( 1687): uid=1000(system) PowerManagerSer expire 15 lines
07-21 21:43:42.020 I/BoosterSwitchP( 3111): notifyUidState do nothing
07-21 21:43:42.020 I/DeepNoDisturbP( 3111): notifyUidState
07-21 21:43:42.020 I/BrowserChrP( 3111): notifyUidState
07-21 21:43:42.021 I/chatty  ( 1687): uid=1000(system) Binder:1687_2 expire 27 lines
07-21 21:43:42.024 I/BoosterSwitchP( 3111): notifyUidState do nothing
07-21 21:43:42.024 I/DeepNoDisturbP( 3111): notifyUidState
07-21 21:43:42.024 I/BrowserChrP( 3111): notifyUidState
07-21 21:43:42.027 I/chatty  ( 1687): uid=1000(system) Binder:1687_8 expire 23 lines
07-21 21:43:42.035 I/BoosterSwitchP( 3111): notifyUidState do nothing
07-21 21:43:42.035 I/DeepNoDisturbP( 3111): notifyUidState
07-21 21:43:42.035 I/BrowserChrP( 3111): notifyUidState
07-21 21:43:42.116 I/chatty  ( 1687): uid=1000(system) Binder:1687_1B expire 13 lines
07-21 21:43:45.219 I/chatty  ( 1687): uid=1000(system) MobileQosDetect expire 11 lines
07-21 21:43:46.014 I/BoosterSwitchP( 3111): notifyUidState do nothing
07-21 21:43:46.014 I/DeepNoDisturbP( 3111): notifyUidState
07-21 21:43:46.014 I/BrowserChrP( 3111): notifyUidState
07-21 21:43:46.021 I/BoosterSwitchP( 3111): notifyUidState do nothing
07-21 21:43:46.022 I/DeepNoDisturbP( 3111): notifyUidState
07-21 21:43:46.022 I/BrowserChrP( 3111): notifyUidState
07-21 21:43:46.072 I/BoosterSwitchP( 3111): notifyUidState do nothing
07-21 21:43:46.072 I/DeepNoDisturbP( 3111): notifyUidState
07-21 21:43:46.072 I/BrowserChrP( 3111): notifyUidState
07-21 21:43:47.116 I/chatty  ( 1687): uid=1000(system) Binder:1687_F expire 10 lines
07-21 21:43:47.145 D/ActivityThread(30593): Attach thread to application
07-21 21:43:47.149 I/chatty  ( 1687): uid=1000(system) Binder:1687_D expire 10 lines
07-21 21:43:47.289 I/chatty  ( 1687): uid=1000(system) Binder:1687_7 expire 24 lines
07-21 21:43:47.344 D/ActivityThread(30630): Attach thread to application
07-21 21:43:47.849 D/HwCustConnectivityManagerImpl(30630): isBlockNetworkRequestByNonAis, INVALID_SUBSCRIPTION_ID
07-21 21:43:47.851 I/chatty  ( 1687): uid=1000(system) ConnectivitySer expire 86 lines
07-21 21:43:47.857 D/Telephony-AccountEntry( 3449): isEmergencyPreferredAccount: subId=-1, activeData=-1
07-21 21:43:47.857 D/Telephony-AccountEntry( 3449): isEmergencyPreferredAccount: Device does not require preference.
07-21 21:43:47.858 D/Telephony-AccountEntry( 3449): isEmergencyPreferredAccount: subId=-1, activeData=-1
07-21 21:43:47.858 D/Telephony-AccountEntry( 3449): isEmergencyPreferredAccount: Device does not require preference.
07-21 21:43:47.858 D/Telephony-AccountEntry( 3449): isEmergencyPreferredAccount: subId=-1, activeData=-1
07-21 21:43:47.858 D/Telephony-AccountEntry( 3449): isEmergencyPreferredAccount: Device does not require preference.
07-21 21:43:47.858 D/Telephony-AccountEntry( 3449): isEmergencyPreferredAccount: subId=-1, activeData=-1
07-21 21:43:47.858 D/Telephony-AccountEntry( 3449): isEmergencyPreferredAccount: Device does not require preference.
07-21 21:43:47.866 D/HwCustConnectivityManagerImpl(30630): isBlockNetworkRequestByNonAis, INVALID_SUBSCRIPTION_ID
07-21 21:43:47.874 D/Telephony-AccountEntry( 3449): isEmergencyPreferredAccount: subId=-1, activeData=-1
07-21 21:43:47.874 D/Telephony-AccountEntry( 3449): isEmergencyPreferredAccount: Device does not require preference.
07-21 21:43:47.874 D/Telephony-AccountEntry( 3449): isEmergencyPreferredAccount: subId=-1, activeData=-1
07-21 21:43:47.874 D/Telephony-AccountEntry( 3449): isEmergencyPreferredAccount: Device does not require preference.
07-21 21:43:47.874 D/Telephony-AccountEntry( 3449): isEmergencyPreferredAccount: subId=-1, activeData=-1
07-21 21:43:47.874 D/Telephony-AccountEntry( 3449): isEmergencyPreferredAccount: Device does not require preference.
07-21 21:43:47.874 D/Telephony-AccountEntry( 3449): isEmergencyPreferredAccount: subId=-1, activeData=-1
07-21 21:43:47.874 D/Telephony-AccountEntry( 3449): isEmergencyPreferredAccount: Device does not require preference.
07-21 21:43:47.997 D/HwCustConnectivityManagerImpl(30630): isBlockNetworkRequestByNonAis, INVALID_SUBSCRIPTION_ID
07-21 21:43:48.004 D/Telephony-AccountEntry( 3449): isEmergencyPreferredAccount: subId=-1, activeData=-1
07-21 21:43:48.005 D/Telephony-AccountEntry( 3449): isEmergencyPreferredAccount: Device does not require preference.
07-21 21:43:48.005 D/Telephony-AccountEntry( 3449): isEmergencyPreferredAccount: subId=-1, activeData=-1
07-21 21:43:48.005 D/Telephony-AccountEntry( 3449): isEmergencyPreferredAccount: Device does not require preference.
07-21 21:43:48.005 D/Telephony-AccountEntry( 3449): isEmergencyPreferredAccount: subId=-1, activeData=-1
07-21 21:43:48.005 D/Telephony-AccountEntry( 3449): isEmergencyPreferredAccount: Device does not require preference.
07-21 21:43:48.005 D/Telephony-AccountEntry( 3449): isEmergencyPreferredAccount: subId=-1, activeData=-1
07-21 21:43:48.005 D/Telephony-AccountEntry( 3449): isEmergencyPreferredAccount: Device does not require preference.
07-21 21:43:48.072 D/HwCustConnectivityManagerImpl(30630): isBlockNetworkRequestByNonAis, INVALID_SUBSCRIPTION_ID
07-21 21:43:48.079 D/Telephony-AccountEntry( 3449): isEmergencyPreferredAccount: subId=-1, activeData=-1
07-21 21:43:48.079 D/Telephony-AccountEntry( 3449): isEmergencyPreferredAccount: Device does not require preference.
07-21 21:43:48.079 D/Telephony-AccountEntry( 3449): isEmergencyPreferredAccount: subId=-1, activeData=-1
07-21 21:43:48.079 D/Telephony-AccountEntry( 3449): isEmergencyPreferredAccount: Device does not require preference.
07-21 21:43:48.079 D/Telephony-AccountEntry( 3449): isEmergencyPreferredAccount: subId=-1, activeData=-1
07-21 21:43:48.079 D/Telephony-AccountEntry( 3449): isEmergencyPreferredAccount: Device does not require preference.
07-21 21:43:48.079 D/Telephony-AccountEntry( 3449): isEmergencyPreferredAccount: subId=-1, activeData=-1
07-21 21:43:48.079 D/Telephony-AccountEntry( 3449): isEmergencyPreferredAccount: Device does not require preference.
07-21 21:43:49.293 I/chatty  ( 1687): uid=1000(system) monitor thread expire 24 lines
07-21 21:44:02.142 I/chatty  ( 1687): uid=1000(system) Thread-8 expire 10 lines
07-21 21:44:02.143 I/chatty  ( 1687): uid=1000(system) HwActivityTaskM expire 11 lines
07-21 21:44:02.147 I/BoosterSwitchP( 3111): notifyUidState do nothing
07-21 21:44:02.147 I/DeepNoDisturbP( 3111): notifyUidState
07-21 21:44:02.147 I/BrowserChrP( 3111): notifyUidState
07-21 21:44:02.169 I/BoosterSwitchP( 3111): notifyUidState do nothing
07-21 21:44:02.169 I/DeepNoDisturbP( 3111): notifyUidState
07-21 21:44:02.169 I/BrowserChrP( 3111): notifyUidState
07-21 21:44:02.620 I/chatty  ( 1687): uid=1000(system) Binder:1687_16 expire 13 lines
07-21 21:44:07.260 D/ActivityThread(30721): Attach thread to application
07-21 21:44:07.350 I/chatty  ( 1687): uid=1000(system) Binder:1687_D expire 14 lines
07-21 21:44:07.397 D/ActivityThread(30756): Attach thread to application
07-21 21:44:07.557 D/ActivityThread(30756): Loading provider call_log_shadow: com.android.providers.contacts.ShadowCallLogProvider
07-21 21:44:07.560 D/ActivityThread(30756): Loading provider call_log_shadow: com.android.providers.contacts.ShadowCallLogProvider
07-21 21:44:07.612 D/ActivityThread(30756): Loading provider contacts;com.android.contacts: com.android.providers.contacts.ContactsProvider2
07-21 21:44:09.813 I/chatty  ( 1687): uid=1000(system) Binder:1687_19 expire 24 lines
07-21 21:44:13.085 I/storaged(  908): storaged_t::event: storage_info refreshed.
07-21 21:44:27.145 I/BoosterSwitchP( 3111): notifyUidState do nothing
07-21 21:44:27.145 I/DeepNoDisturbP( 3111): notifyUidState
07-21 21:44:27.145 I/BrowserChrP( 3111): notifyUidState
07-21 21:44:27.249 I/chatty  ( 1687): uid=1000(system) ConnectivitySer expire 10 lines
07-21 21:44:29.254 I/chatty  ( 1687): uid=1000(system) MobileQosDetect expire 26 lines
07-21 21:44:37.116 I/chatty  ( 1687): uid=1000(system) Binder:1687_19 expire 30 lines
07-21 21:44:47.265 I/chatty  ( 1687): uid=1000(system) Binder:1687_12 expire 12 lines
07-21 21:44:56.128 I/chatty  ( 1687): uid=1000(system) PowerManagerSer expire 24 lines
07-21 21:45:01.507 I/chatty  ( 1687): uid=1000(system) UEventObserver expire 21 lines
07-21 21:45:13.085 I/storaged(  908): storaged_t::event: storage_info refreshed.
07-21 21:45:17.116 I/chatty  ( 1687): uid=1000(system) Binder:1687_19 expire 36 lines
07-21 21:45:26.669 I/chatty  ( 1687): uid=1000(system) Binder:1687_D expire 34 lines
07-21 21:46:13.086 I/storaged(  908): storaged_t::event: storage_info refreshed.
07-21 21:46:13.302 I/chatty  ( 1687): uid=1000(system) monitor thread expire 20 lines
07-21 21:46:13.368 I/chatty  ( 1687): uid=1000(system) MobileQosDetect expire 30 lines
07-21 21:46:17.116 I/chatty  ( 1687): uid=1000(system) Binder:1687_12 expire 21 lines
