07-21 22:02:40.993 E/FindCurApp( 8482): CAWARENESS: appInWhiteList illegal parameters
07-21 22:02:40.994 I/FindCurApp( 8482): CAWARENESS: appRuningLog,getAppRunTotalTime PackageName = com.ximalaya.ting.android runtime:1621
07-21 22:02:40.994 E/FindCurApp( 8482): CAWARENESS: appInWhiteList illegal parameters
07-21 22:02:40.994 I/FindCurApp( 8482): CAWARENESS: appRuningLog,getAppRunTotalTime PackageName = com.example.myapp runtime:14082706
07-21 22:02:40.994 E/FindCurApp( 8482): CAWARENESS: appInWhiteList illegal parameters
07-21 22:02:40.994 I/FindCurApp( 8482): CAWARENESS: appRuningLog,getAppRunTotalTime PackageName = com.android.permissioncontroller runtime:118369
07-21 22:02:40.994 E/FindCurApp( 8482): CAWARENESS: appInWhiteList illegal parameters
07-21 22:02:40.994 I/FindCurApp( 8482): CAWARENESS: appRuningLog,getAppRunTotalTime PackageName = com.huawei.android.launcher runtime:23899671
07-21 22:02:40.994 E/FindCurApp( 8482): CAWARENESS: appInWhiteList illegal parameters
07-21 22:02:40.994 I/FindCurApp( 8482): CAWARENESS: appRuningLog,getAppRunTotalTime PackageName = com.tencent.weread runtime:510435
07-21 22:02:40.994 E/FindCurApp( 8482): CAWARENESS: appInWhiteList illegal parameters
07-21 22:02:40.994 I/FindCurApp( 8482): CAWARENESS: appRuningLog,getAppRunTotalTime PackageName = com.huawei.securitymgr runtime:81987
07-21 22:02:40.994 E/FindCurApp( 8482): CAWARENESS: appInWhiteList illegal parameters
07-21 22:02:40.994 I/FindCurApp( 8482): CAWARENESS: appRuningLog,getAppRunTotalTime PackageName = com.vmall.client runtime:2165
07-21 22:02:40.994 E/FindCurApp( 8482): CAWARENESS: appInWhiteList illegal parameters
07-21 22:02:40.994 I/FindCurApp( 8482): CAWARENESS: appRuningLog,getAppRunTotalTime PackageName = com.example.bottombartest runtime:26883972
07-21 22:02:40.994 E/FindCurApp( 8482): CAWARENESS: appInWhiteList illegal parameters
07-21 22:02:40.994 I/FindCurApp( 8482): CAWARENESS: appRuningLog,getAppRunTotalTime PackageName = com.huawei.HwMultiScreenShot runtime:11081
07-21 22:02:40.994 E/FindCurApp( 8482): CAWARENESS: appInWhiteList illegal parameters
07-21 22:02:40.994 I/FindCurApp( 8482): CAWARENESS: appRuningLog,getAppRunTotalTime PackageName = com.huawei.browser runtime:495278
07-21 22:02:40.994 E/FindCurApp( 8482): CAWARENESS: appInWhiteList illegal parameters
07-21 22:02:40.994 I/FindCurApp( 8482): CAWARENESS: appRuningLog,getAppRunTotalTime PackageName = com.ke.ketalk runtime:7565736
07-21 22:02:40.994 E/FindCurApp( 8482): CAWARENESS: appInWhiteList illegal parameters
07-21 22:02:40.994 I/FindCurApp( 8482): CAWARENESS: appRuningLog,getAppRunTotalTime PackageName = com.alibaba.android.rimet runtime:101523
07-21 22:02:40.994 E/FindCurApp( 8482): CAWARENESS: appInWhiteList illegal parameters
07-21 22:02:40.994 I/FindCurApp( 8482): CAWARENESS: appRuningLog,getAppRunTotalTime PackageName = com.example.test2 runtime:966623
07-21 22:02:40.994 E/FindCurApp( 8482): CAWARENESS: appInWhiteList illegal parameters
07-21 22:02:40.994 I/FindCurApp( 8482): CAWARENESS: appRuningLog,getAppRunTotalTime PackageName = com.tencent.karaoke runtime:422828
07-21 22:02:40.994 E/FindCurApp( 8482): CAWARENESS: appInWhiteList illegal parameters
07-21 22:02:40.994 I/FindCurApp( 8482): CAWARENESS: appRuningLog,getAppRunTotalTime PackageName = com.android.contacts runtime:1847133
07-21 22:02:40.994 E/FindCurApp( 8482): CAWARENESS: appInWhiteList illegal parameters
07-21 22:02:40.994 I/FindCurApp( 8482): CAWARENESS: appRuningLog,getAppRunTotalTime PackageName = com.huawei.systemmanager runtime:30676
07-21 22:02:40.994 E/FindCurApp( 8482): CAWARENESS: appInWhiteList illegal parameters
07-21 22:02:40.994 I/FindCurApp( 8482): CAWARENESS: appRuningLog,getAppRunTotalTime PackageName = com.huawei.hitouch runtime:2768
07-21 22:02:40.994 E/FindCurApp( 8482): CAWARENESS: appInWhiteList illegal parameters
07-21 22:02:40.994 I/FindCurApp( 8482): CAWARENESS: appRuningLog,getAppRunTotalTime PackageName = com.android.packageinstaller runtime:3164668
07-21 22:02:40.994 E/FindCurApp( 8482): CAWARENESS: appInWhiteList illegal parameters
07-21 22:02:40.995 I/FindCurApp( 8482): CAWARENESS: appRuningLog,getAppRunTotalTime PackageName = com.android.bluetooth runtime:1183
07-21 22:02:40.995 E/FindCurApp( 8482): CAWARENESS: appInWhiteList illegal parameters
07-21 22:02:40.995 I/FindCurApp( 8482): CAWARENESS: appRuningLog,getAppRunTotalTime PackageName = com.huawei.hisuite runtime:280369
07-21 22:02:40.995 E/FindCurApp( 8482): CAWARENESS: appInWhiteList illegal parameters
07-21 22:02:40.995 I/FindCurApp( 8482): CAWARENESS: appRuningLog,getAppRunTotalTime PackageName = com.amap.trackdemo runtime:1194
07-21 22:02:40.995 E/FindCurApp( 8482): CAWARENESS: appInWhiteList illegal parameters
07-21 22:02:40.995 I/FindCurApp( 8482): CAWARENESS: appRuningLog,getAppRunTotalTime PackageName = com.homelink.im runtime:11823599
07-21 22:02:40.995 E/FindCurApp( 8482): CAWARENESS: appInWhiteList illegal parameters
07-21 22:02:40.995 I/FindCurApp( 8482): CAWARENESS: appRuningLog,getAppRunTotalTime PackageName = com.baidu.searchbox runtime:20443
07-21 22:02:40.995 E/FindCurApp( 8482): CAWARENESS: appInWhiteList illegal parameters
07-21 22:02:40.995 I/FindCurApp( 8482): CAWARENESS: appRuningLog,getAppRunTotalTime PackageName = com.android.gallery3d runtime:313781
07-21 22:02:40.995 E/FindCurApp( 8482): CAWARENESS: appInWhiteList illegal parameters
07-21 22:02:40.995 I/FindCurApp( 8482): CAWARENESS: appRuningLog,getAppRunTotalTime PackageName = com.android.mms runtime:2474
07-21 22:02:40.995 E/FindCurApp( 8482): CAWARENESS: appInWhiteList illegal parameters
07-21 22:02:40.995 I/FindCurApp( 8482): CAWARENESS: appRuningLog,getAppRunTotalTime PackageName = com.huawei.android.internal.app runtime:25316
07-21 22:02:40.995 E/FindCurApp( 8482): CAWARENESS: appInWhiteList illegal parameters
07-21 22:02:40.995 I/FindCurApp( 8482): CAWARENESS: appRuningLog,getAppRunTotalTime PackageName = com.wlf.demo runtime:4702239
07-21 22:02:40.995 E/FindCurApp( 8482): CAWARENESS: appInWhiteList illegal parameters
07-21 22:02:40.995 I/FindCurApp( 8482): CAWARENESS: appRuningLog,getAppRunTotalTime PackageName = com.james.motion runtime:6036568
07-21 22:02:40.995 E/FindCurApp( 8482): CAWARENESS: appInWhiteList illegal parameters
07-21 22:02:40.995 I/FindCurApp( 8482): CAWARENESS: appRuningLog,getAppRunTotalTime PackageName = com.example.customwebview runtime:308419
07-21 22:02:40.995 E/FindCurApp( 8482): CAWARENESS: appInWhiteList illegal parameters
07-21 22:02:40.995 I/FindCurApp( 8482): CAWARENESS: appRuningLog,getAppRunTotalTime PackageName = com.android.settings runtime:335489
07-21 22:02:40.995 E/FindCurApp( 8482): CAWARENESS: appInWhiteList illegal parameters
07-21 22:02:40.995 I/FindCurApp( 8482): CAWARENESS: appRuningLog,getAppRunTotalTime PackageName = com.lianjia.alliance runtime:285926
07-21 22:02:40.995 E/FindCurApp( 8482): CAWARENESS: appInWhiteList illegal parameters
07-21 22:02:40.995 I/FindCurApp( 8482): CAWARENESS: appRuningLog,getAppRunTotalTime PackageName = com.huawei.camera runtime:303025
07-21 22:02:40.995 E/FindCurApp( 8482): CAWARENESS: appInWhiteList illegal parameters
07-21 22:02:40.995 E/FindCurApp( 8482): CAWARENESS: appInWhiteList illegal parameters
07-21 22:02:40.995 I/FindCurApp( 8482): CAWARENESS: updateAppRunTotalTime in counting period
07-21 22:02:40.996 I/FindCurApp( 8482): CAWARENESS: getAppsRunningTotalTime within time
07-21 22:02:42.346 I/chatty  ( 1687): uid=1000 system_server expire 2 lines
07-21 22:02:42.348 I/chatty  ( 1687): uid=1000 system_server expire 1 line
07-21 22:02:42.755 E/WifiHAL (  725): enter wifi_get_link_stats
07-21 22:02:42.766 W/PhoneInterfaceManager( 3449): shouldBlockLocation running ...
07-21 22:02:42.767 I/PhoneInterfaceManager( 3449): shouldBlockLocation  ret:false
07-21 22:02:43.802 I/chatty  (32120): uid=10213(com.homelink.im) LJThreadPool-3 expire 2 lines
07-21 22:02:43.885 I/chatty  (32120): uid=10213(com.homelink.im) HaiShen-Upload- expire 1 line
07-21 22:02:45.773 E/WifiHAL (  725): enter wifi_get_link_stats
07-21 22:02:45.794 W/PhoneInterfaceManager( 3449): shouldBlockLocation running ...
07-21 22:02:45.794 I/PhoneInterfaceManager( 3449): shouldBlockLocation  ret:false
07-21 22:02:45.884 I/netd    (  672): trafficSwapActiveStatsMap() <12.78ms>
07-21 22:02:46.092 I/ArHal   (  689): (ArDataNetlinkCb:934):cmd[2].length[48]
07-21 22:02:46.092 I/AR_impl (  689): ActChangedCb start count[2]
07-21 22:02:46.094 I/AR_impl (  689): able to onActivityChangedV1_1
07-21 22:02:46.094 I/chatty  ( 3111): uid=1000(system) HwBinder:3111_1 expire 5 lines
07-21 22:02:46.094 I/AR_impl (  689): able to onActivityChangedV1_1
07-21 22:02:46.094 I/AR_impl (  689): ActChangedCb end, pid[689]
07-21 22:02:46.171 I/DataSrv-10.5.0.301-O-0528-22:45-WatchMan(11369): message come: 0
07-21 22:02:46.172 I/DataSrv-10.5.0.301-O-0528-22:45-WatchMan(11369): processStateMachineCheck
07-21 22:02:46.172 I/DataSrv-10.5.0.301-O-0528-22:45-VSimManager(11369): handleEvent async
07-21 22:02:46.172 I/DataSrv-10.5.0.301-O-0528-22:45-StateManager(11369): handleEvent prepare[150]: HEART_BEAT
07-21 22:02:46.173 I/DataSrv-10.5.0.301-O-0528-22:45-StateManager(11369): handleEvent run: HEART_BEAT
07-21 22:02:46.173 I/DataSrv-10.5.0.301-O-0528-22:45-StateManager(11369): handleEvent end: HEART_BEAT
07-21 22:02:46.173 I/DataSrv-10.5.0.301-O-0528-22:45-WatchMan(11369): onHeartBeat
07-21 22:02:46.240 I/chatty  ( 1687): uid=1000(system) WifiService expire 47 lines
07-21 22:02:46.340 I/chatty  ( 1687): uid=1000(system) HuaweiWifiWatch expire 18 lines
07-21 22:02:46.341 I/chatty  ( 1687): uid=1000 system_server expire 2 lines
07-21 22:02:46.342 I/chatty  ( 1687): uid=1000 system_server expire 1 line
07-21 22:02:48.032 I/netd    (  672): trafficSwapActiveStatsMap() <15.31ms>
07-21 22:02:48.492 I/fwkit_EvilKitRecognitionService( 3661): [I/fwkit/fwkit_EvilKitRecognitionService 3661:118 Logger.java:362] memory monitor handler send delay message(5 min)
07-21 22:02:48.492 I/fwkit_kpms_chkkitUtil( 3661): [I/fwkit/fwkit_kpms_chkkitUtil 3661:118 Logger.java:362] [isAllReady]kpms all ready
07-21 22:02:48.492 I/fwkit_kpms_chkkitUtil( 3661): [I/fwkit/fwkit_kpms_chkkitUtil 3661:118 Logger.java:362] [isKitReady]kpms all ready
07-21 22:02:48.493 I/fwkit_kams_scheduler( 3661): [I/fwkit/fwkit_kams_scheduler 3661:118 Logger.java:362]  [ KAMS ] RemoteConfig ProcessName: { com.huawei.hwid.container3}
07-21 22:02:48.494 E/LogWrite( 3661): wtf Exception
07-21 22:02:48.494 I/chatty  ( 3661): uid=10066(com.huawei.hwid) Core-LogWrite identical 2 lines
07-21 22:02:48.494 E/LogWrite( 3661): wtf Exception
07-21 22:02:48.494 I/AppLogManager( 3661): PrintWoker poll timeout , shutdown
07-21 22:02:48.495 I/fwkit_HmsProfiler(31177): [I/fwkit/fwkit_HmsProfiler 31177:28016 Logger.java:362] simple not upload or memory flag is false.
07-21 22:02:48.495 I/fwkit_msg_invoke_remote(31177): [I/fwkit/fwkit_msg_invoke_remote 31177:28016 Logger.java:362] execute requestId:5e482501-38e7-422d-9074-bae7070f0e08 uri:ekr.memory
07-21 22:02:48.496 I/fwkit_HmsProfiler(31177): [I/fwkit/fwkit_HmsProfiler 31177:28016 Logger.java:362] simple not upload trace info.
07-21 22:02:48.496 I/fwkit_msg_fr(31177): [I/fwkit/fwkit_msg_fr 31177:28016 Logger.java:362] findRequest uri: ekr.memory apiLevel: 1
07-21 22:02:48.496 I/fwkit_HmsProfiler(31177): [I/fwkit/fwkit_HmsProfiler 31177:28016 Logger.java:362] simple not upload trace info.
07-21 22:02:48.496 I/fwkit_msg_aidl_request(31177): [I/fwkit/fwkit_msg_aidl_request 31177:28016 Logger.java:362] execute, uri: ekr.memory
07-21 22:02:48.496 I/fwkit_HmsProfiler(31177): HmsProfiler begin init.
07-21 22:02:48.496 I/fwkit_HmsProfiler(31177): HmsProfiler already init context.
07-21 22:02:48.497 I/fwkit_HmsProfiler(31177): [I/fwkit/fwkit_HmsProfiler 31177:28016 Logger.java:362] simple not upload or memory flag is false.
07-21 22:02:48.497 I/fwkit_MemoryTask(31177): MemoryTask start.
07-21 22:02:48.497 I/fwkit_MemoryTask(31177): runMonitorTask run comming.
07-21 22:02:48.499 I/fwkit_MemoryTask(31177): uploadMemInfo comming.
07-21 22:02:48.500 I/AppLogManager(31177): PrintWoker poll timeout , shutdown
07-21 22:02:48.555 I/fwkit_HmsProfiler(31177): getDeviceStatus deviceStatus: Charging_ScreenOn
07-21 22:02:48.556 W/fwkit_kams_stubmanager( 3661): [W/fwkit/fwkit_kams_stubmanager 3661:1829 Logger.java:354] getKitStatusInProcess: unknown process name
07-21 22:02:48.556 I/fwkit_HmsProfiler(31177): Insert Mem Log:1595340168556 mem_p com.huawei.hwid null null 31392 1 pss: 17350 rss:-1
07-21 22:02:48.556 E/LogWrite( 3661): wtf Exception
07-21 22:02:48.556 I/AppLogManager( 3661): PrintWoker poll timeout , shutdown
07-21 22:02:48.558 I/fwkit_MemoryTask(31177): uploadMemInfo comming.
07-21 22:02:48.565 W/migration/6(   47): type=1400 audit(0.0:279487): avc: granted { setsched } for pid=47 scontext=u:r:kernel:s0 tcontext=u:r:kernel:s0 tclass=process
07-21 22:02:48.565 W/migration/7(   53): type=1400 audit(0.0:279488): avc: granted { setsched } for pid=53 scontext=u:r:kernel:s0 tcontext=u:r:kernel:s0 tclass=process
07-21 22:02:48.599 I/fwkit_HmsProfiler(31177): getDeviceStatus deviceStatus: Charging_ScreenOn
07-21 22:02:48.599 I/fwkit_MemoryTask(31177): uploadMemInfo comming.
07-21 22:02:48.600 I/fwkit_HmsProfiler(31177): getDeviceStatus deviceStatus: Charging_ScreenOn
07-21 22:02:48.600 I/fwkit_MemoryTask(31177): uploadMemInfo comming.
07-21 22:02:48.647 I/fwkit_HmsProfiler(31177): getDeviceStatus deviceStatus: Charging_ScreenOn
07-21 22:02:48.649 I/fwkit_HmsProfiler(31177): Insert Mem Log:1595340168649 mem_p com.huawei.hwid.core null null 3661 1 pss: 45890 rss:-1
07-21 22:02:48.649 W/fwkit_kpms_config( 3661): [W/fwkit/fwkit_kpms_config 3661:118 Logger.java:354] getMemThreshold is null or key is null/empty
07-21 22:02:48.649 E/LogWrite( 3661): wtf Exception
07-21 22:02:48.650 I/AppLogManager( 3661): PrintWoker poll timeout , shutdown
07-21 22:02:48.650 W/fwkit_kpms_config( 3661): [W/fwkit/fwkit_kpms_config 3661:118 Logger.java:354] getCoreResidentMem remoteConfig memory is invalid, use default: 61440
07-21 22:02:48.650 E/LogWrite( 3661): wtf Exception
07-21 22:02:48.650 I/AppLogManager( 3661): PrintWoker poll timeout , shutdown
07-21 22:02:48.652 I/fwkit_MemoryTask(31177): uploadMemInfo comming.
07-21 22:02:48.686 I/fwkit_HmsProfiler(31177): getDeviceStatus deviceStatus: Charging_ScreenOn
07-21 22:02:48.688 I/fwkit_HmsProfiler(31177): Insert Mem Log:1595340168688 mem_p com.huawei.hwid.persistent null null 3773 1 pss: 27936 rss:-1
07-21 22:02:48.689 W/fwkit_kpms_config( 3661): [W/fwkit/fwkit_kpms_config 3661:118 Logger.java:354] getPersistentStartUpMem tmpMap is null, use default
07-21 22:02:48.689 E/LogWrite( 3661): wtf Exception
07-21 22:02:48.689 I/AppLogManager( 3661): PrintWoker poll timeout , shutdown
07-21 22:02:48.789 W/migration/7(   53): type=1400 audit(0.0:279489): avc: granted { setsched } for pid=53 scontext=u:r:kernel:s0 tcontext=u:r:kernel:s0 tclass=process
07-21 22:02:48.789 W/migration/6(   47): type=1400 audit(0.0:279490): avc: granted { setsched } for pid=47 scontext=u:r:kernel:s0 tcontext=u:r:kernel:s0 tclass=process
07-21 22:02:48.800 E/WifiHAL (  725): enter wifi_get_link_stats
07-21 22:02:48.811 I/chatty  ( 1687): uid=1000(system) ClientModeImpl expire 19 lines
07-21 22:02:48.821 W/PhoneInterfaceManager( 3449): shouldBlockLocation running ...
07-21 22:02:48.821 I/PhoneInterfaceManager( 3449): shouldBlockLocation  ret:false
07-21 22:02:50.345 I/chatty  ( 1687): uid=1000 system_server expire 2 lines
07-21 22:02:50.346 I/chatty  ( 1687): uid=1000 system_server expire 1 line
07-21 22:02:50.908 I/netd    (  672): trafficSwapActiveStatsMap() <9.23ms>
07-21 22:02:51.825 E/WifiHAL (  725): enter wifi_get_link_stats
07-21 22:02:51.846 W/PhoneInterfaceManager( 3449): shouldBlockLocation running ...
07-21 22:02:51.846 I/PhoneInterfaceManager( 3449): shouldBlockLocation  ret:false
07-21 22:02:53.433 I/TimeController( 8482): CAWARENESS: releaseMemory() totalPss : 27109
07-21 22:02:53.433 I/TimeController( 8482): CAWARENESS: releaseMemory() release memory now
07-21 22:02:53.445 W/migration/6(   47): type=1400 audit(0.0:279491): avc: granted { setsched } for pid=47 scontext=u:r:kernel:s0 tcontext=u:r:kernel:s0 tclass=process
07-21 22:02:53.445 W/migration/7(   53): type=1400 audit(0.0:279492): avc: granted { setsched } for pid=53 scontext=u:r:kernel:s0 tcontext=u:r:kernel:s0 tclass=process
07-21 22:02:53.452 I/i.engineservic( 8482): Explicit concurrent copying GC freed 60753(3545KB) AllocSpace objects, 0(0B) LOS objects, 71% free, 2456KB/8600KB, paused 43us total 19.575ms
07-21 22:02:53.553 W/migration/7(   53): type=1400 audit(0.0:279493): avc: granted { setsched } for pid=53 scontext=u:r:kernel:s0 tcontext=u:r:kernel:s0 tclass=process
07-21 22:02:53.553 W/migration/6(   47): type=1400 audit(0.0:279494): avc: granted { setsched } for pid=47 scontext=u:r:kernel:s0 tcontext=u:r:kernel:s0 tclass=process
07-21 22:02:53.830 I/chatty  (32120): uid=10213(com.homelink.im) MsgSyncService expire 187 lines
07-21 22:02:54.356 I/chatty  ( 1687): uid=1000 system_server expire 2 lines
07-21 22:02:54.357 I/chatty  ( 1687): uid=1000 system_server expire 1 line
07-21 22:02:54.850 E/WifiHAL (  725): enter wifi_get_link_stats
07-21 22:02:54.864 W/PhoneInterfaceManager( 3449): shouldBlockLocation running ...
07-21 22:02:54.864 I/PhoneInterfaceManager( 3449): shouldBlockLocation  ret:false
07-21 22:02:55.936 I/netd    (  672): trafficSwapActiveStatsMap() <13.18ms>
07-21 22:02:56.053 E/bastetd (  923): [ProxySocket    ] NotifySocketErrState# No record found by comm prop, state=196619
07-21 22:02:57.788 D/WorkerThreadMonitor(21568): Kill MSF check result[ senderSize:0,sendInterval:2492628,receiveInterval=2492628,addCmdCount=0
07-21 22:02:57.869 E/WifiHAL (  725): enter wifi_get_link_stats
07-21 22:02:57.888 W/PhoneInterfaceManager( 3449): shouldBlockLocation running ...
07-21 22:02:57.889 I/PhoneInterfaceManager( 3449): shouldBlockLocation  ret:false
07-21 22:02:58.060 I/netd    (  672): trafficSwapActiveStatsMap() <15.26ms>
07-21 22:02:58.072 D/UsbSettingsService(28671): handleMessage, msg.what = 4
07-21 22:02:58.072 D/UsbSettingsService(28671): receive message to check monkey running.
07-21 22:02:58.264 I/chatty  ( 1687): uid=1000(system) WifiService expire 43 lines
07-21 22:02:58.353 I/chatty  ( 1687): uid=1000(system) HuaweiWifiWatch expire 20 lines
07-21 22:02:58.354 I/chatty  ( 1687): uid=1000 system_server expire 2 lines
07-21 22:02:58.356 I/chatty  ( 1687): uid=1000 system_server expire 1 line
07-21 22:02:58.359 I/chatty  ( 1687): uid=1000(system) MobileQosDetect expire 10 lines
07-21 22:03:00.008 W/ClockView1( 2814):  action android.intent.action.TIME_TICK
07-21 22:03:00.009 W/ClockView1( 2814):  action android.intent.action.TIME_TICK
07-21 22:03:00.009 E/DateView( 2814): DateView,mCurrentTime: 1595340180009
07-21 22:03:00.017 E/ndroid.systemu( 2814): No package ID ff found for ID 0xffffffff.
07-21 22:03:00.019 E/ndroid.systemu( 2814): No package ID ff found for ID 0xffffffff.
07-21 22:03:00.020 W/ClockView1( 2814): onreceive tz is Asia/Shanghai time:Tue Jul 21 22:03:00 GMT+08:00 2020 timezone:libcore.util.ZoneInfo[id="Asia/Shanghai",mRawOffset=28800000,mEarliestRawOffset=28800000,mUseDst=false,mDstSavings=0,transitions=28]
07-21 22:03:00.021 W/ClockView1( 2814): onreceive tz is Asia/Shanghai time:Tue Jul 21 22:03:00 GMT+08:00 2020 timezone:libcore.util.ZoneInfo[id="Asia/Shanghai",mRawOffset=28800000,mEarliestRawOffset=28800000,mUseDst=false,mDstSavings=0,transitions=28]
07-21 22:03:00.078 I/EnvironmentUtils(32363): total-pss=19998, java-heap=3696, native-heap=3824, code=3880, system=7166, dex-mmap=(2982, 2976, 12, 24)
07-21 22:03:00.110 W/HwLockScreenPanel( 2814): Handle message: 133
07-21 22:03:00.111 W/HwLockScreenPanel( 2814): Handle message: 133
07-21 22:03:00.893 E/WifiHAL (  725): enter wifi_get_link_stats
07-21 22:03:00.914 W/PhoneInterfaceManager( 3449): shouldBlockLocation running ...
07-21 22:03:00.915 I/PhoneInterfaceManager( 3449): shouldBlockLocation  ret:false
07-21 22:03:00.960 I/netd    (  672): trafficSwapActiveStatsMap() <14.28ms>
07-21 22:03:02.365 I/chatty  ( 1687): uid=1000 system_server expire 2 lines
07-21 22:03:02.366 I/chatty  ( 1687): uid=1000 system_server expire 1 line
07-21 22:03:02.745 I/chatty  ( 3392): uid=1000(system) com.huawei.hiview expire 1 line
07-21 22:03:03.919 E/WifiHAL (  725): enter wifi_get_link_stats
07-21 22:03:03.922 I/chatty  (32120): uid=10213(com.homelink.im) MsgSyncService expire 128 lines
07-21 22:03:03.922 I/chatty  ( 1687): uid=1000(system) ClientModeImpl expire 26 lines
07-21 22:03:03.932 W/PhoneInterfaceManager( 3449): shouldBlockLocation running ...
07-21 22:03:03.933 I/PhoneInterfaceManager( 3449): shouldBlockLocation  ret:false
07-21 22:03:05.986 I/netd    (  672): trafficSwapActiveStatsMap() <10.98ms>
07-21 22:03:06.370 I/chatty  ( 1687): uid=1000 system_server expire 2 lines
07-21 22:03:06.371 I/chatty  ( 1687): uid=1000 system_server expire 1 line
07-21 22:03:06.936 E/WifiHAL (  725): enter wifi_get_link_stats
07-21 22:03:06.947 W/PhoneInterfaceManager( 3449): shouldBlockLocation running ...
07-21 22:03:06.948 I/PhoneInterfaceManager( 3449): shouldBlockLocation  ret:false
07-21 22:03:08.104 I/netd    (  672): trafficSwapActiveStatsMap() <31.05ms>
07-21 22:03:08.549 E/Thermal-daemon:ambient(  909): calc_ambient_temp: median filter output 28819
07-21 22:03:08.549 E/Thermal-daemon:ambient(  909): ambient_sample: write temp 28819 to ambient node
07-21 22:03:09.277 I/chatty  ( 1687): uid=1000(system) WifiService expire 57 lines
07-21 22:03:09.855 I/chatty  ( 1687): uid=1000(system) AlarmManager expire 10 lines
07-21 22:03:09.857 I/chatty  (32120): uid=10213(com.homelink.im) default expire 19 lines
07-21 22:03:09.859 I/chatty  (32120): uid=10213(com.homelink.im) expire 27 lines
07-21 22:03:09.867 W//system/bin/netd(  672): A binder object at 0x7e3b746b00 is being transacted on, however, this object is in the same process as its proxy. Transacting with this binder is expensive compared to just calling the corresponding functionality in the same process.
07-21 22:03:09.867 I/PreDnsController(  672): canPreDnsQuery,persist.sys.predns is false!
07-21 22:03:09.886 E/res_send(  672): res_nsend: ipv4_invalid_type:3
07-21 22:03:09.953 E/WifiHAL (  725): enter wifi_get_link_stats
07-21 22:03:09.966 W/PhoneInterfaceManager( 3449): shouldBlockLocation running ...
07-21 22:03:09.967 I/PhoneInterfaceManager( 3449): shouldBlockLocation  ret:false
07-21 22:03:10.364 I/chatty  ( 1687): uid=1000(system) HuaweiWifiWatch expire 23 lines
07-21 22:03:10.365 I/chatty  ( 1687): uid=1000 system_server expire 2 lines
07-21 22:03:10.367 I/chatty  ( 1687): uid=1000 system_server expire 1 line
07-21 22:03:11.008 I/netd    (  672): trafficSwapActiveStatsMap() <7.47ms>
07-21 22:03:12.972 E/WifiHAL (  725): enter wifi_get_link_stats
07-21 22:03:12.984 W/PhoneInterfaceManager( 3449): shouldBlockLocation running ...
07-21 22:03:12.985 I/PhoneInterfaceManager( 3449): shouldBlockLocation  ret:false
07-21 22:03:13.101 I/storaged(  908): storaged_t::event: Uidm reported.
07-21 22:03:13.132 I/storaged(  908): uid_monitor::update_curr_io_stats_locked: last_uid_io_stats_ size is 323
07-21 22:03:13.132 I/storaged(  908): uid_monitor::update_curr_io_stats_locked: curr_io_stats_ size is 326
07-21 22:03:13.135 I/storaged(  908): uid_monitor::add_records_locked: io_history_ size is 2832, new record size is 69
07-21 22:03:13.135 I/storaged(  908): uid_monitor::update_uid_io_proto: io_history_ size is 2843
07-21 22:03:13.139 I/storaged(  908): storaged_t::event: storage_info refreshed.
07-21 22:03:13.139 I/storaged(  908): storaged_t::event: proto flushed.
07-21 22:03:13.246 I/chatty  ( 1687): uid=1000(system) Binder:1687_14 expire 6 lines
07-21 22:03:13.361 I/chatty  ( 1687): uid=1000(system) monitor thread expire 2 lines
07-21 22:03:13.573 W/TelephonyPermissions( 3449): reportAccessDeniedToReadIdentifiers:com.homelink.im:getUniqueDeviceId:isPreinstalled=false:isPrivApp=false
07-21 22:03:13.708 I/chatty  (32120): uid=10213(com.homelink.im) Slowway-ThreadP expire 4 lines
07-21 22:03:13.721 I/chatty  ( 1687): uid=1000(system) Binder:1687_E expire 8 lines
07-21 22:03:14.372 I/chatty  ( 1687): uid=1000 system_server expire 2 lines
07-21 22:03:14.373 I/chatty  ( 1687): uid=1000 system_server expire 1 line
07-21 22:03:14.373 I/chatty  ( 1687): uid=1000(system) MobileQosDetect expire 12 lines
07-21 22:03:15.989 E/WifiHAL (  725): enter wifi_get_link_stats
07-21 22:03:16.008 W/PhoneInterfaceManager( 3449): shouldBlockLocation running ...
07-21 22:03:16.009 I/PhoneInterfaceManager( 3449): shouldBlockLocation  ret:false
07-21 22:03:16.037 I/netd    (  672): trafficSwapActiveStatsMap() <14.37ms>
07-21 22:03:17.091 I/aptouch_daemon(  840): check_afe_status, afe[238 120 X1] [ctrl:X40020 ftr:X140] dif[16 -29] raw[32853 32691] [exp:X0 aN:0 lo:0]
07-21 22:03:18.144 I/netd    (  672): trafficSwapActiveStatsMap() <27.60ms>
07-21 22:03:18.382 I/chatty  ( 1687): uid=1000 system_server expire 2 lines
07-21 22:03:18.383 I/chatty  ( 1687): uid=1000 system_server expire 1 line
07-21 22:03:19.012 E/WifiHAL (  725): enter wifi_get_link_stats
07-21 22:03:19.024 W/PhoneInterfaceManager( 3449): shouldBlockLocation running ...
07-21 22:03:19.024 I/PhoneInterfaceManager( 3449): shouldBlockLocation  ret:false
07-21 22:03:19.449 I/chatty  (32120): uid=10213(com.homelink.im) expire 4 lines
07-21 22:03:19.470 I/chatty  (32120): uid=10213(com.homelink.im) expire 13 lines
07-21 22:03:21.066 I/netd    (  672): trafficSwapActiveStatsMap() <12.47ms>
07-21 22:03:22.030 E/WifiHAL (  725): enter wifi_get_link_stats
07-21 22:03:22.051 W/PhoneInterfaceManager( 3449): shouldBlockLocation running ...
07-21 22:03:22.051 I/PhoneInterfaceManager( 3449): shouldBlockLocation  ret:false
07-21 22:03:22.377 I/chatty  ( 1687): uid=1000 system_server expire 2 lines
07-21 22:03:22.377 I/chatty  ( 1687): uid=1000(system) WifiService expire 44 lines
07-21 22:03:22.378 I/chatty  ( 1687): uid=1000 system_server expire 1 line
07-21 22:03:22.379 I/chatty  ( 1687): uid=1000(system) HuaweiWifiWatch expire 17 lines
07-21 22:03:22.382 I/chatty  ( 1687): uid=1000(system) MobileQosDetect expire 10 lines
07-21 22:03:22.828 I/chatty  ( 3111): uid=1000(system) OllieServiceThr expire 10 lines
07-21 22:03:24.096 I/chatty  (32120): uid=10213(com.homelink.im) MsgSyncService expire 105 lines
07-21 22:03:24.129 I/chatty  ( 1687): uid=1000(system) Binder:1687_14 expire 19 lines
07-21 22:03:24.384 I/chatty  (32120): uid=10213(com.homelink.im) expire 4 lines
07-21 22:03:24.927 I/chatty  ( 1687): uid=1000(system) AlarmManager expire 13 lines
07-21 22:03:24.939 I/chatty  (32120): uid=10213(com.homelink.im) expire 13 lines
07-21 22:03:25.057 E/WifiHAL (  725): enter wifi_get_link_stats
07-21 22:03:25.067 I/chatty  ( 1687): uid=1000(system) ClientModeImpl expire 15 lines
07-21 22:03:25.077 W/PhoneInterfaceManager( 3449): shouldBlockLocation running ...
07-21 22:03:25.078 I/PhoneInterfaceManager( 3449): shouldBlockLocation  ret:false
07-21 22:03:25.362 I/chatty  ( 1687): uid=1000(system) monitor thread expire 13 lines
07-21 22:03:26.092 I/netd    (  672): trafficSwapActiveStatsMap() <15.77ms>
07-21 22:03:26.390 I/chatty  ( 1687): uid=1000 system_server expire 2 lines
07-21 22:03:26.391 I/chatty  ( 1687): uid=1000 system_server expire 1 line
07-21 22:03:27.429 I/chatty  ( 1687): uid=1000(system) UEventObserver expire 14 lines
07-21 22:03:28.083 E/WifiHAL (  725): enter wifi_get_link_stats
07-21 22:03:28.097 W/PhoneInterfaceManager( 3449): shouldBlockLocation running ...
07-21 22:03:28.097 I/PhoneInterfaceManager( 3449): shouldBlockLocation  ret:false
07-21 22:03:28.172 I/netd    (  672): trafficSwapActiveStatsMap() <11.62ms>
07-21 22:03:30.395 I/chatty  ( 1687): uid=1000 system_server expire 2 lines
07-21 22:03:30.396 I/chatty  ( 1687): uid=1000 system_server expire 1 line
07-21 22:03:31.101 E/WifiHAL (  725): enter wifi_get_link_stats
07-21 22:03:31.113 W/PhoneInterfaceManager( 3449): shouldBlockLocation running ...
07-21 22:03:31.113 I/PhoneInterfaceManager( 3449): shouldBlockLocation  ret:false
07-21 22:03:31.120 I/netd    (  672): trafficSwapActiveStatsMap() <13.00ms>
07-21 22:03:31.258 I/chatty  (  732): uid=1000(system) /system/bin/surfaceflinger expire 20 lines
07-21 22:03:33.376 I/chatty  ( 1687): uid=1000(system) Binder:1687_E expire 15 lines
07-21 22:03:34.117 E/WifiHAL (  725): enter wifi_get_link_stats
07-21 22:03:34.138 W/PhoneInterfaceManager( 3449): shouldBlockLocation running ...
07-21 22:03:34.139 I/PhoneInterfaceManager( 3449): shouldBlockLocation  ret:false
07-21 22:03:34.162 I/chatty  (32120): uid=10213(com.homelink.im) MsgSyncService expire 211 lines
07-21 22:03:34.391 I/chatty  ( 1687): uid=1000(system) HuaweiWifiWatch expire 18 lines
07-21 22:03:34.391 I/chatty  ( 1687): uid=1000(system) WifiService expire 44 lines
07-21 22:03:34.392 I/chatty  ( 1687): uid=1000 system_server expire 2 lines
07-21 22:03:34.393 I/chatty  ( 1687): uid=1000 system_server expire 1 line
07-21 22:03:34.493 I/chatty  (32120): uid=10213(com.homelink.im) expire 76 lines
07-21 22:03:34.510 I/chatty  (32120): uid=10213(com.homelink.im) expire 1 line
07-21 22:03:36.152 I/netd    (  672): trafficSwapActiveStatsMap() <16.99ms>
07-21 22:03:37.144 E/WifiHAL (  725): enter wifi_get_link_stats
07-21 22:03:37.155 I/chatty  ( 1687): uid=1000(system) ClientModeImpl expire 15 lines
07-21 22:03:37.165 W/PhoneInterfaceManager( 3449): shouldBlockLocation running ...
07-21 22:03:37.165 I/PhoneInterfaceManager( 3449): shouldBlockLocation  ret:false
07-21 22:03:38.200 I/netd    (  672): trafficSwapActiveStatsMap() <11.41ms>
07-21 22:03:38.402 I/chatty  ( 1687): uid=1000 system_server expire 2 lines
07-21 22:03:38.403 I/chatty  ( 1687): uid=1000 system_server expire 1 line
07-21 22:03:39.864 I/chatty  (32120): uid=10213(com.homelink.im) default expire 19 lines
07-21 22:03:39.866 I/chatty  (32120): uid=10213(com.homelink.im) expire 27 lines
07-21 22:03:39.873 W//system/bin/netd(  672): A binder object at 0x7e3b746b00 is being transacted on, however, this object is in the same process as its proxy. Transacting with this binder is expensive compared to just calling the corresponding functionality in the same process.
07-21 22:03:39.873 I/PreDnsController(  672): canPreDnsQuery,persist.sys.predns is false!
07-21 22:03:39.878 I/chatty  (32120): uid=10213(com.homelink.im) Thread-8 expire 12 lines
07-21 22:03:40.169 E/WifiHAL (  725): enter wifi_get_link_stats
07-21 22:03:40.183 W/PhoneInterfaceManager( 3449): shouldBlockLocation running ...
07-21 22:03:40.184 I/PhoneInterfaceManager( 3449): shouldBlockLocation  ret:false
07-21 22:03:41.180 I/netd    (  672): trafficSwapActiveStatsMap() <12.54ms>
07-21 22:03:41.860 D/SensorHub(  925): Get acc data 0.088547, 1.260404, 9.718074
07-21 22:03:42.405 I/chatty  ( 1687): uid=1000 system_server expire 2 lines
07-21 22:03:42.407 I/chatty  ( 1687): uid=1000 system_server expire 1 line
07-21 22:03:43.187 E/WifiHAL (  725): enter wifi_get_link_stats
07-21 22:03:43.197 W/PhoneInterfaceManager( 3449): shouldBlockLocation running ...
07-21 22:03:43.198 I/PhoneInterfaceManager( 3449): shouldBlockLocation  ret:false
07-21 22:03:45.914 I/dubaid  (  895): [DubaiStorage.cpp] DoFlushEntriesBuffer# Flush all entries into database
07-21 22:03:46.203 E/WifiHAL (  725): enter wifi_get_link_stats
07-21 22:03:46.213 I/netd    (  672): trafficSwapActiveStatsMap() <16.99ms>
07-21 22:03:46.222 W/PhoneInterfaceManager( 3449): shouldBlockLocation running ...
07-21 22:03:46.223 I/PhoneInterfaceManager( 3449): shouldBlockLocation  ret:false
07-21 22:03:46.359 I/chatty  ( 1687): uid=1000(system) WifiService expire 64 lines
07-21 22:03:46.400 I/chatty  ( 1687): uid=1000(system) HuaweiWifiWatch expire 24 lines
07-21 22:03:46.400 I/chatty  ( 1687): uid=1000 system_server expire 2 lines
07-21 22:03:46.403 I/chatty  ( 1687): uid=1000 system_server expire 1 line
07-21 22:03:46.405 I/chatty  ( 1687): uid=1000(system) MobileQosDetect expire 12 lines
07-21 22:03:48.220 I/netd    (  672): trafficSwapActiveStatsMap() <6.42ms>
07-21 22:03:49.228 E/WifiHAL (  725): enter wifi_get_link_stats
07-21 22:03:49.231 I/chatty  ( 1687): uid=1000(system) ClientModeImpl expire 15 lines
07-21 22:03:49.241 W/PhoneInterfaceManager( 3449): shouldBlockLocation running ...
07-21 22:03:49.241 I/PhoneInterfaceManager( 3449): shouldBlockLocation  ret:false
07-21 22:03:49.737 I/chatty  ( 1687): uid=1000(system) Binder:1687_5 expire 12 lines
07-21 22:03:50.413 I/chatty  ( 1687): uid=1000 system_server expire 2 lines
07-21 22:03:50.414 I/chatty  ( 1687): uid=1000 system_server expire 2 lines
07-21 22:03:51.240 I/netd    (  672): trafficSwapActiveStatsMap() <11.91ms>
07-21 22:03:52.110 I/fwkit_MemoryMonitor( 3661): [I/fwkit/fwkit_MemoryMonitor 3661:155 Logger.java:362] reset resident count.
07-21 22:03:52.111 E/LogWrite( 3661): wtf Exception
07-21 22:03:52.111 I/fwkit_MemoryMonitor( 3661): [I/fwkit/fwkit_MemoryMonitor 3661:155 Logger.java:362] upload all record log. size:0
07-21 22:03:52.111 I/AppLogManager( 3661): PrintWoker poll timeout , shutdown
07-21 22:03:52.111 E/LogWrite( 3661): wtf Exception
07-21 22:03:52.111 I/AppLogManager( 3661): PrintWoker poll timeout , shutdown
07-21 22:03:52.245 E/WifiHAL (  725): enter wifi_get_link_stats
07-21 22:03:52.263 W/PhoneInterfaceManager( 3449): shouldBlockLocation running ...
07-21 22:03:52.264 I/PhoneInterfaceManager( 3449): shouldBlockLocation  ret:false
07-21 22:03:54.381 I/chatty  (32120): uid=10213(com.homelink.im) MsgSyncService expire 419 lines
07-21 22:03:54.410 I/chatty  ( 1687): uid=1000 system_server expire 2 lines
07-21 22:03:54.411 I/chatty  ( 1687): uid=1000 system_server expire 1 line
07-21 22:03:55.267 E/WifiHAL (  725): enter wifi_get_link_stats
07-21 22:03:55.280 W/PhoneInterfaceManager( 3449): shouldBlockLocation running ...
07-21 22:03:55.280 I/PhoneInterfaceManager( 3449): shouldBlockLocation  ret:false
07-21 22:03:56.268 I/netd    (  672): trafficSwapActiveStatsMap() <12.62ms>
07-21 22:03:56.943 I/chatty  ( 1687): uid=1000(system) android.bg expire 10 lines
07-21 22:03:56.952 I/netd    (  672): firewallSetUidRule(2, 10027, 2) <0.09ms>
07-21 22:03:56.953 I/netd    (  672): firewallSetUidRule(2, 10063, 2) <0.04ms>
07-21 22:03:57.840 D/WorkerThreadMonitor(21568): Kill MSF check result[ senderSize:0,sendInterval:2552680,receiveInterval=2552680,addCmdCount=0
07-21 22:03:58.249 I/netd    (  672): trafficSwapActiveStatsMap() <16.80ms>
07-21 22:03:58.285 E/WifiHAL (  725): enter wifi_get_link_stats
07-21 22:03:58.304 W/PhoneInterfaceManager( 3449): shouldBlockLocation running ...
07-21 22:03:58.305 I/PhoneInterfaceManager( 3449): shouldBlockLocation  ret:false
07-21 22:03:58.413 I/chatty  ( 1687): uid=1000 system_server expire 2 lines
07-21 22:03:58.414 I/chatty  ( 1687): uid=1000 system_server expire 1 line
07-21 22:03:58.415 I/chatty  ( 1687): uid=1000(system) HuaweiWifiWatch expire 16 lines
07-21 22:03:58.493 I/chatty  ( 1687): uid=1000(system) HwSelfCureEngin expire 14 lines
07-21 22:03:59.492 I/DollieChr( 3111): handleReportStatInfoMsg enter
07-21 22:03:59.492 I/DollieChr( 3111): reportStatInfo enter
07-21 22:03:59.492 I/DollieChr( 3111): DolliChrStatisticsInfo: mSgameSwitchCount=0 mHyxdSwitchCount=0 mPubgmhdSwitchCount=0 mCfSwitchCount=0 mPubgmSwitchCount=0 mSpeedmobileSwitchCount=0 mHandoverCount=0 mSlaveCardDsWorkTime=0 mExpRecoveryCountOfGameScenes=0 mExpRecoveryCountOfCommonScenes=0 mExpRecoveryCountOfMediaScenes=0
07-21 22:03:59.494 I/DollieChr( 3111): ignoreChrReport, msgId:11, SmartDualCardSettingOff or slaveCardDeactived
07-21 22:03:59.494 I/DollieChr( 3111): startResetStatInfoTimer enter
07-21 22:03:59.494 I/DollieChr( 3111): startStatInfoReportTimer enter
07-21 22:04:00.012 W/ClockView1( 2814):  action android.intent.action.TIME_TICK
07-21 22:04:00.012 W/ClockView1( 2814):  action android.intent.action.TIME_TICK
07-21 22:04:00.012 E/DateView( 2814): DateView,mCurrentTime: 1595340240012
07-21 22:04:00.018 E/ndroid.systemu( 2814): No package ID ff found for ID 0xffffffff.
07-21 22:04:00.020 E/ndroid.systemu( 2814): No package ID ff found for ID 0xffffffff.
07-21 22:04:00.021 W/ClockView1( 2814): onreceive tz is Asia/Shanghai time:Tue Jul 21 22:04:00 GMT+08:00 2020 timezone:libcore.util.ZoneInfo[id="Asia/Shanghai",mRawOffset=28800000,mEarliestRawOffset=28800000,mUseDst=false,mDstSavings=0,transitions=28]
07-21 22:04:00.021 W/ClockView1( 2814): onreceive tz is Asia/Shanghai time:Tue Jul 21 22:04:00 GMT+08:00 2020 timezone:libcore.util.ZoneInfo[id="Asia/Shanghai",mRawOffset=28800000,mEarliestRawOffset=28800000,mUseDst=false,mDstSavings=0,transitions=28]
07-21 22:04:00.112 W/HwLockScreenPanel( 2814): Handle message: 133
07-21 22:04:00.114 W/HwLockScreenPanel( 2814): Handle message: 133
07-21 22:04:00.386 I/chatty  ( 1687): uid=1000(system) WifiService expire 77 lines
07-21 22:04:00.495 I/DollieChr( 3111): DolliChrStatisticsInfo init
07-21 22:04:00.645 I/HiTraceC( 2221): entered LogRegisterGetIdFun
07-21 22:04:00.645 I/HiTraceC( 2221): entered HiTraceInit
07-21 22:04:00.645 E/        ( 2221): storage_info: IsTimeForUpload path log/storage/ exist
07-21 22:04:01.297 I/netd    (  672): trafficSwapActiveStatsMap() <14.43ms>
07-21 22:04:01.309 E/WifiHAL (  725): enter wifi_get_link_stats
07-21 22:04:01.320 I/chatty  ( 1687): uid=1000(system) ClientModeImpl expire 22 lines
07-21 22:04:01.329 W/PhoneInterfaceManager( 3449): shouldBlockLocation running ...
07-21 22:04:01.329 I/PhoneInterfaceManager( 3449): shouldBlockLocation  ret:false
07-21 22:04:01.737 I/chatty  ( 3392): uid=1000(system) NcDftHandler expire 14 lines
07-21 22:04:02.116 I/chatty  ( 1687): uid=1000(system) Binder:1687_5 expire 30 lines
07-21 22:04:02.426 I/chatty  ( 1687): uid=1000 system_server expire 2 lines
07-21 22:04:02.427 I/chatty  ( 1687): uid=1000(system) MobileQosDetect expire 10 lines
07-21 22:04:02.428 I/chatty  ( 1687): uid=1000 system_server expire 1 line
07-21 22:04:03.152 I/chatty  ( 3111): uid=1000(system) DaemonClientRec expire 8 lines
07-21 22:04:03.187 I/chatty  ( 3111): uid=1000(system) SmartcareThread expire 2 lines
07-21 22:04:04.335 E/WifiHAL (  725): enter wifi_get_link_stats
07-21 22:04:04.348 W/PhoneInterfaceManager( 3449): shouldBlockLocation running ...
07-21 22:04:04.349 I/PhoneInterfaceManager( 3449): shouldBlockLocation  ret:false
07-21 22:04:04.461 I/chatty  ( 1687): uid=1000(system) wifipro_feature expire 1 line
07-21 22:04:06.336 I/netd    (  672): trafficSwapActiveStatsMap() <23.32ms>
07-21 22:04:06.429 I/chatty  ( 1687): uid=1000 system_server expire 2 lines
07-21 22:04:06.431 I/chatty  ( 1687): uid=1000 system_server expire 1 line
07-21 22:04:06.486 I/chatty  ( 3392): uid=1000(system) HwWifiCHRStateM expire 5 lines
07-21 22:04:06.539 I/chatty  ( 3392): uid=1000(system) HeapTaskDaemon expire 1 line
07-21 22:04:07.352 E/WifiHAL (  725): enter wifi_get_link_stats
07-21 22:04:07.364 W/PhoneInterfaceManager( 3449): shouldBlockLocation running ...
07-21 22:04:07.364 I/PhoneInterfaceManager( 3449): shouldBlockLocation  ret:false
07-21 22:04:08.304 I/netd    (  672): trafficSwapActiveStatsMap() <44.62ms>
07-21 22:04:08.606 E/Thermal-daemon:ambient(  909): calc_ambient_temp: median filter output 28818
07-21 22:04:08.607 E/Thermal-daemon:ambient(  909): ambient_sample: write temp 28818 to ambient node
07-21 22:04:09.872 I/chatty  (32120): uid=10213(com.homelink.im) default expire 20 lines
07-21 22:04:09.875 I/chatty  (32120): uid=10213(com.homelink.im) expire 27 lines
07-21 22:04:09.879 I/chatty  ( 1687): uid=1000(system) ActivityManager expire 2 lines
07-21 22:04:09.882 W//system/bin/netd(  672): A binder object at 0x7e3b746b00 is being transacted on, however, this object is in the same process as its proxy. Transacting with this binder is expensive compared to just calling the corresponding functionality in the same process.
07-21 22:04:09.882 I/PreDnsController(  672): canPreDnsQuery,persist.sys.predns is false!
07-21 22:04:09.883 I/chatty  (32120): uid=10213(com.homelink.im) expire 13 lines
07-21 22:04:09.896 E/res_send(  672): res_nsend: ipv4_invalid_type:3
07-21 22:04:10.369 E/WifiHAL (  725): enter wifi_get_link_stats
07-21 22:04:10.388 W/PhoneInterfaceManager( 3449): shouldBlockLocation running ...
07-21 22:04:10.388 I/PhoneInterfaceManager( 3449): shouldBlockLocation  ret:false
07-21 22:04:10.423 I/chatty  ( 1687): uid=1000(system) HuaweiWifiWatch expire 26 lines
07-21 22:04:10.424 I/chatty  ( 1687): uid=1000 system_server expire 2 lines
07-21 22:04:10.425 I/chatty  ( 1687): uid=1000 system_server expire 1 line
07-21 22:04:11.315 E/bastetd (  923): [ProxySocket    ] NotifySocketErrState# No record found by comm prop, state=196619
07-21 22:04:11.392 I/netd    (  672): trafficSwapActiveStatsMap() <40.39ms>
07-21 22:04:13.161 I/storaged(  908): storaged_t::event: storage_info refreshed.
07-21 22:04:13.305 I/chatty  ( 1687): uid=1000(system) Binder:1687_E expire 10 lines
07-21 22:04:13.393 E/WifiHAL (  725): enter wifi_get_link_stats
07-21 22:04:13.414 W/PhoneInterfaceManager( 3449): shouldBlockLocation running ...
07-21 22:04:13.415 I/PhoneInterfaceManager( 3449): shouldBlockLocation  ret:false
07-21 22:04:14.048 I/chatty  ( 1687): uid=1000(system) Binder:1687_E expire 11 lines
07-21 22:04:14.050 W/TelephonyPermissions( 3449): reportAccessDeniedToReadIdentifiers:com.homelink.im:getUniqueDeviceId:isPreinstalled=false:isPrivApp=false
07-21 22:04:14.283 I/chatty  (32120): uid=10213(com.homelink.im) Slowway-ThreadP expire 4 lines
07-21 22:04:14.431 I/chatty  ( 1687): uid=1000 system_server expire 2 lines
07-21 22:04:14.433 I/chatty  ( 1687): uid=1000 system_server expire 1 line
07-21 22:04:16.419 E/WifiHAL (  725): enter wifi_get_link_stats
07-21 22:04:16.420 I/netd    (  672): trafficSwapActiveStatsMap() <12.65ms>
07-21 22:04:16.433 W/PhoneInterfaceManager( 3449): shouldBlockLocation running ...
07-21 22:04:16.433 I/PhoneInterfaceManager( 3449): shouldBlockLocation  ret:false
07-21 22:04:16.514 E/Thermal-daemon:hw_thermal(  909): [battery] temp_new :34  temp_old :33
07-21 22:04:16.515 E/Thermal-daemon:hw_thermal(  909): Report temperature: [battery] temp :34  report_threshold:1
07-21 22:04:17.373 I/aptouch_daemon(  840): check_afe_status, afe[238 120 X1] [ctrl:X40020 ftr:X140] dif[15 -22] raw[32861 32681] [exp:X0 aN:0 lo:0]
07-21 22:04:18.332 I/netd    (  672): trafficSwapActiveStatsMap() <11.23ms>
07-21 22:04:18.438 I/chatty  ( 1687): uid=1000(system) ClientModeImpl expire 12 lines
07-21 22:04:18.442 I/chatty  ( 1687): uid=1000 system_server expire 2 lines
07-21 22:04:18.442 I/chatty  ( 1687): uid=1000(system) WifiService expire 79 lines
07-21 22:04:18.444 I/chatty  ( 1687): uid=1000 system_server expire 1 line
07-21 22:04:18.447 I/chatty  ( 1687): uid=1000(system) MobileQosDetect expire 12 lines
07-21 22:04:19.437 E/WifiHAL (  725): enter wifi_get_link_stats
07-21 22:04:19.457 W/PhoneInterfaceManager( 3449): shouldBlockLocation running ...
07-21 22:04:19.457 I/PhoneInterfaceManager( 3449): shouldBlockLocation  ret:false
07-21 22:04:20.578 I/chatty  ( 3130): uid=1000(system) com.huawei.iaware expire 2 lines
07-21 22:04:21.448 I/netd    (  672): trafficSwapActiveStatsMap() <12.31ms>
07-21 22:04:22.116 I/chatty  ( 1687): uid=1000(system) Binder:1687_14 expire 21 lines
07-21 22:04:22.445 I/chatty  ( 1687): uid=1000 system_server expire 2 lines
07-21 22:04:22.446 I/chatty  ( 1687): uid=1000 system_server expire 1 line
07-21 22:04:22.461 E/WifiHAL (  725): enter wifi_get_link_stats
07-21 22:04:22.471 W/PhoneInterfaceManager( 3449): shouldBlockLocation running ...
07-21 22:04:22.471 I/PhoneInterfaceManager( 3449): shouldBlockLocation  ret:false
07-21 22:04:22.874 I/chatty  ( 4174): uid=1000(system) com.huawei.android.pushagent.PushService expire 2 lines
07-21 22:04:22.877 I/chatty  ( 4174): uid=1000(system) ReceiverDispatc expire 9 lines
07-21 22:04:22.916 I/chatty  ( 4174): uid=1000(system) ad_21:32:34.616 expire 4 lines
07-21 22:04:22.927 I/PushLog100101300( 4174): [SocketRead_21:32:34.616-4931]judgeFindBestHB and isBestHBTimeOut: falseisOffset: false
07-21 22:04:22.931 I/PushLog100101300( 4174): [SocketRead_21:32:34.616-4931] get charging true
07-21 22:04:22.931 I/PushLog100101300( 4174): [SocketRead_21:32:34.616-4931]after delayHeartBeatReq, is charging, nextHeartBeatTime will be 180000ms later
07-21 22:04:22.931 I/PushLog100101300( 4174): [SocketRead_21:32:34.616-4931]enter AlarmTools:setExactAlarm(intent:Intent { act=com.huawei.push.alarm.HEARTBEAT pkg=android } interval:180000ms
07-21 22:04:22.931 I/PushLog100101300( 4174): [SocketRead_21:32:34.616-4931]setExactAlarm expectTriggerTime:1595340442931
07-21 22:04:22.941 I/PushLog100101300( 4174): [SocketRead_21:32:34.616-4931]dispatchIntent over
07-21 22:04:22.942 I/PushLog100101300( 4174): [ReceiverDispatcher-149]process push message cmdid from pushSrv:47, subCmdId:FF
07-21 22:04:22.942 I/PushLog100101300( 4174): [ReceiverDispatcher-149]enter AlarmTools:setInexactAlarm(intent:Intent { act=com.huawei.action.push.intent.CHECK_CHANNEL_CYCLE pkg=android } interval:1200000ms
07-21 22:04:23.011 I/chatty  (32120): uid=10213(com.homelink.im) expire 1 line
07-21 22:04:23.015 W//system/bin/netd(  672): A binder object at 0x7e3b746b00 is being transacted on, however, this object is in the same process as its proxy. Transacting with this binder is expensive compared to just calling the corresponding functionality in the same process.
07-21 22:04:23.015 I/PreDnsController(  672): canPreDnsQuery,persist.sys.predns is false!
07-21 22:04:23.039 E/res_send(  672): res_nsend: ipv4_invalid_type:3
07-21 22:04:23.042 I/chatty  ( 1687): uid=1000 system_server expire 9 lines
07-21 22:04:25.477 E/WifiHAL (  725): enter wifi_get_link_stats
07-21 22:04:25.491 W/PhoneInterfaceManager( 3449): shouldBlockLocation running ...
07-21 22:04:25.491 I/PhoneInterfaceManager( 3449): shouldBlockLocation  ret:false
07-21 22:04:26.440 I/chatty  ( 1687): uid=1000(system) HuaweiWifiWatch expire 19 lines
07-21 22:04:26.441 I/chatty  ( 1687): uid=1000 system_server expire 2 lines
07-21 22:04:26.442 I/chatty  ( 1687): uid=1000 system_server expire 1 line
07-21 22:04:26.496 I/netd    (  672): trafficSwapActiveStatsMap() <33.43ms>
07-21 22:04:27.005 I/chatty  (32083): uid=10213(com.homelink.im) GBD-Thread expire 22 lines
07-21 22:04:27.103 I/chatty  (32083): uid=10213(com.homelink.im) Profile Saver expire 2 lines
07-21 22:04:27.204 I/chatty  (32083): uid=10213 com.homelink.im:pushservice expire 4 lines
07-21 22:04:27.206 E/SELinux (  498): avc:  denied  { find } for interface=vendor.huawei.hardware.sensors::ISensors sid=u:r:untrusted_app_27:s0:c512,c768 pid=32083 scontext=u:r:untrusted_app_27:s0:c512,c768 tcontext=u:object_r:default_hisi_hwservice:s0 tclass=hwservice_manager permissive=0
07-21 22:04:27.214 I/chatty  (32083): uid=10213 com.homelink.im:pushservice expire 1 line
07-21 22:04:27.229 I/chatty  ( 2250): uid=10213(com.homelink.im) expire 1 line
07-21 22:04:27.241 I/chatty  ( 2251): uid=10213(com.homelink.im) expire 1 line
07-21 22:04:27.285 W/migration/6(   47): type=1400 audit(0.0:279500): avc: granted { setsched } for pid=47 scontext=u:r:kernel:s0 tcontext=u:r:kernel:s0 tclass=process
07-21 22:04:27.285 W/migration/7(   53): type=1400 audit(0.0:279501): avc: granted { setsched } for pid=53 scontext=u:r:kernel:s0 tcontext=u:r:kernel:s0 tclass=process
07-21 22:04:27.313 I/chatty  (32083): uid=10213(com.homelink.im) pool-7-thread-1 expire 1 line
07-21 22:04:27.449 W/migration/7(   53): type=1400 audit(0.0:279502): avc: granted { setsched } for pid=53 scontext=u:r:kernel:s0 tcontext=u:r:kernel:s0 tclass=process
07-21 22:04:27.449 W/migration/6(   47): type=1400 audit(0.0:279503): avc: granted { setsched } for pid=47 scontext=u:r:kernel:s0 tcontext=u:r:kernel:s0 tclass=process
07-21 22:04:28.273 W/migration/6(   47): type=1400 audit(0.0:279504): avc: granted { setsched } for pid=47 scontext=u:r:kernel:s0 tcontext=u:r:kernel:s0 tclass=process
07-21 22:04:28.305 W/migration/7(   53): type=1400 audit(0.0:279505): avc: granted { setsched } for pid=53 scontext=u:r:kernel:s0 tcontext=u:r:kernel:s0 tclass=process
07-21 22:04:28.360 I/netd    (  672): trafficSwapActiveStatsMap() <17.84ms>
07-21 22:04:28.461 W/migration/7(   53): type=1400 audit(0.0:279506): avc: granted { setsched } for pid=53 scontext=u:r:kernel:s0 tcontext=u:r:kernel:s0 tclass=process
07-21 22:04:28.461 W/migration/6(   47): type=1400 audit(0.0:279507): avc: granted { setsched } for pid=47 scontext=u:r:kernel:s0 tcontext=u:r:kernel:s0 tclass=process
07-21 22:04:28.497 E/WifiHAL (  725): enter wifi_get_link_stats
07-21 22:04:28.500 I/chatty  ( 1687): uid=1000(system) ClientModeImpl expire 15 lines
07-21 22:04:28.510 W/PhoneInterfaceManager( 3449): shouldBlockLocation running ...
07-21 22:04:28.510 I/PhoneInterfaceManager( 3449): shouldBlockLocation  ret:false
07-21 22:04:28.865 I/chatty  ( 1687): uid=1000(system) UEventObserver expire 14 lines
07-21 22:04:29.301 W/migration/6(   47): type=1400 audit(0.0:279508): avc: granted { setsched } for pid=47 scontext=u:r:kernel:s0 tcontext=u:r:kernel:s0 tclass=process
07-21 22:04:29.321 W/migration/7(   53): type=1400 audit(0.0:279509): avc: granted { setsched } for pid=53 scontext=u:r:kernel:s0 tcontext=u:r:kernel:s0 tclass=process
07-21 22:04:29.481 W/migration/7(   53): type=1400 audit(0.0:279510): avc: granted { setsched } for pid=53 scontext=u:r:kernel:s0 tcontext=u:r:kernel:s0 tclass=process
07-21 22:04:29.481 W/migration/6(   47): type=1400 audit(0.0:279511): avc: granted { setsched } for pid=47 scontext=u:r:kernel:s0 tcontext=u:r:kernel:s0 tclass=process
07-21 22:04:30.448 I/chatty  ( 1687): uid=1000 system_server expire 2 lines
07-21 22:04:30.449 I/chatty  ( 1687): uid=1000 system_server expire 2 lines
07-21 22:04:31.513 E/WifiHAL (  725): enter wifi_get_link_stats
07-21 22:04:31.522 E/Thermal-daemon:hw_thermal(  909): [charger_ic] temp_new :35  temp_old :34
