07-21 21:46:20.331 I/chatty  ( 1687): uid=1000(system) Binder:1687_19 expire 12 lines
07-21 21:46:22.521 I/chatty  ( 1687): uid=1000(system) Binder:1687_D expire 32 lines
07-21 21:46:33.670 I/chatty  ( 1687): uid=1000(system) UEventObserver expire 14 lines
07-21 21:46:53.149 I/BoosterSwitchP( 3111): notifyUidState do nothing
07-21 21:46:53.149 I/DeepNoDisturbP( 3111): notifyUidState
07-21 21:46:53.149 I/BrowserChrP( 3111): notifyUidState
07-21 21:46:57.116 I/chatty  ( 1687): uid=1000(system) Binder:1687_16 expire 13 lines
07-21 21:47:13.087 I/storaged(  908): storaged_t::event: storage_info refreshed.
07-21 21:47:17.116 I/chatty  ( 1687): uid=1000(system) Binder:1687_16 expire 20 lines
07-21 21:47:17.970 I/chatty  ( 1687): uid=1000(system) PowerManagerSer expire 21 lines
07-21 21:47:18.270 I/chatty  ( 1687): uid=1000(system) Binder:1687_D expire 10 lines
07-21 21:47:35.106 I/chatty  ( 1687): uid=1000(system) UEventObserver expire 14 lines
07-21 21:47:49.701 I/chatty  ( 1687): uid=1000(system) Binder:1687_7 expire 25 lines
07-21 21:48:13.088 I/storaged(  908): storaged_t::event: storage_info refreshed.
07-21 21:48:13.308 I/chatty  ( 1687): uid=1000(system) monitor thread expire 17 lines
07-21 21:48:13.486 I/chatty  ( 1687): uid=1000(system) MobileQosDetect expire 25 lines
07-21 21:48:14.101 I/chatty  ( 1687): uid=1000(system) Binder:1687_D expire 15 lines
07-21 21:48:18.999 I/chatty  ( 1687): uid=1000(system) Binder:1687_14 expire 10 lines
07-21 21:48:36.559 I/chatty  ( 1687): uid=1000(system) UEventObserver expire 21 lines
07-21 21:48:42.899 I/chatty  ( 1687): uid=1000(system) PowerManagerSer expire 24 lines
07-21 21:48:47.116 I/chatty  ( 1687): uid=1000(system) Binder:1687_7 expire 26 lines
07-21 21:48:50.629 I/chatty  ( 1687): uid=1000(system) Binder:1687_6 expire 23 lines
07-21 21:48:51.945 I/chatty  ( 1687): uid=1000 system_server expire 10 lines
07-21 21:48:51.994 D/ActivityThread(31003): Attach thread to application
07-21 21:48:56.717 I/chatty  ( 1687): uid=1000(system) AlarmManager expire 11 lines
07-21 21:49:13.089 I/storaged(  908): storaged_t::event: storage_info refreshed.
07-21 21:49:16.147 I/chatty  ( 1687): uid=1000(system) Binder:1687_7 expire 26 lines
07-21 21:49:52.656 I/BoosterSwitchP( 3111): notifyUidState do nothing
07-21 21:49:52.656 I/DeepNoDisturbP( 3111): notifyUidState
07-21 21:49:52.656 I/BrowserChrP( 3111): notifyUidState
07-21 21:49:53.587 I/chatty  ( 1687): uid=1000(system) MobileQosDetect expire 12 lines
07-21 21:49:55.314 I/chatty  ( 1687): uid=1000(system) monitor thread expire 23 lines
07-21 21:49:57.115 I/chatty  ( 1687): uid=1000(system) Binder:1687_19 expire 22 lines
07-21 21:50:08.711 I/chatty  ( 1687): uid=1000(system) UEventObserver expire 21 lines
07-21 21:50:13.090 I/storaged(  908): storaged_t::event: storage_info refreshed.
07-21 21:50:41.576 I/chatty  ( 1687): uid=1000(system) Binder:1687_19 expire 17 lines
07-21 21:50:41.628 I/chatty  ( 1687): uid=1000(system) MobileQosDetect expire 12 lines
07-21 21:51:13.091 I/storaged(  908): storaged_t::event: storage_info refreshed.
07-21 21:51:13.092 I/chatty  ( 1687): uid=1000(system) Binder:1687_7 expire 12 lines
07-21 21:51:27.154 I/BoosterSwitchP( 3111): notifyUidState do nothing
07-21 21:51:27.154 I/DeepNoDisturbP( 3111): notifyUidState
07-21 21:51:27.154 I/BrowserChrP( 3111): notifyUidState
07-21 21:51:27.619 I/chatty  ( 1687): uid=1000(system) Binder:1687_6 expire 31 lines
07-21 21:51:29.674 I/chatty  ( 1687): uid=1000(system) MobileQosDetect expire 11 lines
07-21 21:51:37.270 I/BoosterSwitchP( 3111): notifyUidState do nothing
07-21 21:51:37.271 I/DeepNoDisturbP( 3111): notifyUidState
07-21 21:51:37.271 I/BrowserChrP( 3111): notifyUidState
07-21 21:51:40.866 I/chatty  ( 1687): uid=1000(system) UEventObserver expire 14 lines
07-21 21:51:42.620 I/chatty  ( 1687): uid=1000(system) Binder:1687_19 expire 30 lines
07-21 21:51:49.711 I/chatty  ( 1687): uid=1000(system) Binder:1687_D expire 10 lines
07-21 21:52:09.681 I/chatty  ( 1687): uid=1000(system) ConnectivitySer expire 12 lines
07-21 21:52:13.092 I/storaged(  908): storaged_t::event: storage_info refreshed.
07-21 21:52:13.322 I/chatty  ( 1687): uid=1000(system) monitor thread expire 15 lines
07-21 21:52:13.557 I/chatty  ( 1687): uid=1000(system) Binder:1687_19 expire 10 lines
07-21 21:52:13.717 I/chatty  ( 1687): uid=1000(system) MobileQosDetect expire 22 lines
07-21 21:52:22.623 I/chatty  ( 1687): uid=1000(system) Binder:1687_D expire 67 lines
07-21 21:52:42.309 I/chatty  ( 1687): uid=1000(system) UEventObserver expire 14 lines
07-21 21:52:47.622 I/BoosterSwitchP( 3111): notifyUidState do nothing
07-21 21:52:47.622 I/DeepNoDisturbP( 3111): notifyUidState
07-21 21:52:47.622 I/BrowserChrP( 3111): notifyUidState
07-21 21:52:48.169 D/ActivityThread(31177): Attach thread to application
07-21 21:52:56.979 I/chatty  ( 1687): uid=1000(system) Binder:1687_5 expire 13 lines
07-21 21:53:03.159 I/chatty  ( 1687): uid=1000(system) PowerManagerSer expire 21 lines
07-21 21:53:13.092 I/storaged(  908): storaged_t::event: storage_info refreshed.
07-21 21:53:14.038 I/chatty  ( 1687): uid=1000(system) Binder:1687_5 expire 23 lines
07-21 21:53:41.010 D/RtgSched(28671): resetRtgSchedHandle failed enable:0
07-21 21:53:41.025 I/chatty  ( 1687): uid=1000(system) Binder:1687_5 expire 34 lines
07-21 21:53:41.055 I/HwCommandQueue( 2814): updateBarBgColor
07-21 21:53:41.055 D/HwCommandQueue( 2814): CommandQueue, setBarBackgroundColor
07-21 21:53:41.802 I/chatty  ( 1687): uid=1000(system) MobileQosDetect expire 14 lines
07-21 21:53:41.920 I/chatty  ( 1687): uid=1000(system) Binder:1687_6 expire 20 lines
07-21 21:53:41.935 I/chatty  ( 1687): uid=1000(system) Binder:1687_8 expire 39 lines
07-21 21:53:41.945 I/BoosterSwitchP( 3111): notifyUidState do nothing
07-21 21:53:41.945 I/DeepNoDisturbP( 3111): notifyUidState
07-21 21:53:41.945 I/BrowserChrP( 3111): notifyUidState
07-21 21:53:41.947 D/ActivityThread(29295): Won't deliver top position change in state=5
07-21 21:53:41.952 I/HwNetworkPolicyManager( 5758): getHwUidPolicy uid = 10213 policy = 0
07-21 21:53:41.978 I/HidataAppQoeP( 3111): foregroundUidAdd uid: 10213 name: com.homelink.im activity state: true
07-21 21:53:41.984 D/RtgSched( 8183): resetRtgSchedHandle failed enable:0
07-21 21:53:41.985 I/HwCommandQueue( 2814): updateBarBgColor
07-21 21:53:41.985 D/HwCommandQueue( 2814): CommandQueue, setBarBackgroundColor
07-21 21:53:41.985 E/BoosterUtil( 3111): convertSubIdToSlotId failed, subId:0, slotId:-1
07-21 21:53:41.985 E/BoosterUtil( 3111): getDefaultDataSlotId failed, invalid slotId:-1, subId:0
07-21 21:53:41.986 I/NetworkQoeChr( 3111): checkForegroundApp timer end
07-21 21:53:41.988 I/SmartDualCardConfig( 3111): getAppType,pkgName=com.homelink.im,appType=0
07-21 21:53:41.988 E/SmartDualCardConfig( 3111): isAppInBlackList false,items==null
07-21 21:53:41.988 I/SmartDualCardConfig( 3111): isAppInWhiteList false,uid=10213
07-21 21:53:42.358 I/chatty  ( 1687): uid=1000(system) android.anim expire 47 lines
07-21 21:53:42.369 I/SmartDualCardConfig( 3111): getAppType,pkgName=com.huawei.android.launcher,appType=28
07-21 21:53:42.369 E/SmartDualCardConfig( 3111): isAppInBlackList false,items==null
07-21 21:53:42.369 I/SmartDualCardConfig( 3111): isAppInWhiteList false,uid=10069
07-21 21:53:42.398 I/BoosterSwitchP( 3111): notifyUidState do nothing
07-21 21:53:42.398 I/DeepNoDisturbP( 3111): notifyUidState
07-21 21:53:42.398 I/BrowserChrP( 3111): notifyUidState
07-21 21:53:43.327 I/chatty  ( 1687): uid=1000(system) monitor thread expire 13 lines
07-21 21:53:43.753 I/chatty  ( 1687): uid=1000(system) UEventObserver expire 14 lines
07-21 21:53:45.960 I/chatty  ( 1687): uid=1000(system) PackageInstalle expire 13 lines
07-21 21:53:45.989 I/chatty  ( 1687): uid=1000(system) HwActivityTaskM expire 13 lines
07-21 21:53:45.989 I/chatty  ( 1687): uid=1000(system) Thread-8 expire 11 lines
07-21 21:53:45.999 I/chatty  ( 1687): uid=1000(system) MultiTaskManage expire 10 lines
07-21 21:53:46.020 D/ActivityThread(31318): Attach thread to application
07-21 21:53:46.038 I/HwNetworkPolicyManager( 5758): getHwUidPolicy uid = 10045 policy = 0
07-21 21:53:46.040 I/BoosterSwitchP( 3111): notifyUidState do nothing
07-21 21:53:46.040 I/DeepNoDisturbP( 3111): notifyUidState
07-21 21:53:46.040 I/BrowserChrP( 3111): notifyUidState
07-21 21:53:46.049 D/RtgSched(29295): resetRtgSchedHandle failed enable:0
07-21 21:53:46.055 V/ActivityThread(31318): callActivityOnCreate
07-21 21:53:46.079 D/ActivityThread(31318): add activity client record, r= ActivityRecord{1c6eb03 token=android.os.BinderProxy@2a457aa {com.android.packageinstaller/com.android.packageinstaller.InstallStart}} token= android.os.BinderProxy@2a457aa
07-21 21:53:46.090 I/HidataAppQoeP( 3111): foregroundUidAdd uid: 10045 name: com.android.packageinstaller activity state: true
07-21 21:53:46.093 E/BoosterUtil( 3111): convertSubIdToSlotId failed, subId:0, slotId:-1
07-21 21:53:46.094 E/BoosterUtil( 3111): getDefaultDataSlotId failed, invalid slotId:-1, subId:0
07-21 21:53:46.094 I/NetworkQoeChr( 3111): checkForegroundApp timer end
07-21 21:53:46.095 I/SmartDualCardConfig( 3111): getAppType,pkgName=com.android.packageinstaller,appType=255
07-21 21:53:46.095 E/SmartDualCardConfig( 3111): isAppInBlackList false,items==null
07-21 21:53:46.095 I/SmartDualCardConfig( 3111): isAppInWhiteList false,uid=10045
07-21 21:53:46.130 V/ActivityThread(31318): callActivityOnCreate
07-21 21:53:46.147 D/SystemConfig(31318): Removed unavailable feature android.hardware.sensor.barometer
07-21 21:53:46.150 W/SystemConfig(31318): No directory /product_services/etc/sysconfig, skipping
07-21 21:53:46.150 W/SystemConfig(31318): No directory /product_services/etc/permissions, skipping
07-21 21:53:46.150 W/SystemConfig(31318): No directory /system/emui/base/sysconfig, skipping
07-21 21:53:46.150 W/SystemConfig(31318): No directory /system/emui/china/sysconfig, skipping
07-21 21:53:46.150 W/SystemConfig(31318): No directory /vendor/etc/sysconfig, skipping
07-21 21:53:46.152 D/SystemConfig(31318): Removed unavailable feature android.hardware.sensor.barometer
07-21 21:53:46.154 W/SystemConfig(31318): No directory /odm/cust/all/cn/sysconfig, skipping
07-21 21:53:46.154 W/SystemConfig(31318): No directory /odm/cust/all/cn/permissions, skipping
07-21 21:53:46.154 W/SystemConfig(31318): No directory /odm/etc/sysconfig, skipping
07-21 21:53:46.154 W/SystemConfig(31318): No directory /odm/hw_odm/ELE-AL00/sysconfig, skipping
07-21 21:53:46.154 W/SystemConfig(31318): No directory /odm/hw_odm/ELE-AL00/permissions, skipping
07-21 21:53:46.154 W/SystemConfig(31318): No directory /hw_product/etc/sysconfig, skipping
07-21 21:53:46.156 W/SystemConfig(31318): No directory /hw_product/region_comm/china/sysconfig, skipping
07-21 21:53:46.156 W/SystemConfig(31318): No directory /preas/china/sysconfig, skipping
07-21 21:53:46.157 W/SystemConfig(31318): No directory /hw_product/hw_oem/ELE-AL00/sysconfig, skipping
07-21 21:53:46.158 W/SystemConfig(31318): No directory /preload/ELE-AL00/all/cn/sysconfig, skipping
07-21 21:53:46.158 W/SystemConfig(31318): No directory /cust/global/sysconfig, skipping
07-21 21:53:46.158 W/SystemConfig(31318): No directory /cust/global/permissions, skipping
07-21 21:53:46.158 W/SystemConfig(31318): No directory /cust/hw/cn/sysconfig, skipping
07-21 21:53:46.158 W/SystemConfig(31318): No directory /cust/hw/cn/permissions, skipping
07-21 21:53:46.158 W/SystemConfig(31318): No directory /version/cust/all/cn/sysconfig, skipping
07-21 21:53:46.158 W/SystemConfig(31318): No directory /hw_product/special_cust/ELE-AL00/all/cn/sysconfig, skipping
07-21 21:53:46.158 W/SystemConfig(31318): No directory /hw_product/special_cust/ELE-AL00/all/cn/permissions, skipping
07-21 21:53:46.158 W/SystemConfig(31318): No directory /version/special_cust/ELE-AL00/all/cn/sysconfig, skipping
07-21 21:53:46.158 W/SystemConfig(31318): No directory /version/special_cust/ELE-AL00/all/cn/permissions, skipping
07-21 21:53:46.158 W/SystemConfig(31318): No directory /cust/cotalite/sysconfig, skipping
07-21 21:53:46.158 W/SystemConfig(31318): No directory /cust/cotalite/permissions, skipping
07-21 21:53:46.159 W/SystemConfig(31318): No directory /cust/ecota/sysconfig, skipping
07-21 21:53:46.159 W/SystemConfig(31318): No directory /cust/ecota/permissions, skipping
07-21 21:53:46.184 D/ActivityThread(31318): add activity client record, r= ActivityRecord{d53942f token=android.os.BinderProxy@fed55f1 {com.android.packageinstaller/com.android.packageinstaller.PackageInstallerActivity}} token= android.os.BinderProxy@fed55f1
07-21 21:53:46.564 D/ActivityThread(31318): Remove activity client record, r= ActivityRecord{1c6eb03 token=android.os.BinderProxy@2a457aa {com.android.packageinstaller/com.android.packageinstaller.InstallStart}} token= android.os.BinderProxy@2a457aa
07-21 21:53:46.614 I/HidataAppQoeP( 3111): foregroundUidRemove uid: 10213 name: com.homelink.im
07-21 21:53:46.615 I/SmartDualCardConfig( 3111): getAppType,pkgName=com.homelink.im,appType=0
07-21 21:53:46.615 E/SmartDualCardConfig( 3111): isAppInBlackList false,items==null
07-21 21:53:46.615 I/SmartDualCardConfig( 3111): isAppInWhiteList false,uid=10213
07-21 21:53:46.666 I/BoosterSwitchP( 3111): notifyUidState do nothing
07-21 21:53:46.666 I/DeepNoDisturbP( 3111): notifyUidState
07-21 21:53:46.666 I/BrowserChrP( 3111): notifyUidState
07-21 21:53:47.519 W/HwApsManager(31318): HwApsManagerService, registerCallback, start !
07-21 21:53:47.540 I/chatty  ( 1687): uid=1000(system) Binder:1687_A expire 16 lines
07-21 21:53:47.542 I/HwCommandQueue( 2814): updateBarBgColor
07-21 21:53:47.542 D/HwCommandQueue( 2814): CommandQueue, setBarBackgroundColor
07-21 21:53:47.542 I/chatty  ( 1687): uid=1000(system) android.ui expire 12 lines
07-21 21:53:47.644 I/chatty  ( 1687): uid=1000(system) ActivityManager expire 10 lines
07-21 21:53:47.661 D/ActivityThread(31392): Attach thread to application
07-21 21:53:47.698 I/chatty  ( 1687): uid=1000(system) Binder:1687_19 expire 10 lines
07-21 21:53:53.408 D/ActivityThread(31468): Attach thread to application
07-21 21:53:53.455 I/chatty  ( 1687): uid=1000(system) backup-0 expire 6 lines
07-21 21:53:53.476 I/chatty  ( 1687): uid=1000(system) android.display expire 12 lines
07-21 21:53:53.484 V/ActivityThread(31318): callActivityOnCreate
07-21 21:53:53.500 D/ActivityThread(31318): add activity client record, r= ActivityRecord{410cf62 token=android.os.BinderProxy@8c3b47c {com.android.packageinstaller/com.android.packageinstaller.InstallInstalling}} token= android.os.BinderProxy@8c3b47c
07-21 21:53:53.516 I/chatty  ( 1687): uid=1000(system) Binder:1687_5 expire 24 lines
07-21 21:53:53.533 I/chatty  ( 1687): uid=1000(system) android.anim expire 17 lines
07-21 21:53:53.551 D/ActivityThread(31318): Remove activity client record, r= ActivityRecord{d53942f token=android.os.BinderProxy@fed55f1 {com.android.packageinstaller/com.android.packageinstaller.PackageInstallerActivity}} token= android.os.BinderProxy@fed55f1
07-21 21:53:53.621 I/chatty  ( 1687): uid=1000(system) PackageManager expire 236 lines
07-21 21:53:57.037 I/chatty  ( 1687): uid=1000(system) AlarmManager expire 13 lines
07-21 21:54:00.679 I/chatty  ( 1687): uid=1000(system) ActivityManager expire 13 lines
07-21 21:54:01.008 I/chatty  ( 1687): uid=1000(system) android.fg expire 9 lines
07-21 21:54:01.032 I/chatty  ( 1687): uid=1000(system) Binder:1687_6 expire 14 lines
07-21 21:54:01.055 V/ActivityThread(31318): callActivityOnCreate
07-21 21:54:01.069 D/ActivityThread(31318): add activity client record, r= ActivityRecord{4cb6255 token=android.os.BinderProxy@d88e8ba {com.android.packageinstaller/com.android.packageinstaller.InstallSuccess}} token= android.os.BinderProxy@d88e8ba
07-21 21:54:01.069 I/chatty  ( 1687): uid=1000(system) Binder:1687_8 expire 11 lines
07-21 21:54:01.083 I/chatty  ( 1687): uid=1000(system) android.bg expire 15 lines
07-21 21:54:01.103 I/chatty  ( 1687): uid=1000(system) Binder:1687_1 expire 10 lines
07-21 21:54:01.108 I/chatty  ( 1687): uid=1000(system) Binder:1687_1D expire 10 lines
07-21 21:54:01.131 D/ActivityThread(31318): Remove activity client record, r= ActivityRecord{410cf62 token=android.os.BinderProxy@8c3b47c {com.android.packageinstaller/com.android.packageinstaller.InstallInstalling}} token= android.os.BinderProxy@8c3b47c
07-21 21:54:01.132 D/ActivityThread(31513): Attach thread to application
07-21 21:54:01.151 W/ContextImpl(28671): Calling a method in the system process without a qualified user: android.app.ContextImpl.startService:1674 android.content.ContextWrapper.startService:669 android.content.ContextWrapper.startService:669 com.android.settings.applications.BlackListReceiver.onReceive:45 android.app.ActivityThread.handleReceiver:4462 
07-21 21:54:01.156 I/chatty  ( 1687): uid=1000(system) Binder:1687_1A expire 6 lines
07-21 21:54:01.160 I/BoosterGameP( 3111): handleStateChanged reason=12
07-21 21:54:01.162 E/BoosterUtil( 3111): convertSubIdToSlotId failed, subId:0, slotId:-1
07-21 21:54:01.162 E/BoosterUtil( 3111): getDefaultDataSlotId failed, invalid slotId:-1, subId:0
07-21 21:54:01.162 I/BoosterVideoP( 3111): handleStateChanged reason=12
07-21 21:54:01.164 E/BoosterUtil( 3111): convertSubIdToSlotId failed, subId:0, slotId:-1
07-21 21:54:01.164 E/BoosterUtil( 3111): getDefaultDataSlotId failed, invalid slotId:-1, subId:0
07-21 21:54:01.164 I/BoosterSwitchP( 3111): handleStateChanged reason=12
07-21 21:54:01.166 E/BoosterUtil( 3111): convertSubIdToSlotId failed, subId:0, slotId:-1
07-21 21:54:01.166 E/BoosterUtil( 3111): getDefaultDataSlotId failed, invalid slotId:-1, subId:0
07-21 21:54:01.167 E/BoosterUtil( 3111): convertSubIdToSlotId failed, subId:0, slotId:-1
07-21 21:54:01.167 E/BoosterUtil( 3111): getDefaultDataSlotId failed, invalid slotId:-1, subId:0
07-21 21:54:01.167 I/DeepNoDisturbP( 3111): handleStateChanged reason=12
07-21 21:54:01.167 E/BoosterUtil( 3111): convertSubIdToSlotId failed, subId:0, slotId:-1
07-21 21:54:01.167 E/BoosterUtil( 3111): getDefaultDataSlotId failed, invalid slotId:-1, subId:0
07-21 21:54:01.168 E/BoosterUtil( 3111): convertSubIdToSlotId failed, subId:0, slotId:-1
07-21 21:54:01.168 E/BoosterUtil( 3111): getDefaultDataSlotId failed, invalid slotId:-1, subId:0
07-21 21:54:01.168 I/HidataAppQoeP( 3111): handleStateChanged reason=12
07-21 21:54:01.169 I/chatty  ( 1687): uid=1000(system) Binder:1687_4 expire 23 lines
07-21 21:54:01.170 E/BoosterUtil( 3111): convertSubIdToSlotId failed, subId:0, slotId:-1
07-21 21:54:01.170 E/BoosterUtil( 3111): getDefaultDataSlotId failed, invalid slotId:-1, subId:0
07-21 21:54:01.170 I/PreDnsQuery( 3111): handleStateChanged reason=12
07-21 21:54:01.173 E/BoosterUtil( 3111): convertSubIdToSlotId failed, subId:0, slotId:-1
07-21 21:54:01.173 E/BoosterUtil( 3111): getDefaultDataSlotId failed, invalid slotId:-1, subId:0
07-21 21:54:01.173 I/PreDnsQuery( 3111): No need to handled!
07-21 21:54:01.173 I/BrowserChrP( 3111): handleStateChanged
07-21 21:54:01.204 I/chatty  ( 1687): uid=1000(system) Binder:1687_A expire 38 lines
07-21 21:54:01.211 I/HwKeystoreServiceImpl( 3111): package removed for update, packageName:com.example.bottombartest appId:10191
07-21 21:54:01.236 D/ActivityThread(31543): Attach thread to application
07-21 21:54:01.264 W/ContextImpl( 3415): Calling a method in the system process without a qualified user: android.app.ContextImpl.bindService:1753 android.content.ContextWrapper.bindService:705 com.huawei.securityserver.ConnectRemoteServiceManager.connectRemoteService:131 com.huawei.securityserver.HandlerManager.bindService:89 com.huawei.securityserver.HandlerManager.access$000:20 
07-21 21:54:01.274 I/chatty  ( 1687): uid=1000(system) Binder:1687_F expire 34 lines
07-21 21:54:01.298 I/chatty  ( 1687): uid=1000(system) Binder:1687_1F expire 45 lines
07-21 21:54:01.320 I/chatty  ( 1687): uid=1000 system_server expire 10 lines
07-21 21:54:01.330 D/ActivityThread(31595): Attach thread to application
07-21 21:54:01.430 I/SmartDualCardConfig( 3111): onPackageInstallStateUpdate uid=10191,appName=com.example.bottombartest,packageAddFlag=0
07-21 21:54:01.461 D/ActivityThread(31642): Attach thread to application
07-21 21:54:01.530 I/PreDnsQuery( 3111): onReceive: intent = android.intent.action.PACKAGE_REMOVED
07-21 21:54:01.570 I/BoosterGameP( 3111): handleStateChanged reason=12
07-21 21:54:01.571 E/BoosterUtil( 3111): convertSubIdToSlotId failed, subId:0, slotId:-1
07-21 21:54:01.571 E/BoosterUtil( 3111): getDefaultDataSlotId failed, invalid slotId:-1, subId:0
07-21 21:54:01.571 I/BoosterVideoP( 3111): handleStateChanged reason=12
07-21 21:54:01.572 E/BoosterUtil( 3111): convertSubIdToSlotId failed, subId:0, slotId:-1
07-21 21:54:01.572 E/BoosterUtil( 3111): getDefaultDataSlotId failed, invalid slotId:-1, subId:0
07-21 21:54:01.572 I/BoosterSwitchP( 3111): handleStateChanged reason=12
07-21 21:54:01.573 E/BoosterUtil( 3111): convertSubIdToSlotId failed, subId:0, slotId:-1
07-21 21:54:01.573 E/BoosterUtil( 3111): getDefaultDataSlotId failed, invalid slotId:-1, subId:0
07-21 21:54:01.574 E/BoosterUtil( 3111): convertSubIdToSlotId failed, subId:0, slotId:-1
07-21 21:54:01.574 E/BoosterUtil( 3111): getDefaultDataSlotId failed, invalid slotId:-1, subId:0
07-21 21:54:01.574 I/DeepNoDisturbP( 3111): handleStateChanged reason=12
07-21 21:54:01.575 E/BoosterUtil( 3111): convertSubIdToSlotId failed, subId:0, slotId:-1
07-21 21:54:01.575 E/BoosterUtil( 3111): getDefaultDataSlotId failed, invalid slotId:-1, subId:0
07-21 21:54:01.576 E/BoosterUtil( 3111): convertSubIdToSlotId failed, subId:0, slotId:-1
07-21 21:54:01.576 E/BoosterUtil( 3111): getDefaultDataSlotId failed, invalid slotId:-1, subId:0
07-21 21:54:01.576 I/HidataAppQoeP( 3111): handleStateChanged reason=12
07-21 21:54:01.576 E/BoosterUtil( 3111): convertSubIdToSlotId failed, subId:0, slotId:-1
07-21 21:54:01.576 E/BoosterUtil( 3111): getDefaultDataSlotId failed, invalid slotId:-1, subId:0
07-21 21:54:01.576 I/PreDnsQuery( 3111): handleStateChanged reason=12
07-21 21:54:01.577 E/BoosterUtil( 3111): convertSubIdToSlotId failed, subId:0, slotId:-1
07-21 21:54:01.577 E/BoosterUtil( 3111): getDefaultDataSlotId failed, invalid slotId:-1, subId:0
07-21 21:54:01.577 I/PreDnsQuery( 3111): No need to handled!
07-21 21:54:01.577 I/BrowserChrP( 3111): handleStateChanged
07-21 21:54:01.733 I/SmartDualCardConfig( 3111): onPackageInstallStateUpdate uid=10191,appName=com.example.bottombartest,packageAddFlag=1
07-21 21:54:01.814 I/PreDnsQuery( 3111): onReceive: intent = android.intent.action.PACKAGE_ADDED
07-21 21:54:01.850 E/SmartDualCardConfig( 3111): getApkConfig fail,end
07-21 21:54:01.850 I/SmartDualCardConfig( 3111): isAppInXml,return false
07-21 21:54:01.850 E/SmartDualCardConfig( 3111): onPackageInstallStateUpdate fail
07-21 21:54:02.574 W/ContextImpl( 3169): Calling a method in the system process without a qualified user: android.app.ContextImpl.startService:1674 android.content.ContextWrapper.startService:669 android.content.ContextWrapper.startService:669 com.huawei.nb.receiver.AppDataClearBroadcastReceiver$1.run:67 com.huawei.nb.scheduler.a.b.run:55 
07-21 21:54:02.587 W/ContextImpl( 3169): Calling a method in the system process without a qualified user: android.app.ContextImpl.bindService:1753 android.content.ContextWrapper.bindService:705 com.huawei.nb.client.RemoteServiceConnection.open:132 com.huawei.nb.client.Proxy.connect:172 com.huawei.nb.client.DualProxy.connect:72 
07-21 21:54:02.595 W/ContextImpl( 3169): Calling a method in the system process without a qualified user: android.app.ContextImpl.bindService:1753 android.content.ContextWrapper.bindService:705 com.huawei.nb.client.RemoteServiceConnection.open:132 com.huawei.nb.client.Proxy.connect:172 com.huawei.nb.client.DualProxy.access$101:28 
07-21 21:54:02.651 D/ActivityThread(31678): Attach thread to application
07-21 21:54:02.745 W/ContextImpl(31678): Calling a method in the system process without a qualified user: android.app.ContextImpl.startService:1674 android.content.ContextWrapper.startService:669 com.huawei.securitycenter.antivirus.AntivirusModule.startAntivirusService:35 com.huawei.securitycenter.antivirus.AntivirusModule.loadModule:23 com.huawei.securitycentersdk.SecurityCenterContext.loadModules:63 
07-21 21:54:02.748 W/ContextImpl(31678): Calling a method in the system process without a qualified user: android.app.ContextImpl.startService:1674 android.content.ContextWrapper.startService:669 com.huawei.securitycentersdk.SecurityCenterContext.startHwSecService:11 com.huawei.securitycentersdk.SecurityCenterContext.startServices:0 com.huawei.securitycentersdk.SecurityCenterContext.inject:9 
07-21 21:54:02.753 W/ContextImpl(31678): Calling a method in the system process without a qualified user: android.app.ContextImpl.startService:1674 android.content.ContextWrapper.startService:669 com.huawei.systemmanager.SystemManagerApplication.akh:21 com.huawei.systemmanager.SystemManagerApplication.akg:41 com.huawei.systemmanager.SystemManagerApplication.onCreate:202 
07-21 21:54:02.755 W/ContextImpl(31678): Calling a method in the system process without a qualified user: android.app.ContextImpl.startService:1674 android.content.ContextWrapper.startService:669 com.huawei.systemmanager.SystemManagerApplication.akl:7 com.huawei.systemmanager.SystemManagerApplication.akg:44 com.huawei.systemmanager.SystemManagerApplication.onCreate:202 
07-21 21:54:02.758 W/ContextImpl(31678): Calling a method in the system process without a qualified user: android.app.ContextImpl.startService:1674 android.content.ContextWrapper.startService:669 com.huawei.systemmanager.SystemManagerApplication.ako:7 com.huawei.systemmanager.SystemManagerApplication.akg:53 com.huawei.systemmanager.SystemManagerApplication.onCreate:202 
07-21 21:54:02.763 W/ContextImpl(31678): Calling a method in the system process without a qualified user: android.app.ContextImpl.startService:1674 android.content.ContextWrapper.startService:669 com.huawei.systemmanager.SystemManagerApplication.akp:7 com.huawei.systemmanager.SystemManagerApplication.akg:56 com.huawei.systemmanager.SystemManagerApplication.onCreate:202 
07-21 21:54:02.764 W/ContextImpl(31678): Calling a method in the system process without a qualified user: android.app.ContextImpl.startService:1674 android.content.ContextWrapper.startService:669 com.huawei.systemmanager.SystemManagerApplication.akq:7 com.huawei.systemmanager.SystemManagerApplication.akg:59 com.huawei.systemmanager.SystemManagerApplication.onCreate:202 
07-21 21:54:02.766 W/ContextImpl(31678): Calling a method in the system process without a qualified user: android.app.ContextImpl.startService:1674 android.content.ContextWrapper.startService:669 com.huawei.systemmanager.SystemManagerApplication.akr:7 com.huawei.systemmanager.SystemManagerApplication.akg:62 com.huawei.systemmanager.SystemManagerApplication.onCreate:202 
07-21 21:54:02.770 W/ContextImpl(31678): Calling a method in the system process without a qualified user: android.app.ContextImpl.startService:1674 android.content.ContextWrapper.startService:669 com.huawei.systemmanager.SystemManagerApplication.akk:7 com.huawei.systemmanager.SystemManagerApplication.akg:68 com.huawei.systemmanager.SystemManagerApplication.onCreate:202 
07-21 21:54:02.771 W/ContextImpl(31678): Calling a method in the system process without a qualified user: android.app.ContextImpl.startService:1674 android.content.ContextWrapper.startService:669 com.huawei.systemmanager.SystemManagerApplication.aki:28 com.huawei.systemmanager.SystemManagerApplication.akg:71 com.huawei.systemmanager.SystemManagerApplication.onCreate:202 
07-21 21:54:02.802 W/ContextImpl(31678): Calling a method in the system process without a qualified user: android.app.ContextImpl.bindService:1753 android.content.ContextWrapper.bindService:705 com.huawei.library.l.b.e.a:71 com.huawei.library.l.b.f.b:23 com.huawei.library.l.b.a$a.aS:77 
07-21 21:54:02.815 W/ContextImpl(31678): Calling a method in the system process without a qualified user: android.app.ContextImpl.startService:1674 android.content.ContextWrapper.startService:669 android.content.ContextWrapper.startService:669 com.huawei.securitycenter.antivirus.utils.c.s:44 com.huawei.securitycenter.antivirus.AntiVirusReceiver.q:11 
07-21 21:54:02.874 W/ContextImpl(28671): Calling a method in the system process without a qualified user: android.app.ContextImpl.startService:1674 android.content.ContextWrapper.startService:669 android.content.ContextWrapper.startService:669 com.android.settings.applications.BlackListReceiver.onReceive:45 android.app.ActivityThread.handleReceiver:4462 
07-21 21:54:03.088 D/ActivityThread(31719): Attach thread to application
07-21 21:54:03.405 I/chatty  ( 1687): uid=1000(system) Binder:1687_19 expire 11 lines
07-21 21:54:03.488 I/chatty  ( 1687): uid=1000(system) Binder:1687_20 expire 17 lines
07-21 21:54:03.488 I/BoosterSwitchP( 3111): notifyUidState do nothing
07-21 21:54:03.488 I/DeepNoDisturbP( 3111): notifyUidState
07-21 21:54:03.488 I/BrowserChrP( 3111): notifyUidState
07-21 21:54:03.489 I/chatty  ( 1687): uid=1000(system) Binder:1687_14 expire 54 lines
07-21 21:54:03.489 I/chatty  ( 1687): uid=1000(system) Binder:1687_1B expire 9 lines
07-21 21:54:03.512 I/chatty  ( 1687): uid=1000(system) Binder:1687_17 expire 30 lines
07-21 21:54:03.517 I/chatty  ( 1687): uid=1000(system) Binder:1687_E expire 12 lines
07-21 21:54:03.624 W/ContextImpl(31678): Calling a method in the system process without a qualified user: android.app.ContextImpl.startService:1674 android.content.ContextWrapper.startService:669 android.content.ContextWrapper.startService:669 com.huawei.securitycenter.antivirus.utils.c.r:73 com.huawei.securitycenter.antivirus.AntiVirusReceiver.onReceive:46 
07-21 21:54:03.632 W/ContextImpl( 5758): Calling a method in the system process without a qualified user: android.app.ContextImpl.startService:1674 android.content.ContextWrapper.startService:669 com.huawei.securitycenter.antivirus.AntiVirusService.s:33 com.huawei.securitycenter.antivirus.AntiVirusService.onStartCommand:72 android.app.ActivityThread.handleServiceArgs:4776 
07-21 21:54:03.676 D/ActivityThread(31770): Attach thread to application
07-21 21:54:03.785 W/ContextImpl(28671): Calling a method in the system process without a qualified user: android.app.ContextImpl.startService:1674 android.content.ContextWrapper.startService:669 android.content.ContextWrapper.startService:669 com.android.settings.applications.BlackListReceiver.onReceive:45 android.app.ActivityThread.handleReceiver:4462 
07-21 21:54:03.846 W/ContextImpl(31770): Calling a method in the system process without a qualified user: android.app.ContextImpl.startService:1674 android.content.ContextWrapper.startService:669 com.huawei.securitycenter.antivirus.AntivirusModule.startAntivirusService:35 com.huawei.securitycenter.antivirus.AntivirusModule.loadModule:23 com.huawei.securitycentersdk.SecurityCenterContext.loadModules:63 
07-21 21:54:03.857 W/ContextImpl(31770): Calling a method in the system process without a qualified user: android.app.ContextImpl.startService:1674 android.content.ContextWrapper.startService:669 com.huawei.securitycentersdk.SecurityCenterContext.startHwSecService:11 com.huawei.securitycentersdk.SecurityCenterContext.startServices:0 com.huawei.securitycentersdk.SecurityCenterContext.inject:9 
07-21 21:54:03.865 I/chatty  ( 1687): uid=1000(system) pool-11-thread- expire 3 lines
07-21 21:54:03.959 I/chatty  ( 1687): uid=1000(system) HwGameAssistant expire 10 lines
07-21 21:54:03.976 I/chatty  ( 1687): uid=1000(system) android.anim expire 94 lines
07-21 21:54:03.992 D/ActivityThread(29295): Won't deliver top position change in state=5
07-21 21:54:04.014 I/BoosterSwitchP( 3111): notifyUidState do nothing
07-21 21:54:04.014 I/DeepNoDisturbP( 3111): notifyUidState
07-21 21:54:04.014 I/BrowserChrP( 3111): notifyUidState
07-21 21:54:04.027 W/ContextImpl(31770): Calling a method in the system process without a qualified user: android.app.ContextImpl.bindService:1753 android.content.ContextWrapper.bindService:705 com.huawei.library.l.b.e.a:71 com.huawei.library.l.b.f.b:23 com.huawei.library.l.b.a$a.aS:77 
07-21 21:54:04.028 W/ContextImpl(31770): Calling a method in the system process without a qualified user: android.app.ContextImpl.bindService:1753 android.content.ContextWrapper.bindService:705 com.huawei.securitycenter.antivirus.ai.g.Sw:66 com.huawei.securitycenter.antivirus.ai.g.Ss:46 com.huawei.securitycenter.antivirus.AntiVirusScanService.onCreate:28 
07-21 21:54:04.030 I/HwNetworkPolicyManager( 5758): getHwUidPolicy uid = 10213 policy = 0
07-21 21:54:04.042 I/HidataAppQoeP( 3111): foregroundUidAdd uid: 10213 name: com.homelink.im activity state: true
07-21 21:54:04.047 E/BoosterUtil( 3111): convertSubIdToSlotId failed, subId:0, slotId:-1
07-21 21:54:04.047 E/BoosterUtil( 3111): getDefaultDataSlotId failed, invalid slotId:-1, subId:0
07-21 21:54:04.047 I/NetworkQoeChr( 3111): checkForegroundApp timer end
07-21 21:54:04.051 I/chatty  ( 1687): uid=1000(system) sManagerService expire 13 lines
07-21 21:54:04.051 D/RtgSched(31318): resetRtgSchedHandle failed enable:0
07-21 21:54:04.052 I/HwCommandQueue( 2814): updateBarBgColor
07-21 21:54:04.052 D/HwCommandQueue( 2814): CommandQueue, setBarBackgroundColor
07-21 21:54:04.055 I/SmartDualCardConfig( 3111): getAppType,pkgName=com.homelink.im,appType=0
07-21 21:54:04.055 E/SmartDualCardConfig( 3111): isAppInBlackList false,items==null
07-21 21:54:04.056 I/SmartDualCardConfig( 3111): isAppInWhiteList false,uid=10213
07-21 21:54:04.073 W/ContextImpl(31770): Calling a method in the system process without a qualified user: android.app.ContextImpl.bindService:1753 android.content.ContextWrapper.bindService:705 com.qihoo.qvssdk.AntivirusEngineImpl.install:44 com.qihoo.qvssdk.AntivirusProviderImpl.install:213 com.huawei.securitycenter.antivirus.newengine.b$c.call:118 
07-21 21:54:04.087 I/chatty  ( 1687): uid=1000(system) Binder:1687_1C expire 24 lines
07-21 21:54:04.094 I/chatty  ( 1687): uid=1000(system) Binder:1687_10 expire 17 lines
07-21 21:54:04.097 I/chatty  ( 1687): uid=1000(system) HwActivityTaskM expire 20 lines
07-21 21:54:04.097 I/chatty  ( 1687): uid=1000(system) Thread-8 expire 19 lines
07-21 21:54:04.097 W/ContextImpl(31770): Calling a method in the system process without a qualified user: android.app.ContextImpl.bindService:1753 android.content.ContextWrapper.bindService:705 tmsdkobf.gu.be:41 tmsdk.common.TMSDKContext.init:63 com.huawei.library.sdk.tmsdk.TMSdkEngine.init:29 
07-21 21:54:04.112 I/chatty  ( 1687): uid=1000(system) MultiTaskManage expire 10 lines
07-21 21:54:04.120 W/ContextImpl(31770): Calling a method in the system process without a qualified user: android.app.ContextImpl.startService:1674 android.content.ContextWrapper.startService:669 tmsdk.common.TMSDKContext.init:214 com.huawei.library.sdk.tmsdk.TMSdkEngine.init:29 com.huawei.library.sdk.tmsdk.TMSdkEngine.initTMSDK:0 
07-21 21:54:04.150 D/ActivityThread(31856): Attach thread to application
07-21 21:54:04.185 I/BoosterSwitchP( 3111): notifyUidState do nothing
07-21 21:54:04.185 I/DeepNoDisturbP( 3111): notifyUidState
07-21 21:54:04.185 I/BrowserChrP( 3111): notifyUidState
07-21 21:54:04.189 D/RtgSched(29295): resetRtgSchedHandle failed enable:0
07-21 21:54:04.203 I/HwNetworkPolicyManager( 5758): getHwUidPolicy uid = 10191 policy = 0
07-21 21:54:04.384 V/ActivityThread(31856): callActivityOnCreate
07-21 21:54:04.427 D/ActivityThread(31856): add activity client record, r= ActivityRecord{6489af3 token=android.os.BinderProxy@126e7c {com.example.bottombartest/com.example.bottombartest.activities.SplashActivity}} token= android.os.BinderProxy@126e7c
07-21 21:54:04.444 I/HidataAppQoeP( 3111): foregroundUidAdd uid: 10191 name: com.example.bottombartest activity state: true
07-21 21:54:04.445 E/BoosterUtil( 3111): convertSubIdToSlotId failed, subId:0, slotId:-1
07-21 21:54:04.445 E/BoosterUtil( 3111): getDefaultDataSlotId failed, invalid slotId:-1, subId:0
07-21 21:54:04.446 I/NetworkQoeChr( 3111): checkForegroundApp timer end
07-21 21:54:04.448 I/SmartDualCardConfig( 3111): getAppType,pkgName=com.example.bottombartest,appType=-1
07-21 21:54:04.448 E/SmartDualCardConfig( 3111): isAppInBlackList false,items==null
07-21 21:54:04.448 I/SmartDualCardConfig( 3111): isAppInWhiteList false,uid=10191
07-21 21:54:04.458 D/SystemConfig(31770): Removed unavailable feature android.hardware.sensor.barometer
07-21 21:54:04.483 W/SystemConfig(31770): No directory /product_services/etc/sysconfig, skipping
07-21 21:54:04.489 W/SystemConfig(31770): No directory /product_services/etc/permissions, skipping
07-21 21:54:04.490 W/SystemConfig(31770): No directory /system/emui/base/sysconfig, skipping
07-21 21:54:04.491 W/SystemConfig(31770): No directory /system/emui/china/sysconfig, skipping
07-21 21:54:04.491 W/SystemConfig(31770): No directory /vendor/etc/sysconfig, skipping
07-21 21:54:04.512 D/SystemConfig(31770): Removed unavailable feature android.hardware.sensor.barometer
07-21 21:54:04.524 W/SystemConfig(31770): No directory /odm/cust/all/cn/sysconfig, skipping
07-21 21:54:04.524 W/SystemConfig(31770): No directory /odm/cust/all/cn/permissions, skipping
07-21 21:54:04.525 W/SystemConfig(31770): No directory /odm/etc/sysconfig, skipping
07-21 21:54:04.527 W/SystemConfig(31770): No directory /odm/hw_odm/ELE-AL00/sysconfig, skipping
07-21 21:54:04.527 W/SystemConfig(31770): No directory /odm/hw_odm/ELE-AL00/permissions, skipping
07-21 21:54:04.528 W/SystemConfig(31770): No directory /hw_product/etc/sysconfig, skipping
07-21 21:54:04.530 W/SystemConfig(31770): No directory /hw_product/region_comm/china/sysconfig, skipping
07-21 21:54:04.532 W/SystemConfig(31770): No directory /preas/china/sysconfig, skipping
07-21 21:54:04.534 D/ActivityThread(31318): Remove activity client record, r= ActivityRecord{4cb6255 token=android.os.BinderProxy@d88e8ba {com.android.packageinstaller/com.android.packageinstaller.InstallSuccess}} token= android.os.BinderProxy@d88e8ba
07-21 21:54:04.546 W/SystemConfig(31770): No directory /hw_product/hw_oem/ELE-AL00/sysconfig, skipping
07-21 21:54:04.547 W/SystemConfig(31770): No directory /preload/ELE-AL00/all/cn/sysconfig, skipping
07-21 21:54:04.548 W/SystemConfig(31770): No directory /cust/global/sysconfig, skipping
07-21 21:54:04.548 W/SystemConfig(31770): No directory /cust/global/permissions, skipping
07-21 21:54:04.548 W/SystemConfig(31770): No directory /cust/hw/cn/sysconfig, skipping
07-21 21:54:04.548 W/SystemConfig(31770): No directory /cust/hw/cn/permissions, skipping
07-21 21:54:04.548 W/SystemConfig(31770): No directory /version/cust/all/cn/sysconfig, skipping
07-21 21:54:04.548 I/BoosterSwitchP( 3111): notifyUidState do nothing
07-21 21:54:04.548 I/DeepNoDisturbP( 3111): notifyUidState
07-21 21:54:04.548 I/BrowserChrP( 3111): notifyUidState
07-21 21:54:04.549 W/SystemConfig(31770): No directory /hw_product/special_cust/ELE-AL00/all/cn/sysconfig, skipping
07-21 21:54:04.549 W/SystemConfig(31770): No directory /hw_product/special_cust/ELE-AL00/all/cn/permissions, skipping
07-21 21:54:04.549 W/SystemConfig(31770): No directory /version/special_cust/ELE-AL00/all/cn/sysconfig, skipping
07-21 21:54:04.549 W/SystemConfig(31770): No directory /version/special_cust/ELE-AL00/all/cn/permissions, skipping
07-21 21:54:04.549 W/SystemConfig(31770): No directory /cust/cotalite/sysconfig, skipping
07-21 21:54:04.550 W/SystemConfig(31770): No directory /cust/cotalite/permissions, skipping
07-21 21:54:04.550 W/SystemConfig(31770): No directory /cust/ecota/sysconfig, skipping
07-21 21:54:04.550 W/SystemConfig(31770): No directory /cust/ecota/permissions, skipping
07-21 21:54:04.558 I/HidataAppQoeP( 3111): foregroundUidRemove uid: 10213 name: com.homelink.im
07-21 21:54:04.559 I/HidataAppQoeP( 3111): foregroundUidRemove uid: 10045 name: com.android.packageinstaller
07-21 21:54:04.560 I/SmartDualCardConfig( 3111): getAppType,pkgName=com.homelink.im,appType=0
07-21 21:54:04.560 E/SmartDualCardConfig( 3111): isAppInBlackList false,items==null
07-21 21:54:04.560 I/SmartDualCardConfig( 3111): isAppInWhiteList false,uid=10213
07-21 21:54:04.560 I/SmartDualCardConfig( 3111): getAppType,pkgName=com.android.packageinstaller,appType=255
07-21 21:54:04.560 E/SmartDualCardConfig( 3111): isAppInBlackList false,items==null
07-21 21:54:04.560 I/SmartDualCardConfig( 3111): isAppInWhiteList false,uid=10045
07-21 21:54:04.593 I/BoosterSwitchP( 3111): notifyUidState do nothing
07-21 21:54:04.593 I/DeepNoDisturbP( 3111): notifyUidState
07-21 21:54:04.593 I/BrowserChrP( 3111): notifyUidState
07-21 21:54:06.158 V/ActivityThread(31856): callActivityOnCreate
07-21 21:54:06.174 D/ActivityThread(31856): add activity client record, r= ActivityRecord{ac1d679 token=android.os.BinderProxy@ff49799 {com.example.bottombartest/com.example.bottombartest.activities.MainActivity}} token= android.os.BinderProxy@ff49799
07-21 21:54:06.314 E/AndroidRuntime(31856): FATAL EXCEPTION: main
07-21 21:54:06.314 E/AndroidRuntime(31856): Process: com.example.bottombartest, PID: 31856
07-21 21:54:06.314 E/AndroidRuntime(31856): java.lang.NullPointerException: Attempt to invoke virtual method 'java.lang.String java.lang.Object.toString()' on a null object reference
07-21 21:54:06.314 E/AndroidRuntime(31856): 	at com.example.bottombartest.fragments.index.IndexFragment$4.onResponse(IndexFragment.java:144)
07-21 21:54:06.314 E/AndroidRuntime(31856): 	at retrofit2.ExecutorCallAdapterFactory$ExecutorCallbackCall$1$1.run(ExecutorCallAdapterFactory.java:68)
07-21 21:54:06.314 E/AndroidRuntime(31856): 	at android.os.Handler.handleCallback(Handler.java:900)
07-21 21:54:06.314 E/AndroidRuntime(31856): 	at android.os.Handler.dispatchMessage(Handler.java:103)
07-21 21:54:06.314 E/AndroidRuntime(31856): 	at android.os.Looper.loop(Looper.java:219)
07-21 21:54:06.314 E/AndroidRuntime(31856): 	at android.app.ActivityThread.main(ActivityThread.java:8347)
07-21 21:54:06.314 E/AndroidRuntime(31856): 	at java.lang.reflect.Method.invoke(Native Method)
07-21 21:54:06.314 E/AndroidRuntime(31856): 	at com.android.internal.os.RuntimeInit$MethodAndArgsCaller.run(RuntimeInit.java:513)
07-21 21:54:06.314 E/AndroidRuntime(31856): 	at com.android.internal.os.ZygoteInit.main(ZygoteInit.java:1055)
07-21 21:54:06.318 I/chatty  ( 1687): uid=1000 system_server expire 1 line
07-21 21:54:06.340 I/HwNetworkPolicyManager( 5758): getHwUidPolicy uid = 10213 policy = 0
07-21 21:54:06.350 I/BoosterSwitchP( 3111): notifyUidState do nothing
07-21 21:54:06.350 I/DeepNoDisturbP( 3111): notifyUidState
07-21 21:54:06.350 I/BrowserChrP( 3111): notifyUidState
07-21 21:54:06.380 I/chatty  ( 1687): uid=1000(system) InputDispatcher expire 25 lines
07-21 21:54:06.391 I/BoosterSwitchP( 3111): notifyUidState do nothing
07-21 21:54:06.391 I/DeepNoDisturbP( 3111): notifyUidState
07-21 21:54:06.391 I/BrowserChrP( 3111): notifyUidState
07-21 21:54:06.408 I/chatty  ( 1687): uid=1000(system) android.display expire 14 lines
07-21 21:54:06.409 I/HidataAppQoeP( 3111): foregroundUidRemove uid: 10191 name: com.example.bottombartest
07-21 21:54:06.410 I/SmartDualCardConfig( 3111): getAppType,pkgName=com.example.bottombartest,appType=-1
07-21 21:54:06.410 E/SmartDualCardConfig( 3111): isAppInBlackList false,items==null
07-21 21:54:06.410 I/SmartDualCardConfig( 3111): isAppInWhiteList false,uid=10191
07-21 21:54:06.431 I/chatty  ( 1687): uid=1000(system) android.ui expire 15 lines
07-21 21:54:06.434 I/HidataAppQoeP( 3111): foregroundUidAdd uid: 10213 name: com.homelink.im activity state: true
07-21 21:54:06.441 E/BoosterUtil( 3111): convertSubIdToSlotId failed, subId:0, slotId:-1
07-21 21:54:06.441 E/BoosterUtil( 3111): getDefaultDataSlotId failed, invalid slotId:-1, subId:0
07-21 21:54:06.441 I/NetworkQoeChr( 3111): checkForegroundApp timer end
07-21 21:54:06.445 I/SmartDualCardConfig( 3111): getAppType,pkgName=com.homelink.im,appType=0
07-21 21:54:06.445 E/SmartDualCardConfig( 3111): isAppInBlackList false,items==null
07-21 21:54:06.445 I/SmartDualCardConfig( 3111): isAppInWhiteList false,uid=10213
07-21 21:54:06.994 I/HwCoreAppHelperService( 3111): LocalReceiver receives:android.intent.action.PACKAGE_RESTARTED,pkg:com.example.bottombartest,uid:10191
07-21 21:54:08.154 I/chatty  ( 1687): uid=1000(system) GestureNavManag expire 5 lines
07-21 21:54:08.207 I/HwNetworkPolicyManager( 5758): getHwUidPolicy uid = 10069 policy = 0
07-21 21:54:08.211 I/ActivityThread( 8183): Handle window ActivityRecord{6b8f354 token=android.os.BinderProxy@86e1455 {com.huawei.android.launcher/com.huawei.android.launcher.unihome.UniHomeLauncher}} visibility: true
07-21 21:54:08.215 I/BoosterSwitchP( 3111): notifyUidState do nothing
07-21 21:54:08.215 I/DeepNoDisturbP( 3111): notifyUidState
07-21 21:54:08.215 I/BrowserChrP( 3111): notifyUidState
07-21 21:54:09.199 W/ContextImpl(31770): Calling a method in the system process without a qualified user: android.app.ContextImpl.stopService:1686 android.content.ContextWrapper.stopService:679 com.qihoo.qvssdk.AntivirusEngineImpl.uninstall:41 com.qihoo.qvssdk.AntivirusProviderImpl.uninstall:40 com.huawei.securitycenter.antivirus.newengine.b$c.Tu:7 
07-21 21:54:10.551 I/NetworkQoeChr( 3111): checkForegroundApp timer start
07-21 21:54:10.557 I/chatty  ( 1687): uid=1000(system) Binder:1687_2 expire 12 lines
07-21 21:54:10.562 D/RtgSched(29295): resetRtgSchedHandle failed enable:0
07-21 21:54:10.566 I/SmartDualCardConfig( 3111): getAppType,pkgName=com.huawei.android.launcher,appType=28
07-21 21:54:10.566 E/SmartDualCardConfig( 3111): isAppInBlackList false,items==null
07-21 21:54:10.566 I/SmartDualCardConfig( 3111): isAppInWhiteList false,uid=10069
07-21 21:54:10.583 I/HwCommandQueue( 2814): updateBarBgColor
07-21 21:54:10.583 D/HwCommandQueue( 2814): CommandQueue, setBarBackgroundColor
07-21 21:54:10.598 I/HidataAppQoeP( 3111): foregroundUidRemove uid: 10213 name: com.homelink.im
07-21 21:54:10.600 I/SmartDualCardConfig( 3111): getAppType,pkgName=com.homelink.im,appType=0
07-21 21:54:10.600 E/SmartDualCardConfig( 3111): isAppInBlackList false,items==null
07-21 21:54:10.600 I/SmartDualCardConfig( 3111): isAppInWhiteList false,uid=10213
07-21 21:54:10.627 I/BoosterSwitchP( 3111): notifyUidState do nothing
07-21 21:54:10.627 I/DeepNoDisturbP( 3111): notifyUidState
07-21 21:54:10.627 I/BrowserChrP( 3111): notifyUidState
07-21 21:54:11.085 I/BoosterSwitchP( 3111): notifyUidState do nothing
07-21 21:54:11.085 I/DeepNoDisturbP( 3111): notifyUidState
07-21 21:54:11.085 I/BrowserChrP( 3111): notifyUidState
07-21 21:54:11.090 I/BoosterSwitchP( 3111): notifyUidState do nothing
07-21 21:54:11.090 I/DeepNoDisturbP( 3111): notifyUidState
07-21 21:54:11.090 I/BrowserChrP( 3111): notifyUidState
07-21 21:54:11.138 I/chatty  ( 1687): uid=1000(system) Binder:1687_C expire 11 lines
07-21 21:54:11.143 I/BoosterSwitchP( 3111): notifyUidState do nothing
07-21 21:54:11.143 I/DeepNoDisturbP( 3111): notifyUidState
07-21 21:54:11.143 I/BrowserChrP( 3111): notifyUidState
07-21 21:54:11.143 D/Telephony-AccountEntry( 3449): isEmergencyPreferredAccount: subId=-1, activeData=-1
07-21 21:54:11.143 D/Telephony-AccountEntry( 3449): isEmergencyPreferredAccount: Device does not require preference.
07-21 21:54:11.143 D/Telephony-AccountEntry( 3449): isEmergencyPreferredAccount: subId=-1, activeData=-1
07-21 21:54:11.143 D/Telephony-AccountEntry( 3449): isEmergencyPreferredAccount: Device does not require preference.
07-21 21:54:11.143 D/Telephony-AccountEntry( 3449): isEmergencyPreferredAccount: subId=-1, activeData=-1
07-21 21:54:11.143 D/Telephony-AccountEntry( 3449): isEmergencyPreferredAccount: Device does not require preference.
07-21 21:54:11.143 D/Telephony-AccountEntry( 3449): isEmergencyPreferredAccount: subId=-1, activeData=-1
07-21 21:54:11.143 D/Telephony-AccountEntry( 3449): isEmergencyPreferredAccount: Device does not require preference.
07-21 21:54:11.212 I/chatty  ( 1687): uid=1000(system) Binder:1687_16 expire 12 lines
07-21 21:54:11.240 I/chatty  ( 1687): uid=1000(system) ActivityManager expire 10 lines
07-21 21:54:11.284 D/ActivityThread(32023): Attach thread to application
07-21 21:54:11.300 I/HwNetworkPolicyManager( 5758): getHwUidPolicy uid = 10191 policy = 0
07-21 21:54:11.301 D/RtgSched( 8183): resetRtgSchedHandle failed enable:0
07-21 21:54:11.301 I/BoosterSwitchP( 3111): notifyUidState do nothing
07-21 21:54:11.301 I/DeepNoDisturbP( 3111): notifyUidState
07-21 21:54:11.301 I/BrowserChrP( 3111): notifyUidState
07-21 21:54:11.489 V/ActivityThread(32023): callActivityOnCreate
07-21 21:54:11.489 I/chatty  ( 1687): uid=1000(system) Binder:1687_F expire 16 lines
07-21 21:54:11.528 D/ActivityThread(32023): add activity client record, r= ActivityRecord{6489af3 token=android.os.BinderProxy@126e7c {com.example.bottombartest/com.example.bottombartest.activities.SplashActivity}} token= android.os.BinderProxy@126e7c
07-21 21:54:11.543 I/HidataAppQoeP( 3111): foregroundUidAdd uid: 10191 name: com.example.bottombartest activity state: true
07-21 21:54:11.545 E/BoosterUtil( 3111): convertSubIdToSlotId failed, subId:0, slotId:-1
07-21 21:54:11.545 E/BoosterUtil( 3111): getDefaultDataSlotId failed, invalid slotId:-1, subId:0
07-21 21:54:11.545 I/NetworkQoeChr( 3111): checkForegroundApp timer end
07-21 21:54:11.546 I/SmartDualCardConfig( 3111): getAppType,pkgName=com.example.bottombartest,appType=-1
07-21 21:54:11.546 E/SmartDualCardConfig( 3111): isAppInBlackList false,items==null
07-21 21:54:11.546 I/SmartDualCardConfig( 3111): isAppInWhiteList false,uid=10191
07-21 21:54:11.561 I/HwCommandQueue( 2814): updateBarBgColor
07-21 21:54:11.561 D/HwCommandQueue( 2814): CommandQueue, setBarBackgroundColor
07-21 21:54:11.612 I/SmartDualCardConfig( 3111): getAppType,pkgName=com.huawei.android.launcher,appType=28
07-21 21:54:11.612 E/SmartDualCardConfig( 3111): isAppInBlackList false,items==null
07-21 21:54:11.612 I/SmartDualCardConfig( 3111): isAppInWhiteList false,uid=10069
