07-21 22:04:31.522 E/Thermal-daemon:hw_thermal(  909): Report temperature: [charger_ic] temp :35  report_threshold:1
07-21 22:04:31.532 I/netd    (  672): trafficSwapActiveStatsMap() <20.71ms>
07-21 22:04:31.533 W/PhoneInterfaceManager( 3449): shouldBlockLocation running ...
07-21 22:04:31.533 I/PhoneInterfaceManager( 3449): shouldBlockLocation  ret:false
07-21 22:04:34.459 I/chatty  ( 1687): uid=1000 system_server expire 2 lines
07-21 22:04:34.460 I/chatty  ( 1687): uid=1000 system_server expire 1 line
07-21 22:04:34.536 E/WifiHAL (  725): enter wifi_get_link_stats
07-21 22:04:34.547 W/PhoneInterfaceManager( 3449): shouldBlockLocation running ...
07-21 22:04:34.548 I/PhoneInterfaceManager( 3449): shouldBlockLocation  ret:false
07-21 22:04:34.740 I/chatty  (32120): uid=10213(com.homelink.im) MsgSyncService expire 210 lines
07-21 22:04:35.297 I/chatty  ( 2258): uid=10213(com.homelink.im) expire 1 line
07-21 22:04:36.523 E/Thermal-daemon:hw_thermal(  909): [shell_frame] temp_new :33  temp_old :32
07-21 22:04:36.525 E/Thermal-daemon:hw_thermal(  909): Report temperature: [shell_frame] temp :33  report_threshold:1
07-21 22:04:36.526 E/Thermal-daemon:hw_thermal(  909): [charger_ic] temp_new :34  temp_old :35
07-21 22:04:36.526 E/Thermal-daemon:hw_thermal(  909): Report temperature: [charger_ic] temp :34  report_threshold:1
07-21 22:04:36.560 I/netd    (  672): trafficSwapActiveStatsMap() <13.44ms>
07-21 22:04:37.553 E/WifiHAL (  725): enter wifi_get_link_stats
07-21 22:04:37.574 W/PhoneInterfaceManager( 3449): shouldBlockLocation running ...
07-21 22:04:37.574 I/PhoneInterfaceManager( 3449): shouldBlockLocation  ret:false
07-21 22:04:37.730 I/chatty  (  732): uid=1000(system) /system/bin/surfaceflinger expire 12 lines
07-21 22:04:38.392 I/netd    (  672): trafficSwapActiveStatsMap() <14.74ms>
07-21 22:04:38.452 I/chatty  ( 1687): uid=1000(system) HuaweiWifiWatch expire 19 lines
07-21 22:04:38.452 I/chatty  ( 1687): uid=1000(system) WifiService expire 49 lines
07-21 22:04:38.453 I/chatty  ( 1687): uid=1000 system_server expire 2 lines
07-21 22:04:38.455 I/chatty  ( 1687): uid=1000 system_server expire 1 line
07-21 22:04:39.879 I/chatty  (32120): uid=10213(com.homelink.im) default expire 5 lines
07-21 22:04:40.580 E/WifiHAL (  725): enter wifi_get_link_stats
07-21 22:04:40.585 I/chatty  ( 1687): uid=1000(system) ClientModeImpl expire 15 lines
07-21 22:04:40.595 W/PhoneInterfaceManager( 3449): shouldBlockLocation running ...
07-21 22:04:40.595 I/PhoneInterfaceManager( 3449): shouldBlockLocation  ret:false
07-21 22:04:40.793 W/migration/6(   47): type=1400 audit(0.0:279513): avc: granted { setsched } for pid=47 scontext=u:r:kernel:s0 tcontext=u:r:kernel:s0 tclass=process
07-21 22:04:40.889 W/migration/6(   47): type=1400 audit(0.0:279514): avc: granted { setsched } for pid=47 scontext=u:r:kernel:s0 tcontext=u:r:kernel:s0 tclass=process
07-21 22:04:40.945 I/chatty  ( 3169): uid=1000(system) IndexServiceGua expire 8 lines
07-21 22:04:40.946 W/ContextImpl( 3169): Calling a method in the system process without a qualified user: android.app.ContextImpl.bindService:1753 android.content.ContextWrapper.bindService:705 com.huawei.nb.client.RemoteServiceConnection.open:132 com.huawei.nb.client.Proxy.connect:172 com.huawei.nb.searchmanager.searchengine.service.DataServiceProxyManager.connectDataService:86 
07-21 22:04:40.950 I/chatty  ( 3169): uid=1000(system) com.huawei.HwOPServer expire 3 lines
07-21 22:04:41.025 W/migration/6(   47): type=1400 audit(0.0:279515): avc: granted { setsched } for pid=47 scontext=u:r:kernel:s0 tcontext=u:r:kernel:s0 tclass=process
07-21 22:04:41.025 W/migration/7(   53): type=1400 audit(0.0:279516): avc: granted { setsched } for pid=53 scontext=u:r:kernel:s0 tcontext=u:r:kernel:s0 tclass=process
07-21 22:04:41.096 I/FindCurApp( 8482): CAWARENESS: updateAppRunTotalTime topKey = com.huawei.recsys_1:1;9,4,3~LmtFrameworkRingVolumeKey1440Mins
07-21 22:04:41.097 I/FindCurApp( 8482): CAWARENESS: appRuningLog,getAppRunTotalTime PackageName = com.ss.android.ugc.aweme runtime:726566
07-21 22:04:41.097 E/FindCurApp( 8482): CAWARENESS: appInWhiteList illegal parameters
07-21 22:04:41.097 I/FindCurApp( 8482): CAWARENESS: appRuningLog,getAppRunTotalTime PackageName = com.huawei.appmarket runtime:279715
07-21 22:04:41.097 E/FindCurApp( 8482): CAWARENESS: appInWhiteList illegal parameters
07-21 22:04:41.097 I/FindCurApp( 8482): CAWARENESS: appRuningLog,getAppRunTotalTime PackageName = com.achievo.vipshop runtime:925
07-21 22:04:41.097 E/FindCurApp( 8482): CAWARENESS: appInWhiteList illegal parameters
07-21 22:04:41.097 I/FindCurApp( 8482): CAWARENESS: appRuningLog,getAppRunTotalTime PackageName = com.huawei.search runtime:1472
07-21 22:04:41.097 E/FindCurApp( 8482): CAWARENESS: appInWhiteList illegal parameters
07-21 22:04:41.097 I/FindCurApp( 8482): CAWARENESS: appRuningLog,getAppRunTotalTime PackageName = com.tencent.wework runtime:5608858
07-21 22:04:41.097 E/FindCurApp( 8482): CAWARENESS: appInWhiteList illegal parameters
07-21 22:04:41.097 I/FindCurApp( 8482): CAWARENESS: appRuningLog,getAppRunTotalTime PackageName = com.huawei.screenrecorder runtime:7164
07-21 22:04:41.097 E/FindCurApp( 8482): CAWARENESS: appInWhiteList illegal parameters
07-21 22:04:41.097 I/FindCurApp( 8482): CAWARENESS: appRuningLog,getAppRunTotalTime PackageName = com.tencent.mm runtime:2573160
07-21 22:04:41.097 E/FindCurApp( 8482): CAWARENESS: appInWhiteList illegal parameters
07-21 22:04:41.097 I/FindCurApp( 8482): CAWARENESS: appRuningLog,getAppRunTotalTime PackageName = com.tencent.mobileqq runtime:1800728
07-21 22:04:41.097 E/FindCurApp( 8482): CAWARENESS: appInWhiteList illegal parameters
07-21 22:04:41.097 I/FindCurApp( 8482): CAWARENESS: appRuningLog,getAppRunTotalTime PackageName = com.huawei.himovie runtime:8682
07-21 22:04:41.097 E/FindCurApp( 8482): CAWARENESS: appInWhiteList illegal parameters
07-21 22:04:41.097 I/FindCurApp( 8482): CAWARENESS: appRuningLog,getAppRunTotalTime PackageName = com.huawei.android.launcher runtime:12856275
07-21 22:04:41.097 E/FindCurApp( 8482): CAWARENESS: appInWhiteList illegal parameters
07-21 22:04:41.097 I/FindCurApp( 8482): CAWARENESS: appRuningLog,getAppRunTotalTime PackageName = com.huawei.securitymgr runtime:13361
07-21 22:04:41.097 E/FindCurApp( 8482): CAWARENESS: appInWhiteList illegal parameters
07-21 22:04:41.097 I/FindCurApp( 8482): CAWARENESS: appRuningLog,getAppRunTotalTime PackageName = com.vmall.client runtime:2165
07-21 22:04:41.097 E/FindCurApp( 8482): CAWARENESS: appInWhiteList illegal parameters
07-21 22:04:41.097 I/FindCurApp( 8482): CAWARENESS: appRuningLog,getAppRunTotalTime PackageName = com.example.bottombartest runtime:9184414
07-21 22:04:41.097 E/FindCurApp( 8482): CAWARENESS: appInWhiteList illegal parameters
07-21 22:04:41.097 I/FindCurApp( 8482): CAWARENESS: appRuningLog,getAppRunTotalTime PackageName = com.huawei.HwMultiScreenShot runtime:5585
07-21 22:04:41.097 E/FindCurApp( 8482): CAWARENESS: appInWhiteList illegal parameters
07-21 22:04:41.097 I/FindCurApp( 8482): CAWARENESS: appRuningLog,getAppRunTotalTime PackageName = com.huawei.browser runtime:358378
07-21 22:04:41.097 E/FindCurApp( 8482): CAWARENESS: appInWhiteList illegal parameters
07-21 22:04:41.097 I/FindCurApp( 8482): CAWARENESS: appRuningLog,getAppRunTotalTime PackageName = com.alibaba.android.rimet runtime:101523
07-21 22:04:41.097 E/FindCurApp( 8482): CAWARENESS: appInWhiteList illegal parameters
07-21 22:04:41.097 I/FindCurApp( 8482): CAWARENESS: appRuningLog,getAppRunTotalTime PackageName = com.example.test2 runtime:966623
07-21 22:04:41.097 E/FindCurApp( 8482): CAWARENESS: appInWhiteList illegal parameters
07-21 22:04:41.097 I/FindCurApp( 8482): CAWARENESS: appRuningLog,getAppRunTotalTime PackageName = com.tencent.karaoke runtime:422828
07-21 22:04:41.098 E/FindCurApp( 8482): CAWARENESS: appInWhiteList illegal parameters
07-21 22:04:41.098 I/FindCurApp( 8482): CAWARENESS: appRuningLog,getAppRunTotalTime PackageName = com.android.contacts runtime:2300
07-21 22:04:41.098 E/FindCurApp( 8482): CAWARENESS: appInWhiteList illegal parameters
07-21 22:04:41.098 I/FindCurApp( 8482): CAWARENESS: appRuningLog,getAppRunTotalTime PackageName = com.huawei.systemmanager runtime:24348
07-21 22:04:41.098 E/FindCurApp( 8482): CAWARENESS: appInWhiteList illegal parameters
07-21 22:04:41.098 I/FindCurApp( 8482): CAWARENESS: appRuningLog,getAppRunTotalTime PackageName = com.huawei.hitouch runtime:2768
07-21 22:04:41.098 E/FindCurApp( 8482): CAWARENESS: appInWhiteList illegal parameters
07-21 22:04:41.098 I/FindCurApp( 8482): CAWARENESS: appRuningLog,getAppRunTotalTime PackageName = com.android.packageinstaller runtime:1227636
07-21 22:04:41.098 E/FindCurApp( 8482): CAWARENESS: appInWhiteList illegal parameters
07-21 22:04:41.098 I/FindCurApp( 8482): CAWARENESS: appRuningLog,getAppRunTotalTime PackageName = com.android.bluetooth runtime:1183
07-21 22:04:41.098 E/FindCurApp( 8482): CAWARENESS: appInWhiteList illegal parameters
07-21 22:04:41.098 I/FindCurApp( 8482): CAWARENESS: appRuningLog,getAppRunTotalTime PackageName = com.huawei.hisuite runtime:280369
07-21 22:04:41.098 E/FindCurApp( 8482): CAWARENESS: appInWhiteList illegal parameters
07-21 22:04:41.098 I/FindCurApp( 8482): CAWARENESS: appRuningLog,getAppRunTotalTime PackageName = com.homelink.im runtime:9801176
07-21 22:04:41.098 E/FindCurApp( 8482): CAWARENESS: appInWhiteList illegal parameters
07-21 22:04:41.098 I/FindCurApp( 8482): CAWARENESS: appRuningLog,getAppRunTotalTime PackageName = com.android.gallery3d runtime:225939
07-21 22:04:41.098 E/FindCurApp( 8482): CAWARENESS: appInWhiteList illegal parameters
07-21 22:04:41.098 I/FindCurApp( 8482): CAWARENESS: appRuningLog,getAppRunTotalTime PackageName = com.baidu.searchbox runtime:4609
07-21 22:04:41.098 E/FindCurApp( 8482): CAWARENESS: appInWhiteList illegal parameters
07-21 22:04:41.098 I/FindCurApp( 8482): CAWARENESS: appRuningLog,getAppRunTotalTime PackageName = com.huawei.android.internal.app runtime:13610
07-21 22:04:41.098 E/FindCurApp( 8482): CAWARENESS: appInWhiteList illegal parameters
07-21 22:04:41.098 I/FindCurApp( 8482): CAWARENESS: appRuningLog,getAppRunTotalTime PackageName = com.james.motion runtime:1250578
07-21 22:04:41.098 E/FindCurApp( 8482): CAWARENESS: appInWhiteList illegal parameters
07-21 22:04:41.098 I/FindCurApp( 8482): CAWARENESS: appRuningLog,getAppRunTotalTime PackageName = com.example.customwebview runtime:19915
07-21 22:04:41.098 E/FindCurApp( 8482): CAWARENESS: appInWhiteList illegal parameters
07-21 22:04:41.098 I/FindCurApp( 8482): CAWARENESS: appRuningLog,getAppRunTotalTime PackageName = com.android.settings runtime:283923
07-21 22:04:41.098 E/FindCurApp( 8482): CAWARENESS: appInWhiteList illegal parameters
07-21 22:04:41.098 I/FindCurApp( 8482): CAWARENESS: appRuningLog,getAppRunTotalTime PackageName = com.huawei.camera runtime:265267
07-21 22:04:41.098 E/FindCurApp( 8482): CAWARENESS: appInWhiteList illegal parameters
07-21 22:04:41.098 E/FindCurApp( 8482): CAWARENESS: appInWhiteList illegal parameters
07-21 22:04:41.098 I/FindCurApp( 8482): CAWARENESS: updateAppRunTotalTime in counting period
07-21 22:04:41.099 I/FindCurApp( 8482): CAWARENESS: getAppsRunningTotalTime within time
07-21 22:04:41.099 I/FindCurApp( 8482): CAWARENESS: updateAppRunTotalTime topKey = com.huawei.recsys_1:1;9,4,3~LmtFrameworkRingVolumeKey2880Mins
07-21 22:04:41.099 I/FindCurApp( 8482): CAWARENESS: appRuningLog,getAppRunTotalTime PackageName = com.ss.android.ugc.aweme runtime:3330580
07-21 22:04:41.099 E/FindCurApp( 8482): CAWARENESS: appInWhiteList illegal parameters
07-21 22:04:41.100 I/FindCurApp( 8482): CAWARENESS: appRuningLog,getAppRunTotalTime PackageName = com.huawei.appmarket runtime:538553
07-21 22:04:41.100 E/FindCurApp( 8482): CAWARENESS: appInWhiteList illegal parameters
07-21 22:04:41.100 I/FindCurApp( 8482): CAWARENESS: appRuningLog,getAppRunTotalTime PackageName = com.achievo.vipshop runtime:925
07-21 22:04:41.100 E/FindCurApp( 8482): CAWARENESS: appInWhiteList illegal parameters
07-21 22:04:41.100 I/FindCurApp( 8482): CAWARENESS: appRuningLog,getAppRunTotalTime PackageName = com.huawei.search runtime:1472
07-21 22:04:41.100 E/FindCurApp( 8482): CAWARENESS: appInWhiteList illegal parameters
07-21 22:04:41.100 I/FindCurApp( 8482): CAWARENESS: appRuningLog,getAppRunTotalTime PackageName = com.tencent.wework runtime:5608858
07-21 22:04:41.100 E/FindCurApp( 8482): CAWARENESS: appInWhiteList illegal parameters
07-21 22:04:41.100 I/FindCurApp( 8482): CAWARENESS: appRuningLog,getAppRunTotalTime PackageName = com.huawei.screenrecorder runtime:7164
07-21 22:04:41.100 E/FindCurApp( 8482): CAWARENESS: appInWhiteList illegal parameters
07-21 22:04:41.100 I/FindCurApp( 8482): CAWARENESS: appRuningLog,getAppRunTotalTime PackageName = com.tencent.mm runtime:3218512
07-21 22:04:41.100 E/FindCurApp( 8482): CAWARENESS: appInWhiteList illegal parameters
07-21 22:04:41.100 I/FindCurApp( 8482): CAWARENESS: appRuningLog,getAppRunTotalTime PackageName = com.tencent.mobileqq runtime:2526401
07-21 22:04:41.100 E/FindCurApp( 8482): CAWARENESS: appInWhiteList illegal parameters
07-21 22:04:41.100 I/FindCurApp( 8482): CAWARENESS: appRuningLog,getAppRunTotalTime PackageName = com.huawei.himovie runtime:8682
07-21 22:04:41.100 E/FindCurApp( 8482): CAWARENESS: appInWhiteList illegal parameters
07-21 22:04:41.100 I/FindCurApp( 8482): CAWARENESS: appRuningLog,getAppRunTotalTime PackageName = com.huawei.hidisk runtime:268914
07-21 22:04:41.100 E/FindCurApp( 8482): CAWARENESS: appInWhiteList illegal parameters
07-21 22:04:41.100 I/FindCurApp( 8482): CAWARENESS: appRuningLog,getAppRunTotalTime PackageName = com.ximalaya.ting.android runtime:1621
07-21 22:04:41.100 E/FindCurApp( 8482): CAWARENESS: appInWhiteList illegal parameters
07-21 22:04:41.100 I/FindCurApp( 8482): CAWARENESS: appRuningLog,getAppRunTotalTime PackageName = com.example.myapp runtime:14082706
07-21 22:04:41.100 E/FindCurApp( 8482): CAWARENESS: appInWhiteList illegal parameters
07-21 22:04:41.100 I/FindCurApp( 8482): CAWARENESS: appRuningLog,getAppRunTotalTime PackageName = com.android.permissioncontroller runtime:118369
07-21 22:04:41.100 E/FindCurApp( 8482): CAWARENESS: appInWhiteList illegal parameters
07-21 22:04:41.100 I/FindCurApp( 8482): CAWARENESS: appRuningLog,getAppRunTotalTime PackageName = com.huawei.android.launcher runtime:23899671
07-21 22:04:41.100 E/FindCurApp( 8482): CAWARENESS: appInWhiteList illegal parameters
07-21 22:04:41.100 I/FindCurApp( 8482): CAWARENESS: appRuningLog,getAppRunTotalTime PackageName = com.tencent.weread runtime:510435
07-21 22:04:41.100 E/FindCurApp( 8482): CAWARENESS: appInWhiteList illegal parameters
07-21 22:04:41.100 I/FindCurApp( 8482): CAWARENESS: appRuningLog,getAppRunTotalTime PackageName = com.huawei.securitymgr runtime:81987
07-21 22:04:41.100 E/FindCurApp( 8482): CAWARENESS: appInWhiteList illegal parameters
07-21 22:04:41.100 I/FindCurApp( 8482): CAWARENESS: appRuningLog,getAppRunTotalTime PackageName = com.vmall.client runtime:2165
07-21 22:04:41.100 E/FindCurApp( 8482): CAWARENESS: appInWhiteList illegal parameters
07-21 22:04:41.100 I/FindCurApp( 8482): CAWARENESS: appRuningLog,getAppRunTotalTime PackageName = com.example.bottombartest runtime:26883972
07-21 22:04:41.100 E/FindCurApp( 8482): CAWARENESS: appInWhiteList illegal parameters
07-21 22:04:41.100 I/FindCurApp( 8482): CAWARENESS: appRuningLog,getAppRunTotalTime PackageName = com.huawei.HwMultiScreenShot runtime:11081
07-21 22:04:41.100 E/FindCurApp( 8482): CAWARENESS: appInWhiteList illegal parameters
07-21 22:04:41.100 I/FindCurApp( 8482): CAWARENESS: appRuningLog,getAppRunTotalTime PackageName = com.huawei.browser runtime:495278
07-21 22:04:41.101 E/FindCurApp( 8482): CAWARENESS: appInWhiteList illegal parameters
07-21 22:04:41.101 I/FindCurApp( 8482): CAWARENESS: appRuningLog,getAppRunTotalTime PackageName = com.ke.ketalk runtime:7565736
07-21 22:04:41.101 E/FindCurApp( 8482): CAWARENESS: appInWhiteList illegal parameters
07-21 22:04:41.101 I/FindCurApp( 8482): CAWARENESS: appRuningLog,getAppRunTotalTime PackageName = com.alibaba.android.rimet runtime:101523
07-21 22:04:41.101 E/FindCurApp( 8482): CAWARENESS: appInWhiteList illegal parameters
07-21 22:04:41.101 I/FindCurApp( 8482): CAWARENESS: appRuningLog,getAppRunTotalTime PackageName = com.example.test2 runtime:966623
07-21 22:04:41.101 E/FindCurApp( 8482): CAWARENESS: appInWhiteList illegal parameters
07-21 22:04:41.101 I/FindCurApp( 8482): CAWARENESS: appRuningLog,getAppRunTotalTime PackageName = com.tencent.karaoke runtime:422828
07-21 22:04:41.101 E/FindCurApp( 8482): CAWARENESS: appInWhiteList illegal parameters
07-21 22:04:41.101 I/FindCurApp( 8482): CAWARENESS: appRuningLog,getAppRunTotalTime PackageName = com.android.contacts runtime:1847133
07-21 22:04:41.101 E/FindCurApp( 8482): CAWARENESS: appInWhiteList illegal parameters
07-21 22:04:41.101 I/FindCurApp( 8482): CAWARENESS: appRuningLog,getAppRunTotalTime PackageName = com.huawei.systemmanager runtime:30676
07-21 22:04:41.101 E/FindCurApp( 8482): CAWARENESS: appInWhiteList illegal parameters
07-21 22:04:41.101 I/FindCurApp( 8482): CAWARENESS: appRuningLog,getAppRunTotalTime PackageName = com.huawei.hitouch runtime:2768
07-21 22:04:41.101 E/FindCurApp( 8482): CAWARENESS: appInWhiteList illegal parameters
07-21 22:04:41.101 I/FindCurApp( 8482): CAWARENESS: appRuningLog,getAppRunTotalTime PackageName = com.android.packageinstaller runtime:3164668
07-21 22:04:41.101 E/FindCurApp( 8482): CAWARENESS: appInWhiteList illegal parameters
07-21 22:04:41.101 I/FindCurApp( 8482): CAWARENESS: appRuningLog,getAppRunTotalTime PackageName = com.android.bluetooth runtime:1183
07-21 22:04:41.101 E/FindCurApp( 8482): CAWARENESS: appInWhiteList illegal parameters
07-21 22:04:41.101 I/FindCurApp( 8482): CAWARENESS: appRuningLog,getAppRunTotalTime PackageName = com.huawei.hisuite runtime:280369
07-21 22:04:41.101 E/FindCurApp( 8482): CAWARENESS: appInWhiteList illegal parameters
07-21 22:04:41.101 I/FindCurApp( 8482): CAWARENESS: appRuningLog,getAppRunTotalTime PackageName = com.amap.trackdemo runtime:1194
07-21 22:04:41.101 E/FindCurApp( 8482): CAWARENESS: appInWhiteList illegal parameters
07-21 22:04:41.101 I/FindCurApp( 8482): CAWARENESS: appRuningLog,getAppRunTotalTime PackageName = com.homelink.im runtime:11823599
07-21 22:04:41.101 E/FindCurApp( 8482): CAWARENESS: appInWhiteList illegal parameters
07-21 22:04:41.101 I/FindCurApp( 8482): CAWARENESS: appRuningLog,getAppRunTotalTime PackageName = com.baidu.searchbox runtime:20443
07-21 22:04:41.101 E/FindCurApp( 8482): CAWARENESS: appInWhiteList illegal parameters
07-21 22:04:41.101 I/FindCurApp( 8482): CAWARENESS: appRuningLog,getAppRunTotalTime PackageName = com.android.gallery3d runtime:313781
07-21 22:04:41.101 E/FindCurApp( 8482): CAWARENESS: appInWhiteList illegal parameters
07-21 22:04:41.101 I/FindCurApp( 8482): CAWARENESS: appRuningLog,getAppRunTotalTime PackageName = com.android.mms runtime:2474
07-21 22:04:41.101 E/FindCurApp( 8482): CAWARENESS: appInWhiteList illegal parameters
07-21 22:04:41.101 I/FindCurApp( 8482): CAWARENESS: appRuningLog,getAppRunTotalTime PackageName = com.huawei.android.internal.app runtime:25316
07-21 22:04:41.101 E/FindCurApp( 8482): CAWARENESS: appInWhiteList illegal parameters
07-21 22:04:41.101 I/FindCurApp( 8482): CAWARENESS: appRuningLog,getAppRunTotalTime PackageName = com.wlf.demo runtime:4702239
07-21 22:04:41.101 E/FindCurApp( 8482): CAWARENESS: appInWhiteList illegal parameters
07-21 22:04:41.101 I/FindCurApp( 8482): CAWARENESS: appRuningLog,getAppRunTotalTime PackageName = com.james.motion runtime:6036568
07-21 22:04:41.101 E/FindCurApp( 8482): CAWARENESS: appInWhiteList illegal parameters
07-21 22:04:41.102 I/FindCurApp( 8482): CAWARENESS: appRuningLog,getAppRunTotalTime PackageName = com.example.customwebview runtime:308419
07-21 22:04:41.102 E/FindCurApp( 8482): CAWARENESS: appInWhiteList illegal parameters
07-21 22:04:41.102 I/FindCurApp( 8482): CAWARENESS: appRuningLog,getAppRunTotalTime PackageName = com.android.settings runtime:335489
07-21 22:04:41.102 E/FindCurApp( 8482): CAWARENESS: appInWhiteList illegal parameters
07-21 22:04:41.102 I/FindCurApp( 8482): CAWARENESS: appRuningLog,getAppRunTotalTime PackageName = com.lianjia.alliance runtime:285926
07-21 22:04:41.102 E/FindCurApp( 8482): CAWARENESS: appInWhiteList illegal parameters
07-21 22:04:41.102 I/FindCurApp( 8482): CAWARENESS: appRuningLog,getAppRunTotalTime PackageName = com.huawei.camera runtime:303025
07-21 22:04:41.102 E/FindCurApp( 8482): CAWARENESS: appInWhiteList illegal parameters
07-21 22:04:41.102 E/FindCurApp( 8482): CAWARENESS: appInWhiteList illegal parameters
07-21 22:04:41.102 I/FindCurApp( 8482): CAWARENESS: updateAppRunTotalTime in counting period
07-21 22:04:41.102 I/FindCurApp( 8482): CAWARENESS: getAppsRunningTotalTime within time
07-21 22:04:41.169 W/migration/7(   53): type=1400 audit(0.0:279517): avc: granted { setsched } for pid=53 scontext=u:r:kernel:s0 tcontext=u:r:kernel:s0 tclass=process
07-21 22:04:41.169 W/migration/6(   47): type=1400 audit(0.0:279518): avc: granted { setsched } for pid=47 scontext=u:r:kernel:s0 tcontext=u:r:kernel:s0 tclass=process
07-21 22:04:41.608 I/netd    (  672): trafficSwapActiveStatsMap() <33.80ms>
07-21 22:04:42.116 I/chatty  ( 1687): uid=1000(system) Binder:1687_5 expire 29 lines
07-21 22:04:42.185 W/migration/6(   47): type=1400 audit(0.0:279519): avc: granted { setsched } for pid=47 scontext=u:r:kernel:s0 tcontext=u:r:kernel:s0 tclass=process
07-21 22:04:42.185 W/migration/7(   53): type=1400 audit(0.0:279520): avc: granted { setsched } for pid=53 scontext=u:r:kernel:s0 tcontext=u:r:kernel:s0 tclass=process
07-21 22:04:42.321 W/migration/7(   53): type=1400 audit(0.0:279521): avc: granted { setsched } for pid=53 scontext=u:r:kernel:s0 tcontext=u:r:kernel:s0 tclass=process
07-21 22:04:42.321 W/migration/6(   47): type=1400 audit(0.0:279522): avc: granted { setsched } for pid=47 scontext=u:r:kernel:s0 tcontext=u:r:kernel:s0 tclass=process
07-21 22:04:42.465 I/chatty  ( 1687): uid=1000 system_server expire 2 lines
07-21 22:04:42.466 I/chatty  ( 1687): uid=1000 system_server expire 1 line
07-21 22:04:42.468 I/chatty  ( 1687): uid=1000(system) MobileQosDetect expire 14 lines
07-21 22:04:43.366 I/chatty  ( 1687): uid=1000(system) monitor thread expire 9 lines
07-21 22:04:43.598 E/WifiHAL (  725): enter wifi_get_link_stats
07-21 22:04:43.619 W/PhoneInterfaceManager( 3449): shouldBlockLocation running ...
07-21 22:04:43.619 I/PhoneInterfaceManager( 3449): shouldBlockLocation  ret:false
07-21 22:04:44.949 W/migration/6(   47): type=1400 audit(0.0:279523): avc: granted { setsched } for pid=47 scontext=u:r:kernel:s0 tcontext=u:r:kernel:s0 tclass=process
07-21 22:04:45.049 W/migration/6(   47): type=1400 audit(0.0:279524): avc: granted { setsched } for pid=47 scontext=u:r:kernel:s0 tcontext=u:r:kernel:s0 tclass=process
07-21 22:04:46.470 I/chatty  ( 1687): uid=1000 system_server expire 2 lines
07-21 22:04:46.471 I/chatty  ( 1687): uid=1000 system_server expire 1 line
07-21 22:04:46.622 E/WifiHAL (  725): enter wifi_get_link_stats
07-21 22:04:46.634 W/PhoneInterfaceManager( 3449): shouldBlockLocation running ...
07-21 22:04:46.634 I/PhoneInterfaceManager( 3449): shouldBlockLocation  ret:false
07-21 22:04:46.640 I/netd    (  672): trafficSwapActiveStatsMap() <15.75ms>
07-21 22:04:48.420 I/netd    (  672): trafficSwapActiveStatsMap() <11.75ms>
07-21 22:04:49.639 E/WifiHAL (  725): enter wifi_get_link_stats
07-21 22:04:49.660 W/PhoneInterfaceManager( 3449): shouldBlockLocation running ...
07-21 22:04:49.661 I/PhoneInterfaceManager( 3449): shouldBlockLocation  ret:false
07-21 22:04:50.465 I/chatty  ( 1687): uid=1000(system) WifiService expire 45 lines
07-21 22:04:50.465 I/chatty  ( 1687): uid=1000 system_server expire 2 lines
07-21 22:04:50.465 I/chatty  ( 1687): uid=1000(system) HuaweiWifiWatch expire 18 lines
07-21 22:04:50.467 I/chatty  ( 1687): uid=1000 system_server expire 1 line
07-21 22:04:50.470 I/chatty  ( 1687): uid=1000(system) MobileQosDetect expire 19 lines
07-21 22:04:51.668 I/netd    (  672): trafficSwapActiveStatsMap() <13.57ms>
07-21 22:04:52.665 E/WifiHAL (  725): enter wifi_get_link_stats
07-21 22:04:52.669 I/chatty  ( 1687): uid=1000(system) ClientModeImpl expire 15 lines
07-21 22:04:52.678 W/PhoneInterfaceManager( 3449): shouldBlockLocation running ...
07-21 22:04:52.679 I/PhoneInterfaceManager( 3449): shouldBlockLocation  ret:false
07-21 22:04:52.773 W/migration/6(   47): type=1400 audit(0.0:279525): avc: granted { setsched } for pid=47 scontext=u:r:kernel:s0 tcontext=u:r:kernel:s0 tclass=process
07-21 22:04:52.877 W/migration/6(   47): type=1400 audit(0.0:279526): avc: granted { setsched } for pid=47 scontext=u:r:kernel:s0 tcontext=u:r:kernel:s0 tclass=process
07-21 22:04:53.521 I/TimeController( 8482): CAWARENESS: releaseMemory() totalPss : 23844
07-21 22:04:53.521 I/TimeController( 8482): CAWARENESS: releaseMemory() release memory now
07-21 22:04:53.525 W/migration/6(   47): type=1400 audit(0.0:279527): avc: granted { setsched } for pid=47 scontext=u:r:kernel:s0 tcontext=u:r:kernel:s0 tclass=process
07-21 22:04:53.525 W/migration/7(   53): type=1400 audit(0.0:279528): avc: granted { setsched } for pid=53 scontext=u:r:kernel:s0 tcontext=u:r:kernel:s0 tclass=process
07-21 22:04:53.539 I/i.engineservic( 8482): Explicit concurrent copying GC freed 4881(272KB) AllocSpace objects, 0(0B) LOS objects, 71% free, 2411KB/8555KB, paused 43us total 17.726ms
07-21 22:04:53.637 W/migration/7(   53): type=1400 audit(0.0:279529): avc: granted { setsched } for pid=53 scontext=u:r:kernel:s0 tcontext=u:r:kernel:s0 tclass=process
07-21 22:04:53.637 W/migration/6(   47): type=1400 audit(0.0:279530): avc: granted { setsched } for pid=47 scontext=u:r:kernel:s0 tcontext=u:r:kernel:s0 tclass=process
07-21 22:04:54.328 I/chatty  ( 1687): uid=1000(system) AlarmManager expire 7 lines
07-21 22:04:54.338 I/chatty  (32120): uid=10213(com.homelink.im) expire 9 lines
07-21 22:04:54.366 E/HSM_BG  ( 5758): SimCardManager:getPhoneSimCardInfo, imsi is null
07-21 22:04:54.366 W/HSM_BG  ( 5758): HsmMonitorDetectorTrigger:startTrafficDetect , simCardInfo or triggerType is null !
07-21 22:04:54.477 I/chatty  ( 1687): uid=1000 system_server expire 2 lines
07-21 22:04:54.478 I/chatty  ( 1687): uid=1000 system_server expire 1 line
07-21 22:04:54.961 I/chatty  (32120): uid=10213(com.homelink.im) MsgSyncService expire 210 lines
07-21 22:04:54.980 I/chatty  ( 1687): uid=1000(system) Binder:1687_E expire 2 lines
07-21 22:04:55.683 E/WifiHAL (  725): enter wifi_get_link_stats
07-21 22:04:55.704 W/PhoneInterfaceManager( 3449): shouldBlockLocation running ...
07-21 22:04:55.704 I/PhoneInterfaceManager( 3449): shouldBlockLocation  ret:false
07-21 22:04:56.514 I/chatty  ( 1687): uid=1000 system_server expire 1 line
07-21 22:04:56.518 W/KeyguardUpdateMonitor( 2814): ACTION_BATTERY_CHANGED AMP: 900000; Volt: 5155000
07-21 22:04:56.519 I/chatty  ( 3111): uid=1000(system) com.huawei.systemserver expire 3 lines
07-21 22:04:56.520 I/DataSrv-10.5.0.301-O-0528-22:45-OOBEUtil(11369): agreeOOBEPolicy agree:true ,oobeStatus:1
07-21 22:04:56.520 I/DataSrv-10.5.0.301-O-0528-22:45-VSimDynamicBroadcastReceiver(11369): reveive broadcast:android.intent.action.BATTERY_CHANGED
07-21 22:04:56.520 I/DataSrv-10.5.0.301-O-0528-22:45-BusinessAsyncExecutor(11369): processBroadcast
07-21 22:04:56.520 I/DataSrv-10.5.0.301-O-0528-22:45-BusinessAsyncExecutor(11369): processBroadcast do
07-21 22:04:56.521 I/DataSrv-10.5.0.301-O-0528-22:45-VSimServiceImpl(11369): Battery changed! Current status; 5
07-21 22:04:56.523 I/chatty  ( 3392): uid=1000(system) OdmfCtrlThread expire 10 lines
07-21 22:04:56.525 I/CloudAlbumSDK[10.6.0.302].NetBatteryManager(13577): onReceive action: android.intent.action.BATTERY_CHANGED
07-21 22:04:56.526 I/chatty  ( 3130): uid=1000(system) Binder:3130_E expire 5 lines
07-21 22:04:56.527 W/MagazineUtils( 2814): check active connect, state = 1,isMeteredWifi:false
07-21 22:04:56.531 I/chatty  ( 3169): uid=1000(system) Binder:3169_10 expire 3 lines
07-21 22:04:56.532 I/HwNaturalBase( 3169): [Binder:3169_10]: KvDataManager put userId is 0
07-21 22:04:56.532 D/HwNaturalBase( 3169): [Binder:3169_10]: put
07-21 22:04:56.536 E/Thermal-daemon:hw_thermal(  909): [rfboard] temp_new :33  temp_old :32
07-21 22:04:56.537 E/Thermal-daemon:hw_thermal(  909): Report temperature: [rfboard] temp :33  report_threshold:1
07-21 22:04:56.537 E/Thermal-daemon:hw_thermal(  909): [charger_ic] temp_new :35  temp_old :34
07-21 22:04:56.538 E/Thermal-daemon:hw_thermal(  909): Report temperature: [charger_ic] temp :35  report_threshold:1
07-21 22:04:56.540 I/DataSrv-10.5.0.301-O-0528-22:45-FenceData(11369): getListFromDBCursor size: 74
07-21 22:04:56.541 I/DataSrv-10.5.0.301-O-0528-22:45-FenceDataFlow(11369): All fence data has updated. No need to update.
07-21 22:04:56.542 W/KeyguardUpdateMonitor( 2814): ChargingSpeed  Wattage: 4639500 ST: 5000000 --> 7500000
07-21 22:04:56.542 I/KgBattery( 2814): BatteryInfo updated:  5lPC0
07-21 22:04:56.542 W/StyleController( 2814): updateBatteryInfo CHARGING --> CHARGING 495659279
07-21 22:04:56.542 W/HwLockScreenPanel( 2814): Handle message: 100
07-21 22:04:56.542 W/HwLockScreenPanel( 2814): refreshBatteryInfo: null
07-21 22:04:56.542 W/StyleController( 2814): updateBatteryInfo CHARGING --> CHARGING 495659279
07-21 22:04:56.625 W/migration/6(   47): type=1400 audit(0.0:279531): avc: granted { setsched } for pid=47 scontext=u:r:kernel:s0 tcontext=u:r:kernel:s0 tclass=process
07-21 22:04:56.625 W/migration/7(   53): type=1400 audit(0.0:279532): avc: granted { setsched } for pid=53 scontext=u:r:kernel:s0 tcontext=u:r:kernel:s0 tclass=process
07-21 22:04:56.662 I/HwNaturalBase( 3169): [Binder:3169_10]: Database monitor for dsKvData is enabled, threshold: 100Mb, action: 0.
07-21 22:04:56.662 I/HwNaturalBase( 3169): [Binder:3169_10]: dsKvData's size is 0M.
07-21 22:04:56.663 I/HwNaturalBase( 3169): [Binder:3169_10]: DataManager-0: DbEngine for dsKvData is reopened.
07-21 22:04:56.663 I/HwNaturalBase( 3169): [Binder:3169_10]: checkPermission start
07-21 22:04:56.663 I/HwNaturalBase( 3169): [Binder:3169_10]: checkOwnerAndPrimaryKey true.
07-21 22:04:56.663 I/HwNaturalBase( 3169): [Binder:3169_10]: oldRecord is not null
07-21 22:04:56.663 D/HwNaturalBase( 3169): [Binder:3169_10]: updateValueByKey
07-21 22:04:56.663 I/HwNaturalBase( 3169): [Binder:3169_10]: updateValueByKeyInternal start
07-21 22:04:56.663 I/HwNaturalBase( 3169): [Binder:3169_10]: updateValueByKeyInternal start
07-21 22:04:56.663 I/HwNaturalBase( 3169): [Binder:3169_10]: remove the old of battery_left
07-21 22:04:56.663 I/HwNaturalBase( 3169): [Binder:3169_10]: add the new of battery_left
07-21 22:04:56.708 I/netd    (  672): trafficSwapActiveStatsMap() <25.61ms>
07-21 22:04:56.756 I/HwNaturalBase( 3169): [Binder:3169_10]: Database monitor for dsCollectEncrypt is enabled, threshold: 100Mb, action: 0.
07-21 22:04:56.756 I/HwNaturalBase( 3169): [Binder:3169_10]: dsCollectEncrypt's size is 0M.
07-21 22:04:56.757 I/HwNaturalBase( 3169): [Binder:3169_10]: DataManager-0: DbEngine for dsCollectEncrypt is reopened.
07-21 22:04:56.909 W/migration/7(   53): type=1400 audit(0.0:279533): avc: granted { setsched } for pid=53 scontext=u:r:kernel:s0 tcontext=u:r:kernel:s0 tclass=process
07-21 22:04:56.909 W/migration/6(   47): type=1400 audit(0.0:279534): avc: granted { setsched } for pid=47 scontext=u:r:kernel:s0 tcontext=u:r:kernel:s0 tclass=process
07-21 22:04:57.872 D/WorkerThreadMonitor(21568): Kill MSF check result[ senderSize:0,sendInterval:2612712,receiveInterval=2612712,addCmdCount=0
07-21 22:04:58.448 I/netd    (  672): trafficSwapActiveStatsMap() <11.40ms>
07-21 22:04:58.481 I/chatty  ( 1687): uid=1000 system_server expire 2 lines
07-21 22:04:58.482 I/chatty  ( 1687): uid=1000 system_server expire 1 line
07-21 22:04:58.708 E/WifiHAL (  725): enter wifi_get_link_stats
07-21 22:04:58.719 W/PhoneInterfaceManager( 3449): shouldBlockLocation running ...
07-21 22:04:58.719 I/PhoneInterfaceManager( 3449): shouldBlockLocation  ret:false
07-21 22:04:59.520 I/chatty  ( 1687): uid=1000(system) GC expire 5 lines
07-21 22:04:59.625 W/migration/6(   47): type=1400 audit(0.0:279535): avc: granted { setsched } for pid=47 scontext=u:r:kernel:s0 tcontext=u:r:kernel:s0 tclass=process
07-21 22:04:59.625 W/migration/7(   53): type=1400 audit(0.0:279536): avc: granted { setsched } for pid=53 scontext=u:r:kernel:s0 tcontext=u:r:kernel:s0 tclass=process
07-21 22:04:59.809 W/migration/7(   53): type=1400 audit(0.0:279537): avc: granted { setsched } for pid=53 scontext=u:r:kernel:s0 tcontext=u:r:kernel:s0 tclass=process
07-21 22:04:59.809 W/migration/6(   47): type=1400 audit(0.0:279538): avc: granted { setsched } for pid=47 scontext=u:r:kernel:s0 tcontext=u:r:kernel:s0 tclass=process
07-21 22:05:00.003 W/ClockView1( 2814):  action android.intent.action.TIME_TICK
07-21 22:05:00.004 W/ClockView1( 2814):  action android.intent.action.TIME_TICK
07-21 22:05:00.004 E/DateView( 2814): DateView,mCurrentTime: 1595340300004
07-21 22:05:00.007 E/ndroid.systemu( 2814): No package ID ff found for ID 0xffffffff.
07-21 22:05:00.009 E/ndroid.systemu( 2814): No package ID ff found for ID 0xffffffff.
07-21 22:05:00.010 W/ClockView1( 2814): onreceive tz is Asia/Shanghai time:Tue Jul 21 22:05:00 GMT+08:00 2020 timezone:libcore.util.ZoneInfo[id="Asia/Shanghai",mRawOffset=28800000,mEarliestRawOffset=28800000,mUseDst=false,mDstSavings=0,transitions=28]
07-21 22:05:00.011 W/ClockView1( 2814): onreceive tz is Asia/Shanghai time:Tue Jul 21 22:05:00 GMT+08:00 2020 timezone:libcore.util.ZoneInfo[id="Asia/Shanghai",mRawOffset=28800000,mEarliestRawOffset=28800000,mUseDst=false,mDstSavings=0,transitions=28]
07-21 22:05:00.104 W/HwLockScreenPanel( 2814): Handle message: 133
07-21 22:05:00.106 W/HwLockScreenPanel( 2814): Handle message: 133
07-21 22:05:01.539 E/Thermal-daemon:hw_thermal(  909): [rfboard] temp_new :32  temp_old :33
07-21 22:05:01.540 E/Thermal-daemon:hw_thermal(  909): Report temperature: [rfboard] temp :32  report_threshold:1
07-21 22:05:01.541 E/Thermal-daemon:hw_thermal(  909): [charger_ic] temp_new :34  temp_old :35
07-21 22:05:01.541 E/Thermal-daemon:hw_thermal(  909): Report temperature: [charger_ic] temp :34  report_threshold:1
07-21 22:05:01.725 E/WifiHAL (  725): enter wifi_get_link_stats
07-21 22:05:01.736 I/netd    (  672): trafficSwapActiveStatsMap() <12.39ms>
07-21 22:05:01.747 W/PhoneInterfaceManager( 3449): shouldBlockLocation running ...
07-21 22:05:01.747 I/PhoneInterfaceManager( 3449): shouldBlockLocation  ret:false
07-21 22:05:02.476 I/chatty  ( 1687): uid=1000(system) HuaweiWifiWatch expire 20 lines
07-21 22:05:02.477 I/chatty  ( 1687): uid=1000(system) WifiService expire 47 lines
07-21 22:05:02.479 I/chatty  ( 1687): uid=1000 system_server expire 2 lines
07-21 22:05:02.480 I/chatty  ( 1687): uid=1000 system_server expire 1 line
07-21 22:05:03.014 I/chatty  ( 3111): uid=1000(system) OllieServiceThr expire 27 lines
07-21 22:05:04.753 E/WifiHAL (  725): enter wifi_get_link_stats
07-21 22:05:04.758 I/chatty  ( 1687): uid=1000(system) ClientModeImpl expire 15 lines
07-21 22:05:04.767 W/PhoneInterfaceManager( 3449): shouldBlockLocation running ...
07-21 22:05:04.768 I/PhoneInterfaceManager( 3449): shouldBlockLocation  ret:false
07-21 22:05:06.490 I/chatty  ( 1687): uid=1000 system_server expire 2 lines
07-21 22:05:06.491 I/chatty  ( 1687): uid=1000 system_server expire 1 line
07-21 22:05:06.543 E/Thermal-daemon:hw_thermal(  909): [rfboard] temp_new :33  temp_old :32
07-21 22:05:06.544 E/Thermal-daemon:hw_thermal(  909): Report temperature: [rfboard] temp :33  report_threshold:1
07-21 22:05:06.760 I/netd    (  672): trafficSwapActiveStatsMap() <8.82ms>
07-21 22:05:07.054 I/HwNaturalBase( 3169): [CommonHandler]: 40703Kb ram is used.
07-21 22:05:07.772 E/WifiHAL (  725): enter wifi_get_link_stats
07-21 22:05:07.792 W/PhoneInterfaceManager( 3449): shouldBlockLocation running ...
07-21 22:05:07.792 I/PhoneInterfaceManager( 3449): shouldBlockLocation  ret:false
07-21 22:05:08.416 I/HwNaturalBase( 3169): [Timer-1]: MultiUserManagerService:  getNotActiveUser start
07-21 22:05:08.480 I/netd    (  672): trafficSwapActiveStatsMap() <19.51ms>
07-21 22:05:08.664 E/Thermal-daemon:ambient(  909): calc_ambient_temp: median filter output 28680
07-21 22:05:08.664 E/Thermal-daemon:ambient(  909): ambient_sample: write temp 28680 to ambient node
07-21 22:05:10.490 I/chatty  ( 1687): uid=1000 system_server expire 2 lines
07-21 22:05:10.492 I/chatty  ( 1687): uid=1000 system_server expire 1 line
07-21 22:05:10.796 E/WifiHAL (  725): enter wifi_get_link_stats
07-21 22:05:10.807 W/PhoneInterfaceManager( 3449): shouldBlockLocation running ...
07-21 22:05:10.808 I/PhoneInterfaceManager( 3449): shouldBlockLocation  ret:false
07-21 22:05:11.784 I/netd    (  672): trafficSwapActiveStatsMap() <9.76ms>
07-21 22:05:13.162 I/storaged(  908): storaged_t::event: storage_info refreshed.
07-21 22:05:13.365 I/chatty  ( 1687): uid=1000(system) Binder:1687_5 expire 11 lines
07-21 22:05:13.813 E/WifiHAL (  725): enter wifi_get_link_stats
07-21 22:05:13.833 W/PhoneInterfaceManager( 3449): shouldBlockLocation running ...
07-21 22:05:13.833 I/PhoneInterfaceManager( 3449): shouldBlockLocation  ret:false
07-21 22:05:14.115 I/Finsky  ( 7489): [5366] fzk.run(36): Stats for Executor: BlockingExecutor gbi@faf18f5[Running, pool size = 0, active threads = 0, queued tasks = 0, completed tasks = 56]
07-21 22:05:14.115 I/Finsky  ( 7489): [5366] fzk.run(36): Stats for Executor: LightweightExecutor gbi@9a6768a[Running, pool size = 4, active threads = 0, queued tasks = 0, completed tasks = 69]
07-21 22:05:14.165 I/Finsky  ( 7489): [5366] fzk.run(36): Stats for Executor: bgExecutor gbi@cbab4fb[Running, pool size = 4, active threads = 0, queued tasks = 0, completed tasks = 143]
07-21 22:05:14.487 I/chatty  ( 1687): uid=1000(system) HuaweiWifiWatch expire 32 lines
07-21 22:05:14.488 I/chatty  ( 1687): uid=1000(system) WifiService expire 77 lines
07-21 22:05:14.488 I/chatty  ( 1687): uid=1000 system_server expire 2 lines
07-21 22:05:14.489 I/chatty  ( 1687): uid=1000 system_server expire 1 line
07-21 22:05:14.586 W/TelephonyPermissions( 3449): reportAccessDeniedToReadIdentifiers:com.homelink.im:getUniqueDeviceId:isPreinstalled=false:isPrivApp=false
07-21 22:05:14.726 I/chatty  (32120): uid=10213(com.homelink.im) LJThreadPool-4 expire 2 lines
07-21 22:05:14.811 I/chatty  (32120): uid=10213(com.homelink.im) HaiShen-Upload- expire 1 line
07-21 22:05:15.182 I/chatty  (32120): uid=10213(com.homelink.im) MsgSyncService expire 283 lines
07-21 22:05:16.808 I/netd    (  672): trafficSwapActiveStatsMap() <9.02ms>
07-21 22:05:16.839 E/WifiHAL (  725): enter wifi_get_link_stats
07-21 22:05:16.850 I/chatty  ( 1687): uid=1000(system) ClientModeImpl expire 22 lines
07-21 22:05:16.860 W/PhoneInterfaceManager( 3449): shouldBlockLocation running ...
07-21 22:05:16.860 I/PhoneInterfaceManager( 3449): shouldBlockLocation  ret:false
07-21 22:05:17.621 I/aptouch_daemon(  840): check_afe_status, afe[238 120 X1] [ctrl:X40020 ftr:X140] dif[80 -12] raw[32864 32644] [exp:X0 aN:0 lo:0]
07-21 22:05:18.502 I/chatty  ( 1687): uid=1000 system_server expire 2 lines
07-21 22:05:18.503 I/chatty  ( 1687): uid=1000 system_server expire 1 line
07-21 22:05:18.518 I/netd    (  672): trafficSwapActiveStatsMap() <24.84ms>
07-21 22:05:19.378 I/chatty  (32120): uid=10213(com.homelink.im) expire 4 lines
07-21 22:05:19.865 E/WifiHAL (  725): enter wifi_get_link_stats
07-21 22:05:19.885 W/PhoneInterfaceManager( 3449): shouldBlockLocation running ...
07-21 22:05:19.885 I/PhoneInterfaceManager( 3449): shouldBlockLocation  ret:false
07-21 22:05:21.852 I/netd    (  672): trafficSwapActiveStatsMap() <29.57ms>
07-21 22:05:21.910 D/SensorHub(  925): Get acc data 0.071271, 1.274970, 9.696699
07-21 22:05:22.505 I/chatty  ( 1687): uid=1000 system_server expire 2 lines
07-21 22:05:22.506 I/chatty  ( 1687): uid=1000 system_server expire 1 line
07-21 22:05:22.888 E/WifiHAL (  725): enter wifi_get_link_stats
07-21 22:05:22.900 W/PhoneInterfaceManager( 3449): shouldBlockLocation running ...
07-21 22:05:22.900 I/PhoneInterfaceManager( 3449): shouldBlockLocation  ret:false
07-21 22:05:24.402 I/chatty  (32120): uid=10213(com.homelink.im) expire 4 lines
07-21 22:05:25.905 E/WifiHAL (  725): enter wifi_get_link_stats
07-21 22:05:25.926 W/PhoneInterfaceManager( 3449): shouldBlockLocation running ...
07-21 22:05:25.926 I/PhoneInterfaceManager( 3449): shouldBlockLocation  ret:false
07-21 22:05:26.500 I/chatty  ( 1687): uid=1000 system_server expire 2 lines
07-21 22:05:26.502 I/chatty  ( 1687): uid=1000 system_server expire 1 line
07-21 22:05:26.574 E/bastetd (  923): [ProxySocket    ] NotifySocketErrState# No record found by comm prop, state=196619
07-21 22:05:26.887 I/netd    (  672): trafficSwapActiveStatsMap() <20.70ms>
07-21 22:05:28.544 I/netd    (  672): trafficSwapActiveStatsMap() <9.68ms>
07-21 22:05:28.929 E/WifiHAL (  725): enter wifi_get_link_stats
07-21 22:05:28.951 W/PhoneInterfaceManager( 3449): shouldBlockLocation running ...
07-21 22:05:28.951 I/PhoneInterfaceManager( 3449): shouldBlockLocation  ret:false
07-21 22:05:30.316 I/chatty  ( 1687): uid=1000(system) UEventObserver expire 7 lines
07-21 22:05:30.514 I/chatty  ( 1687): uid=1000 system_server expire 2 lines
07-21 22:05:30.515 I/chatty  ( 1687): uid=1000 system_server expire 1 line
07-21 22:05:31.925 I/netd    (  672): trafficSwapActiveStatsMap() <22.29ms>
07-21 22:05:31.954 E/WifiHAL (  725): enter wifi_get_link_stats
07-21 22:05:31.969 W/PhoneInterfaceManager( 3449): shouldBlockLocation running ...
07-21 22:05:31.969 I/PhoneInterfaceManager( 3449): shouldBlockLocation  ret:false
07-21 22:05:33.536 I/chatty  ( 1687): uid=1000(system) WifiService expire 44 lines
07-21 22:05:34.513 I/chatty  ( 1687): uid=1000(system) ClientModeImpl expire 15 lines
07-21 22:05:34.517 I/chatty  ( 1687): uid=1000(system) HuaweiWifiWatch expire 20 lines
07-21 22:05:34.518 I/chatty  ( 1687): uid=1000 system_server expire 2 lines
07-21 22:05:34.519 I/chatty  ( 1687): uid=1000 system_server expire 1 line
07-21 22:05:34.972 E/WifiHAL (  725): enter wifi_get_link_stats
07-21 22:05:34.984 W/PhoneInterfaceManager( 3449): shouldBlockLocation running ...
07-21 22:05:34.984 I/PhoneInterfaceManager( 3449): shouldBlockLocation  ret:false
07-21 22:05:35.389 I/chatty  (32120): uid=10213(com.homelink.im) MsgSyncService expire 137 lines
07-21 22:05:35.413 I/chatty  ( 1687): uid=1000(system) Binder:1687_14 expire 13 lines
07-21 22:05:36.956 I/netd    (  672): trafficSwapActiveStatsMap() <15.17ms>
07-21 22:05:37.369 I/chatty  ( 1687): uid=1000(system) monitor thread expire 3 lines
07-21 22:05:37.991 E/WifiHAL (  725): enter wifi_get_link_stats
07-21 22:05:38.011 W/PhoneInterfaceManager( 3449): shouldBlockLocation running ...
07-21 22:05:38.012 I/PhoneInterfaceManager( 3449): shouldBlockLocation  ret:false
07-21 22:05:38.513 I/chatty  ( 1687): uid=1000 system_server expire 2 lines
07-21 22:05:38.514 I/chatty  ( 1687): uid=1000(system) MobileQosDetect expire 3 lines
07-21 22:05:38.515 I/chatty  ( 1687): uid=1000 system_server expire 1 line
07-21 22:05:38.518 I/chatty  ( 1687): uid=1000(system) MobileQosDetect expire 10 lines
07-21 22:05:38.592 I/netd    (  672): trafficSwapActiveStatsMap() <35.73ms>
07-21 22:05:40.979 W/HwNaturalBase( 3169): [Timer-2]: Connection to NaturalBase Data Service is closed completely.
07-21 22:05:41.017 E/WifiHAL (  725): enter wifi_get_link_stats
07-21 22:05:41.038 W/PhoneInterfaceManager( 3449): shouldBlockLocation running ...
07-21 22:05:41.038 I/PhoneInterfaceManager( 3449): shouldBlockLocation  ret:false
07-21 22:05:41.988 I/netd    (  672): trafficSwapActiveStatsMap() <16.78ms>
07-21 22:05:42.526 I/chatty  ( 1687): uid=1000 system_server expire 2 lines
07-21 22:05:42.529 I/chatty  ( 1687): uid=1000 system_server expire 1 line
07-21 22:05:44.042 E/WifiHAL (  725): enter wifi_get_link_stats
07-21 22:05:44.062 W/PhoneInterfaceManager( 3449): shouldBlockLocation running ...
07-21 22:05:44.062 I/PhoneInterfaceManager( 3449): shouldBlockLocation  ret:false
07-21 22:05:44.560 I/chatty  ( 1687): uid=1000(system) WifiService expire 54 lines
07-21 22:05:45.472 I/chatty  ( 1687): uid=1000(system) Binder:1687_5 expire 32 lines
07-21 22:05:46.015 I/dubaid  (  895): [DubaiStorage.cpp] DoFlushEntriesBuffer# Flush all entries into database
07-21 22:05:46.526 I/chatty  ( 1687): uid=1000(system) ClientModeImpl expire 16 lines
07-21 22:05:46.529 I/chatty  ( 1687): uid=1000(system) HuaweiWifiWatch expire 21 lines
07-21 22:05:46.530 I/chatty  ( 1687): uid=1000 system_server expire 2 lines
07-21 22:05:46.531 I/chatty  ( 1687): uid=1000 system_server expire 1 line
07-21 22:05:47.024 I/netd    (  672): trafficSwapActiveStatsMap() <21.84ms>
07-21 22:05:47.065 E/WifiHAL (  725): enter wifi_get_link_stats
07-21 22:05:47.077 W/PhoneInterfaceManager( 3449): shouldBlockLocation running ...
07-21 22:05:47.077 I/PhoneInterfaceManager( 3449): shouldBlockLocation  ret:false
07-21 22:05:48.620 I/netd    (  672): trafficSwapActiveStatsMap() <14.62ms>
07-21 22:05:49.748 I/aptouch_daemon(  840): check_idle_status, idle out.
07-21 22:05:49.766 I/aptouch_daemon(  840): print_log, touch:1, down:1 (+0)
07-21 22:05:49.767 I/chatty  ( 1687): uid=1000(system) InputReader expire 8 lines
07-21 22:05:49.774 I/RMS.HwSysResManager( 8183): preloadAppForLauncher packageName com.example.bottombartest preloadType 101
07-21 22:05:49.775 I/        (  896): [Promm]ReadAheadEnd: ReadAhead already end
07-21 22:05:49.776 I/chatty  ( 1687): uid=1000(system) PowerManagerSer expire 6 lines
07-21 22:05:49.798 D/Zygote  (  673): Forked child process 2318
07-21 22:05:49.801 I/chatty  ( 1687): uid=1000(system) ActivityManager expire 1 line
07-21 22:05:49.801 I/chatty  ( 1687): uid=1000(system) MultiTaskManage expire 1 line
07-21 22:05:49.805 I/e.bottombartes( 2318): Late-enabling -Xcheck:jni
07-21 22:05:49.805 W/migration/6(   47): type=1400 audit(0.0:279539): avc: granted { setsched } for pid=47 scontext=u:r:kernel:s0 tcontext=u:r:kernel:s0 tclass=process
07-21 22:05:49.819 I/aptouch_daemon(  840): print_log, touch:0, down:0 
07-21 22:05:49.821 V/AudioManager( 8183): querySoundEffectsEnabled...
07-21 22:05:49.826 D/AwareLog(  918): iawared: pause rcc and gpu compress
07-21 22:05:49.827 I/chatty  ( 3130): uid=1000(system) actions handler expire 11 lines
07-21 22:05:49.825 W/migration/7(   53): type=1400 audit(0.0:279540): avc: granted { setsched } for pid=53 scontext=u:r:kernel:s0 tcontext=u:r:kernel:s0 tclass=process
07-21 22:05:49.831 D/AwareLog(  918): iawared: WorkingsetProcessCommand subCmd = 350, userId=10191, pid=2318, com.example.bottombartest/.activities.SplashActivity
07-21 22:05:49.831 D/AwareLog(  918): iawared: WorkingsetSendPrereadMsg com.example.bottombartest/.activities.SplashActivity
07-21 22:05:49.832 D/AwareLog(  918): iawared: WorkingsetStart com.example.bottombartest/.activities.SplashActivity in monitor0
07-21 22:05:49.832 W/ContentSensor_FrameworkRegistry( 8024): ActivityNotifier unknown state
07-21 22:05:49.833 E/e.bottombartes( 2318): Unknown bits set in runtime_flags: 0x8000
07-21 22:05:49.835 I/chatty  ( 3130): uid=1000(system) Binder:3130_F expire 6 lines
07-21 22:05:49.836 I/Pged-IPgedBinderService(  918): ****action is 1, pid num is 3***
07-21 22:05:49.836 I/Pged-Freezer(  918): freezePids
07-21 22:05:49.836 I/Pged-Freezer(  918): Freeze process: 2276
07-21 22:05:49.836 I/Pged-Freezer(  918): Freeze process: 21568
07-21 22:05:49.837 I/chatty  ( 1687): uid=1000(system) android.anim expire 6 lines
07-21 22:05:49.837 I/chatty  ( 3130): uid=1000(system) fast_hibernatio expire 4 lines
07-21 22:05:49.838 I/chatty  ( 1687): uid=1000(system) android.anim expire 32 lines
07-21 22:05:49.838 I/e.bottombartes( 2318): Reinit property: dalvik.vm.checkjni= false
07-21 22:05:49.838 I/e.bottombartes( 2318): ReInitProperties: persist.vm.debug.dumpapi= false
07-21 22:05:49.838 I/        (  896): [Promm]ReadAheadBegin: ReadAheadBegin, uid is 10191
07-21 22:05:49.838 I/        (  896): [Promm]ReadAheadBegin: bitmap is already exist , now to use.
07-21 22:05:49.838 I/        (  896): [Promm]WriteBitMapFile: WriteBitMapFile
07-21 22:05:49.838 I/        (  896): [Promm]WriteBitMapFile: write bitmap to kernel len 1144 ok
07-21 22:05:49.838 I/chatty  ( 1687): uid=1000(system) HwActivityTaskM expire 18 lines
07-21 22:05:49.838 I/chatty  ( 1687): uid=1000(system) HwActivityTaskM expire 6 lines
07-21 22:05:49.839 W/FrameworkRegistry( 8482): CAWARENESS: ActivityNotifier unknown state
07-21 22:05:49.840 I/chatty  ( 1687): uid=1000(system) android.display expire 5 lines
07-21 22:05:49.840 I/chatty  ( 1687): uid=1000(system) Thread-8 expire 5 lines
07-21 22:05:49.841 I/AppLifeChangeSensor( 8482): CAWARENESS: activityPaused componentName = ComponentInfo{com.huawei.android.launcher/com.huawei.android.launcher.unihome.UniHomeLauncher}
07-21 22:05:49.842 I/chatty  ( 1687): uid=1000 system_server expire 1 line
07-21 22:05:49.847 I/GRALLOC (  693): getCallingPid=732, shrFd=11,fmt=0x1,intFmt=0x1,btStrd=4352,size=10186752,pid=693 
07-21 22:05:49.847 I/GRALLOC (  693): 	 yuv=2,w=1080,h=2340,Stride u=0 v=0,offset u=0 v=0 
07-21 22:05:49.847 I/GRALLOC (  693): 	 iova_size=10186752,conUsg=0x906,proUsg=0x966,	 strd=1088,[afbc]HdrStrd=0 PyldStrd=0 Scrmbl=0, ionhnd = 0 
07-21 22:05:49.848 D/DecorView( 8183): showOrHideHighlightView: hasFocus=false; winMode=1; isMrgNull=true
07-21 22:05:49.858 I/chatty  ( 1687): uid=1000(system) android.ui expire 5 lines
07-21 22:05:49.861 I/ActivityThread( 2318): preloadStatus:1
07-21 22:05:49.865 D/ActivityThread( 2318): Attach thread to application
07-21 22:05:49.871 I/chatty  ( 3130): uid=1000(system) core expire 13 lines
07-21 22:05:49.871 I/chatty  ( 3130): uid=1000(system) sdk thread expire 18 lines
